#
# There is insufficient memory for the Java Runtime Environment to continue.
# Native memory allocation (malloc) failed to allocate 105784 bytes. Error detail: Chunk::new
# Possible reasons:
#   The system is out of physical RAM or swap space
#   This process is running with CompressedOops enabled, and the Java Heap may be blocking the growth of the native heap
# Possible solutions:
#   Reduce memory load on the system
#   Increase physical memory or swap space
#   Check if swap backing store is full
#   Decrease Java heap size (-Xmx/-Xms)
#   Decrease number of Java threads
#   Decrease Java thread stack sizes (-Xss)
#   Set larger code cache with -XX:ReservedCodeCacheSize=
#   JVM is running with Zero Based Compressed Oops mode in which the Java heap is
#     placed in the first 32GB address space. The Java Heap base address is the
#     maximum limit for the native heap growth. Please use -XX:HeapBaseMinAddress
#     to set the Java Heap base and to place the Java Heap above 32GB virtual address.
# This output file may be truncated or incomplete.
#
#  Out of Memory Error (arena.cpp:186), pid=21848, tid=16724
#
# JRE version: OpenJDK Runtime Environment (25.0.2+10) (build 25.0.2+10-69)
# Java VM: OpenJDK 64-Bit Server VM (25.0.2+10-69, mixed mode, sharing, tiered, compressed oops, compressed class ptrs, g1 gc, windows-amd64)
# No core dump will be written. Minidumps are not enabled by default on client versions of Windows
#

---------------  S U M M A R Y ------------

Command Line: --enable-native-access=ALL-UNNAMED --add-exports=javafx.graphics/com.sun.javafx.tk=ALL-UNNAMED --add-exports=javafx.graphics/com.sun.glass.ui=ALL-UNNAMED -Djava.library.path=C:\Users\DELL\IdeaProjects\PiDev\JDBC_workshop/lib:C:\Users\DELL\IdeaProjects\PiDev\JDBC_workshop\target/lib --module-path=C:\Users\DELL\.m2\repository\org\openjfx\javafx-base\21.0.2\javafx-base-21.0.2-win.jar;C:\Users\DELL\.m2\repository\org\openjfx\javafx-base\21.0.2\javafx-base-21.0.2.jar;C:\Users\DELL\.m2\repository\org\openjfx\javafx-controls\21.0.2\javafx-controls-21.0.2-win.jar;C:\Users\DELL\.m2\repository\org\openjfx\javafx-controls\21.0.2\javafx-controls-21.0.2.jar;C:\Users\DELL\.m2\repository\org\openjfx\javafx-fxml\21.0.2\javafx-fxml-21.0.2-win.jar;C:\Users\DELL\.m2\repository\org\openjfx\javafx-fxml\21.0.2\javafx-fxml-21.0.2.jar;C:\Users\DELL\.m2\repository\org\openjfx\javafx-graphics\21.0.2\javafx-graphics-21.0.2-win.jar;C:\Users\DELL\.m2\repository\org\openjfx\javafx-graphics\21.0.2\javafx-graphics-21.0.2.jar;C:\Users\DELL\.m2\repository\org\openjfx\javafx-media\21.0.2\javafx-media-21.0.2-win.jar;C:\Users\DELL\.m2\repository\org\openjfx\javafx-media\21.0.2\javafx-media-21.0.2.jar;C:\Users\DELL\.m2\repository\org\openjfx\javafx-swing\21.0.2\javafx-swing-21.0.2-win.jar;C:\Users\DELL\.m2\repository\org\openjfx\javafx-swing\21.0.2\javafx-swing-21.0.2.jar;C:\Users\DELL\.m2\repository\org\openjfx\javafx-web\21.0.2\javafx-web-21.0.2-win.jar;C:\Users\DELL\.m2\repository\org\openjfx\javafx-web\21.0.2\javafx-web-21.0.2.jar --add-modules=javafx.base,javafx.controls,javafx.fxml,javafx.graphics,javafx.media,javafx.swing,javafx.web test.MainFX

Host: 12th Gen Intel(R) Core(TM) i5-1235U, 12 cores, 23G,  Windows 11 , 64 bit Build 26100 (10.0.26100.7705)
Time: Tue Mar  3 15:04:30 2026 Paris, Madrid elapsed time: 91.786943 seconds (0d 0h 1m 31s)

---------------  T H R E A D  ---------------

Current thread (0x00000284342f2950):  JavaThread "C2 CompilerThread0" daemon [_thread_in_native, id=16724, stack(0x000000c93df00000,0x000000c93e000000) (1024K)]


Current CompileTask:
C2:91787 1588       4       jdk.internal.jimage.ImageLocation::verify (218 bytes)

Stack: [0x000000c93df00000,0x000000c93e000000]
Native frames: (J=compiled Java code, j=interpreted, Vv=VM code, C=native code)
V  [jvm.dll+0x7a70f9]  (no source info available)
V  [jvm.dll+0x772d6d]  (no source info available)
V  [jvm.dll+0x965d53]  (no source info available)
V  [jvm.dll+0x968351]  (no source info available)
V  [jvm.dll+0x968a63]  (no source info available)
V  [jvm.dll+0x2fc846]  (no source info available)
V  [jvm.dll+0x111b16]  (no source info available)
V  [jvm.dll+0x111e3e]  (no source info available)
V  [jvm.dll+0x3818e1]  (no source info available)
V  [jvm.dll+0x6b8fd9]  (no source info available)
V  [jvm.dll+0x2c9d2a]  (no source info available)
V  [jvm.dll+0x2c2265]  (no source info available)
V  [jvm.dll+0x2bfa65]  (no source info available)
V  [jvm.dll+0x2379a0]  (no source info available)
V  [jvm.dll+0x2cfc86]  (no source info available)
V  [jvm.dll+0x2cdf05]  (no source info available)
V  [jvm.dll+0x48e9d1]  (no source info available)
V  [jvm.dll+0x906fcd]  (no source info available)
V  [jvm.dll+0x7a56d5]  (no source info available)
C  [ucrtbase.dll+0x37b0]  (no source info available)
C  [KERNEL32.DLL+0x2e8d7]  (no source info available)
C  [ntdll.dll+0x8c40c]  (no source info available)

Lock stack of current Java thread (top to bottom):


---------------  P R O C E S S  ---------------

Threads class SMR info:
_java_thread_list=0x00000284420e98f0, length=18, elements={
0x0000028414ce5570, 0x00000284342e2cd0, 0x00000284342e3730, 0x00000284342e7800,
0x00000284342e83c0, 0x00000284342e9af0, 0x00000284342ed230, 0x00000284342f2950,
0x00000284342f69b0, 0x000002843b189350, 0x000002843b2d4d50, 0x000002843bdd1d40,
0x000002843ba00400, 0x000002843c1b95d0, 0x000002843c7a1110, 0x000002843b0d3fd0,
0x000002843b0d0760, 0x00000284420b86b0
}

Java Threads: ( => current thread )
  0x0000028414ce5570 JavaThread "main"                              [_thread_blocked, id=23400, stack(0x000000c93d100000,0x000000c93d200000) (1024K)]
  0x00000284342e2cd0 JavaThread "Reference Handler"          daemon [_thread_blocked, id=3316, stack(0x000000c93d900000,0x000000c93da00000) (1024K)]
  0x00000284342e3730 JavaThread "Finalizer"                  daemon [_thread_blocked, id=20168, stack(0x000000c93da00000,0x000000c93db00000) (1024K)]
  0x00000284342e7800 JavaThread "Signal Dispatcher"          daemon [_thread_blocked, id=6352, stack(0x000000c93db00000,0x000000c93dc00000) (1024K)]
  0x00000284342e83c0 JavaThread "Attach Listener"            daemon [_thread_blocked, id=26640, stack(0x000000c93dc00000,0x000000c93dd00000) (1024K)]
  0x00000284342e9af0 JavaThread "Service Thread"             daemon [_thread_blocked, id=16948, stack(0x000000c93dd00000,0x000000c93de00000) (1024K)]
  0x00000284342ed230 JavaThread "Monitor Deflation Thread"   daemon [_thread_blocked, id=27552, stack(0x000000c93de00000,0x000000c93df00000) (1024K)]
=>0x00000284342f2950 JavaThread "C2 CompilerThread0"         daemon [_thread_in_native, id=16724, stack(0x000000c93df00000,0x000000c93e000000) (1024K)]
  0x00000284342f69b0 JavaThread "C1 CompilerThread0"         daemon [_thread_blocked, id=21256, stack(0x000000c93e000000,0x000000c93e100000) (1024K)]
  0x000002843b189350 JavaThread "Common-Cleaner"             daemon [_thread_blocked, id=8836, stack(0x000000c93e100000,0x000000c93e200000) (1024K)]
  0x000002843b2d4d50 JavaThread "Notification Thread"        daemon [_thread_blocked, id=12796, stack(0x000000c93e400000,0x000000c93e500000) (1024K)]
  0x000002843bdd1d40 JavaThread "QuantumRenderer-0"          daemon [_thread_blocked, id=4064, stack(0x000000c93e500000,0x000000c93e600000) (1024K)]
  0x000002843ba00400 JavaThread "InvokeLaterDispatcher"      daemon [_thread_blocked, id=23516, stack(0x000000c93e600000,0x000000c93e700000) (1024K)]
  0x000002843c1b95d0 JavaThread "JavaFX Application Thread"         [_thread_in_Java, id=19656, stack(0x000000c93e700000,0x000000c93e800000) (1024K)]
  0x000002843c7a1110 JavaThread "Thread-1"                   daemon [_thread_in_native, id=5736, stack(0x000000c93f500000,0x000000c93f600000) (1024K)]
  0x000002843b0d3fd0 JavaThread "C2 CompilerThread1"         daemon [_thread_in_native, id=4680, stack(0x000000c93f600000,0x000000c93f700000) (1024K)]
  0x000002843b0d0760 JavaThread "C2 CompilerThread2"         daemon [_thread_in_native, id=30676, stack(0x000000c93f700000,0x000000c93f800000) (1024K)]
  0x00000284420b86b0 JavaThread "JavaCPP Deallocator"        daemon [_thread_blocked, id=20596, stack(0x000000c93f800000,0x000000c93f900000) (1024K)]
Total: 18

Other Threads:
  0x00000284342cf2e0 VMThread "VM Thread"                           [id=5452, stack(0x000000c93d800000,0x000000c93d900000) (1024K)]
  0x00000284342c2a10 WatcherThread "VM Periodic Task Thread"        [id=29028, stack(0x000000c93d700000,0x000000c93d800000) (1024K)]
  0x0000028414d6e9e0 WorkerThread "GC Thread#0"                     [id=29648, stack(0x000000c93d200000,0x000000c93d300000) (1024K)]
  0x00000284421e9750 WorkerThread "GC Thread#1"                     [id=9832, stack(0x000000c940400000,0x000000c940500000) (1024K)]
  0x00000284421e9b80 WorkerThread "GC Thread#2"                     [id=29000, stack(0x000000c940500000,0x000000c940600000) (1024K)]
  0x00000284421e9fb0 WorkerThread "GC Thread#3"                     [id=24108, stack(0x000000c940600000,0x000000c940700000) (1024K)]
  0x00000284421ea3e0 WorkerThread "GC Thread#4"                     [id=10896, stack(0x000000c940700000,0x000000c940800000) (1024K)]
  0x0000028442696fd0 WorkerThread "GC Thread#5"                     [id=17892, stack(0x000000c940800000,0x000000c940900000) (1024K)]
  0x0000028442680b70 WorkerThread "GC Thread#6"                     [id=10252, stack(0x000000c940900000,0x000000c940a00000) (1024K)]
  0x0000028442683690 WorkerThread "GC Thread#7"                     [id=8360, stack(0x000000c940a00000,0x000000c940b00000) (1024K)]
  0x0000028442680720 WorkerThread "GC Thread#8"                     [id=28512, stack(0x000000c940b00000,0x000000c940c00000) (1024K)]
  0x0000028414d7e7a0 ConcurrentGCThread "G1 Main Marker"            [id=18852, stack(0x000000c93d300000,0x000000c93d400000) (1024K)]
  0x0000028434135b60 WorkerThread "G1 Conc#0"                       [id=13292, stack(0x000000c93d400000,0x000000c93d500000) (1024K)]
  0x000002843418ca40 ConcurrentGCThread "G1 Refine#0"               [id=18680, stack(0x000000c93d500000,0x000000c93d600000) (1024K)]
  0x000002843418d650 ConcurrentGCThread "G1 Service"                [id=21704, stack(0x000000c93d600000,0x000000c93d700000) (1024K)]
Total: 15

Threads with active compile tasks:
C2 CompilerThread0  110638 1588       4       jdk.internal.jimage.ImageLocation::verify (218 bytes)
C2 CompilerThread1  110639 1606       4       jdk.internal.jimage.BasicImageReader::verifyLocation (39 bytes)
C2 CompilerThread2  110639 1605       4       jdk.internal.module.SystemModuleFinders$SystemModuleReader::containsImageLocation (42 bytes)
Total: 3

VM state: not at safepoint (normal execution)

VM Mutex/Monitor currently owned by a thread: None

Heap address: 0x0000000684c00000, size: 6068 MB, Compressed Oops mode: Zero based, Oop shift amount: 3

CDS archive(s) mapped at: [0x0000000094000000-0x0000000094dd0000-0x0000000094dd0000), size 14483456, SharedBaseAddress: 0x0000000094000000, ArchiveRelocationMode: 1.
Compressed class space mapped at: 0x0000000095000000-0x00000000d5000000, reserved size: 1073741824
UseCompressedClassPointers 1, UseCompactObjectHeaders 0
Narrow klass pointer bits 32, Max shift 3
Narrow klass base: 0x0000000094000000, Narrow klass shift: 0
Encoding Range: [0x0000000094000000 - 0x0000000194000000), (4294967296 bytes)
Klass Range:    [0x0000000094010000 - 0x00000000d5000000), (1090453504 bytes)
Klass ID Range:  [65536 - 1090519033) (1090453497)
Protection zone: [0x0000000094000000 - 0x0000000094010000), (65536 bytes)

GC Precious Log:
 CardTable entry size: 512
 Card Set container configuration: InlinePtr #cards 4 size 8 Array Of Cards #cards 32 size 80 Howl #buckets 8 coarsen threshold 7372 Howl Bitmap #cards 1024 size 144 coarsen threshold 921 Card regions per heap region 1 cards per card region 8192
 CPUs: 12 total, 12 available
 Memory: 24260M
 Large Page Support: Disabled
 NUMA Support: Disabled
 Compressed Oops: Enabled (Zero based)
 Heap Region Size: 4M
 Heap Min Capacity: 8M
 Heap Initial Capacity: 380M
 Heap Max Capacity: 6068M
 Pre-touch: Disabled
 Parallel Workers: 10
 Concurrent Workers: 3
 Concurrent Refinement Workers: 10
 Periodic GC: Disabled

Heap:
 garbage-first heap   total reserved 6213632K, committed 393216K, used 9861K [0x0000000684c00000, 0x0000000800000000)
  region size 4096K, 3 young (12288K), 2 survivors (8192K)

Heap Regions: E=young(eden), S=young(survivor), O=old, HS=humongous(starts), HC=humongous(continues), CS=collection set, F=free, TAMS=top-at-mark-start, PB=parsable bottom
|   0|0x0000000684c00000, 0x0000000684c00000, 0x0000000685000000|  0%| F|  |TAMS 0x0000000684c00000| PB 0x0000000684c00000| Untracked |  0
|   1|0x0000000685000000, 0x000000068507c8f0, 0x0000000685400000| 12%| O|  |TAMS 0x0000000685000000| PB 0x0000000685000000| Untracked |  0
|   2|0x0000000685400000, 0x0000000685400000, 0x0000000685800000|  0%| F|  |TAMS 0x0000000685400000| PB 0x0000000685400000| Untracked |  0
|   3|0x0000000685800000, 0x0000000685800000, 0x0000000685c00000|  0%| F|  |TAMS 0x0000000685800000| PB 0x0000000685800000| Untracked |  0
|   4|0x0000000685c00000, 0x0000000685c00000, 0x0000000686000000|  0%| F|  |TAMS 0x0000000685c00000| PB 0x0000000685c00000| Untracked |  0
|   5|0x0000000686000000, 0x0000000686000000, 0x0000000686400000|  0%| F|  |TAMS 0x0000000686000000| PB 0x0000000686000000| Untracked |  0
|   6|0x0000000686400000, 0x0000000686400000, 0x0000000686800000|  0%| F|  |TAMS 0x0000000686400000| PB 0x0000000686400000| Untracked |  0
|   7|0x0000000686800000, 0x0000000686800000, 0x0000000686c00000|  0%| F|  |TAMS 0x0000000686800000| PB 0x0000000686800000| Untracked |  0
|   8|0x0000000686c00000, 0x0000000686c00000, 0x0000000687000000|  0%| F|  |TAMS 0x0000000686c00000| PB 0x0000000686c00000| Untracked |  0
|   9|0x0000000687000000, 0x0000000687000000, 0x0000000687400000|  0%| F|  |TAMS 0x0000000687000000| PB 0x0000000687000000| Untracked |  0
|  10|0x0000000687400000, 0x0000000687400000, 0x0000000687800000|  0%| F|  |TAMS 0x0000000687400000| PB 0x0000000687400000| Untracked |  0
|  11|0x0000000687800000, 0x0000000687800000, 0x0000000687c00000|  0%| F|  |TAMS 0x0000000687800000| PB 0x0000000687800000| Untracked |  0
|  12|0x0000000687c00000, 0x0000000687c00000, 0x0000000688000000|  0%| F|  |TAMS 0x0000000687c00000| PB 0x0000000687c00000| Untracked |  0
|  13|0x0000000688000000, 0x0000000688000000, 0x0000000688400000|  0%| F|  |TAMS 0x0000000688000000| PB 0x0000000688000000| Untracked |  0
|  14|0x0000000688400000, 0x0000000688400000, 0x0000000688800000|  0%| F|  |TAMS 0x0000000688400000| PB 0x0000000688400000| Untracked |  0
|  15|0x0000000688800000, 0x0000000688800000, 0x0000000688c00000|  0%| F|  |TAMS 0x0000000688800000| PB 0x0000000688800000| Untracked |  0
|  16|0x0000000688c00000, 0x0000000688c00000, 0x0000000689000000|  0%| F|  |TAMS 0x0000000688c00000| PB 0x0000000688c00000| Untracked |  0
|  17|0x0000000689000000, 0x0000000689000000, 0x0000000689400000|  0%| F|  |TAMS 0x0000000689000000| PB 0x0000000689000000| Untracked |  0
|  18|0x0000000689400000, 0x0000000689400000, 0x0000000689800000|  0%| F|  |TAMS 0x0000000689400000| PB 0x0000000689400000| Untracked |  0
|  19|0x0000000689800000, 0x0000000689800000, 0x0000000689c00000|  0%| F|  |TAMS 0x0000000689800000| PB 0x0000000689800000| Untracked |  0
|  20|0x0000000689c00000, 0x0000000689c00000, 0x000000068a000000|  0%| F|  |TAMS 0x0000000689c00000| PB 0x0000000689c00000| Untracked |  0
|  21|0x000000068a000000, 0x000000068a000000, 0x000000068a400000|  0%| F|  |TAMS 0x000000068a000000| PB 0x000000068a000000| Untracked |  0
|  22|0x000000068a400000, 0x000000068a400000, 0x000000068a800000|  0%| F|  |TAMS 0x000000068a400000| PB 0x000000068a400000| Untracked |  0
|  23|0x000000068a800000, 0x000000068a800000, 0x000000068ac00000|  0%| F|  |TAMS 0x000000068a800000| PB 0x000000068a800000| Untracked |  0
|  24|0x000000068ac00000, 0x000000068ac00000, 0x000000068b000000|  0%| F|  |TAMS 0x000000068ac00000| PB 0x000000068ac00000| Untracked |  0
|  25|0x000000068b000000, 0x000000068b000000, 0x000000068b400000|  0%| F|  |TAMS 0x000000068b000000| PB 0x000000068b000000| Untracked |  0
|  26|0x000000068b400000, 0x000000068b400000, 0x000000068b800000|  0%| F|  |TAMS 0x000000068b400000| PB 0x000000068b400000| Untracked |  0
|  27|0x000000068b800000, 0x000000068b800000, 0x000000068bc00000|  0%| F|  |TAMS 0x000000068b800000| PB 0x000000068b800000| Untracked |  0
|  28|0x000000068bc00000, 0x000000068bc00000, 0x000000068c000000|  0%| F|  |TAMS 0x000000068bc00000| PB 0x000000068bc00000| Untracked |  0
|  29|0x000000068c000000, 0x000000068c000000, 0x000000068c400000|  0%| F|  |TAMS 0x000000068c000000| PB 0x000000068c000000| Untracked |  0
|  30|0x000000068c400000, 0x000000068c400000, 0x000000068c800000|  0%| F|  |TAMS 0x000000068c400000| PB 0x000000068c400000| Untracked |  0
|  31|0x000000068c800000, 0x000000068c800000, 0x000000068cc00000|  0%| F|  |TAMS 0x000000068c800000| PB 0x000000068c800000| Untracked |  0
|  32|0x000000068cc00000, 0x000000068cc00000, 0x000000068d000000|  0%| F|  |TAMS 0x000000068cc00000| PB 0x000000068cc00000| Untracked |  0
|  33|0x000000068d000000, 0x000000068d000000, 0x000000068d400000|  0%| F|  |TAMS 0x000000068d000000| PB 0x000000068d000000| Untracked |  0
|  34|0x000000068d400000, 0x000000068d400000, 0x000000068d800000|  0%| F|  |TAMS 0x000000068d400000| PB 0x000000068d400000| Untracked |  0
|  35|0x000000068d800000, 0x000000068d800000, 0x000000068dc00000|  0%| F|  |TAMS 0x000000068d800000| PB 0x000000068d800000| Untracked |  0
|  36|0x000000068dc00000, 0x000000068dc00000, 0x000000068e000000|  0%| F|  |TAMS 0x000000068dc00000| PB 0x000000068dc00000| Untracked |  0
|  37|0x000000068e000000, 0x000000068e000000, 0x000000068e400000|  0%| F|  |TAMS 0x000000068e000000| PB 0x000000068e000000| Untracked |  0
|  38|0x000000068e400000, 0x000000068e400000, 0x000000068e800000|  0%| F|  |TAMS 0x000000068e400000| PB 0x000000068e400000| Untracked |  0
|  39|0x000000068e800000, 0x000000068e800000, 0x000000068ec00000|  0%| F|  |TAMS 0x000000068e800000| PB 0x000000068e800000| Untracked |  0
|  40|0x000000068ec00000, 0x000000068ec00000, 0x000000068f000000|  0%| F|  |TAMS 0x000000068ec00000| PB 0x000000068ec00000| Untracked |  0
|  41|0x000000068f000000, 0x000000068f000000, 0x000000068f400000|  0%| F|  |TAMS 0x000000068f000000| PB 0x000000068f000000| Untracked |  0
|  42|0x000000068f400000, 0x000000068f400000, 0x000000068f800000|  0%| F|  |TAMS 0x000000068f400000| PB 0x000000068f400000| Untracked |  0
|  43|0x000000068f800000, 0x000000068f800000, 0x000000068fc00000|  0%| F|  |TAMS 0x000000068f800000| PB 0x000000068f800000| Untracked |  0
|  44|0x000000068fc00000, 0x000000068fc00000, 0x0000000690000000|  0%| F|  |TAMS 0x000000068fc00000| PB 0x000000068fc00000| Untracked |  0
|  45|0x0000000690000000, 0x0000000690000000, 0x0000000690400000|  0%| F|  |TAMS 0x0000000690000000| PB 0x0000000690000000| Untracked |  0
|  46|0x0000000690400000, 0x0000000690400000, 0x0000000690800000|  0%| F|  |TAMS 0x0000000690400000| PB 0x0000000690400000| Untracked |  0
|  47|0x0000000690800000, 0x0000000690800000, 0x0000000690c00000|  0%| F|  |TAMS 0x0000000690800000| PB 0x0000000690800000| Untracked |  0
|  48|0x0000000690c00000, 0x0000000690c00000, 0x0000000691000000|  0%| F|  |TAMS 0x0000000690c00000| PB 0x0000000690c00000| Untracked |  0
|  49|0x0000000691000000, 0x0000000691000000, 0x0000000691400000|  0%| F|  |TAMS 0x0000000691000000| PB 0x0000000691000000| Untracked |  0
|  50|0x0000000691400000, 0x0000000691400000, 0x0000000691800000|  0%| F|  |TAMS 0x0000000691400000| PB 0x0000000691400000| Untracked |  0
|  51|0x0000000691800000, 0x0000000691800000, 0x0000000691c00000|  0%| F|  |TAMS 0x0000000691800000| PB 0x0000000691800000| Untracked |  0
|  52|0x0000000691c00000, 0x0000000691c00000, 0x0000000692000000|  0%| F|  |TAMS 0x0000000691c00000| PB 0x0000000691c00000| Untracked |  0
|  53|0x0000000692000000, 0x0000000692000000, 0x0000000692400000|  0%| F|  |TAMS 0x0000000692000000| PB 0x0000000692000000| Untracked |  0
|  54|0x0000000692400000, 0x0000000692400000, 0x0000000692800000|  0%| F|  |TAMS 0x0000000692400000| PB 0x0000000692400000| Untracked |  0
|  55|0x0000000692800000, 0x0000000692800000, 0x0000000692c00000|  0%| F|  |TAMS 0x0000000692800000| PB 0x0000000692800000| Untracked |  0
|  56|0x0000000692c00000, 0x0000000692c00000, 0x0000000693000000|  0%| F|  |TAMS 0x0000000692c00000| PB 0x0000000692c00000| Untracked |  0
|  57|0x0000000693000000, 0x0000000693000000, 0x0000000693400000|  0%| F|  |TAMS 0x0000000693000000| PB 0x0000000693000000| Untracked |  0
|  58|0x0000000693400000, 0x0000000693400000, 0x0000000693800000|  0%| F|  |TAMS 0x0000000693400000| PB 0x0000000693400000| Untracked |  0
|  59|0x0000000693800000, 0x0000000693800000, 0x0000000693c00000|  0%| F|  |TAMS 0x0000000693800000| PB 0x0000000693800000| Untracked |  0
|  60|0x0000000693c00000, 0x0000000693c00000, 0x0000000694000000|  0%| F|  |TAMS 0x0000000693c00000| PB 0x0000000693c00000| Untracked |  0
|  61|0x0000000694000000, 0x0000000694000000, 0x0000000694400000|  0%| F|  |TAMS 0x0000000694000000| PB 0x0000000694000000| Untracked |  0
|  62|0x0000000694400000, 0x0000000694400000, 0x0000000694800000|  0%| F|  |TAMS 0x0000000694400000| PB 0x0000000694400000| Untracked |  0
|  63|0x0000000694800000, 0x0000000694800000, 0x0000000694c00000|  0%| F|  |TAMS 0x0000000694800000| PB 0x0000000694800000| Untracked |  0
|  64|0x0000000694c00000, 0x0000000694c00000, 0x0000000695000000|  0%| F|  |TAMS 0x0000000694c00000| PB 0x0000000694c00000| Untracked |  0
|  65|0x0000000695000000, 0x0000000695000000, 0x0000000695400000|  0%| F|  |TAMS 0x0000000695000000| PB 0x0000000695000000| Untracked |  0
|  66|0x0000000695400000, 0x0000000695400000, 0x0000000695800000|  0%| F|  |TAMS 0x0000000695400000| PB 0x0000000695400000| Untracked |  0
|  67|0x0000000695800000, 0x0000000695800000, 0x0000000695c00000|  0%| F|  |TAMS 0x0000000695800000| PB 0x0000000695800000| Untracked |  0
|  68|0x0000000695c00000, 0x0000000695c00000, 0x0000000696000000|  0%| F|  |TAMS 0x0000000695c00000| PB 0x0000000695c00000| Untracked |  0
|  69|0x0000000696000000, 0x0000000696000000, 0x0000000696400000|  0%| F|  |TAMS 0x0000000696000000| PB 0x0000000696000000| Untracked |  0
|  70|0x0000000696400000, 0x0000000696400000, 0x0000000696800000|  0%| F|  |TAMS 0x0000000696400000| PB 0x0000000696400000| Untracked |  0
|  71|0x0000000696800000, 0x0000000696800000, 0x0000000696c00000|  0%| F|  |TAMS 0x0000000696800000| PB 0x0000000696800000| Untracked |  0
|  72|0x0000000696c00000, 0x0000000696c00000, 0x0000000697000000|  0%| F|  |TAMS 0x0000000696c00000| PB 0x0000000696c00000| Untracked |  0
|  73|0x0000000697000000, 0x0000000697000000, 0x0000000697400000|  0%| F|  |TAMS 0x0000000697000000| PB 0x0000000697000000| Untracked |  0
|  74|0x0000000697400000, 0x0000000697400000, 0x0000000697800000|  0%| F|  |TAMS 0x0000000697400000| PB 0x0000000697400000| Untracked |  0
|  75|0x0000000697800000, 0x0000000697800000, 0x0000000697c00000|  0%| F|  |TAMS 0x0000000697800000| PB 0x0000000697800000| Untracked |  0
|  76|0x0000000697c00000, 0x0000000697c00000, 0x0000000698000000|  0%| F|  |TAMS 0x0000000697c00000| PB 0x0000000697c00000| Untracked |  0
|  77|0x0000000698000000, 0x0000000698000000, 0x0000000698400000|  0%| F|  |TAMS 0x0000000698000000| PB 0x0000000698000000| Untracked |  0
|  78|0x0000000698400000, 0x0000000698400000, 0x0000000698800000|  0%| F|  |TAMS 0x0000000698400000| PB 0x0000000698400000| Untracked |  0
|  79|0x0000000698800000, 0x0000000698800000, 0x0000000698c00000|  0%| F|  |TAMS 0x0000000698800000| PB 0x0000000698800000| Untracked |  0
|  80|0x0000000698c00000, 0x0000000698c00000, 0x0000000699000000|  0%| F|  |TAMS 0x0000000698c00000| PB 0x0000000698c00000| Untracked |  0
|  81|0x0000000699000000, 0x0000000699400000, 0x0000000699400000|100%| S|CS|TAMS 0x0000000699000000| PB 0x0000000699000000| Complete |  0
|  82|0x0000000699400000, 0x0000000699800000, 0x0000000699800000|100%| S|CS|TAMS 0x0000000699400000| PB 0x0000000699400000| Complete |  0
|  83|0x0000000699800000, 0x0000000699800000, 0x0000000699c00000|  0%| F|  |TAMS 0x0000000699800000| PB 0x0000000699800000| Untracked |  0
|  84|0x0000000699c00000, 0x0000000699c00000, 0x000000069a000000|  0%| F|  |TAMS 0x0000000699c00000| PB 0x0000000699c00000| Untracked |  0
|  85|0x000000069a000000, 0x000000069a000000, 0x000000069a400000|  0%| F|  |TAMS 0x000000069a000000| PB 0x000000069a000000| Untracked |  0
|  86|0x000000069a400000, 0x000000069a400000, 0x000000069a800000|  0%| F|  |TAMS 0x000000069a400000| PB 0x000000069a400000| Untracked |  0
|  87|0x000000069a800000, 0x000000069a800000, 0x000000069ac00000|  0%| F|  |TAMS 0x000000069a800000| PB 0x000000069a800000| Untracked |  0
|  88|0x000000069ac00000, 0x000000069ac00000, 0x000000069b000000|  0%| F|  |TAMS 0x000000069ac00000| PB 0x000000069ac00000| Untracked |  0
|  89|0x000000069b000000, 0x000000069b000000, 0x000000069b400000|  0%| F|  |TAMS 0x000000069b000000| PB 0x000000069b000000| Untracked |  0
|  90|0x000000069b400000, 0x000000069b400000, 0x000000069b800000|  0%| F|  |TAMS 0x000000069b400000| PB 0x000000069b400000| Untracked |  0
|  91|0x000000069b800000, 0x000000069b800000, 0x000000069bc00000|  0%| F|  |TAMS 0x000000069b800000| PB 0x000000069b800000| Untracked |  0
|  92|0x000000069bc00000, 0x000000069bc00000, 0x000000069c000000|  0%| F|  |TAMS 0x000000069bc00000| PB 0x000000069bc00000| Untracked |  0
|  93|0x000000069c000000, 0x000000069c000000, 0x000000069c400000|  0%| F|  |TAMS 0x000000069c000000| PB 0x000000069c000000| Untracked |  0
|  94|0x000000069c400000, 0x000000069c732330, 0x000000069c800000| 79%| E|  |TAMS 0x000000069c400000| PB 0x000000069c400000| Complete |  0
|1516|0x00000007ffc00000, 0x00000007ffd24ea8, 0x0000000800000000| 28%| O|  |TAMS 0x00000007ffc00000| PB 0x00000007ffc00000| Untracked |  0

Card table byte_map: [0x000002842d680000,0x000002842e260000] _byte_map_base: 0x000002842a25a000

Marking Bits: (CMBitMap*) 0x0000028414d6f170
 Bits: [0x000002842e260000, 0x0000028434130000)

Polling page: 0x0000028412a40000

Metaspace:
Metaspace        used 9306K, committed 9472K, reserved 1114112K
 class space     used 486K, committed 576K, reserved 1048576K

Usage:
  Non-class:      8.61 MB used.
      Class:    486.07 KB used.
       Both:      9.09 MB used.

Virtual space:
  Non-class space:       64.00 MB reserved,       8.69 MB ( 14%) committed,  1 nodes.
      Class space:        1.00 GB reserved,     576.00 KB ( <1%) committed,  1 nodes.
             Both:        1.06 GB reserved,       9.25 MB ( <1%) committed. 

Chunk freelists:
   Non-Class:  5.72 MB
       Class:  15.45 MB
        Both:  21.17 MB

MaxMetaspaceSize: unlimited
CompressedClassSpaceSize: 1.00 GB
Initial GC threshold: 21.00 MB
Current GC threshold: 21.00 MB
CDS: on
 - commit_granule_bytes: 65536.
 - commit_granule_words: 8192.
 - virtual_space_node_default_size: 8388608.
 - enlarge_chunks_in_place: 1.
UseCompressedClassPointers 1, UseCompactObjectHeaders 0
Narrow klass pointer bits 32, Max shift 3
Narrow klass base: 0x0000000094000000, Narrow klass shift: 0
Encoding Range: [0x0000000094000000 - 0x0000000194000000), (4294967296 bytes)
Klass Range:    [0x0000000094010000 - 0x00000000d5000000), (1090453504 bytes)
Klass ID Range:  [65536 - 1090519033) (1090453497)
Protection zone: [0x0000000094000000 - 0x0000000094010000), (65536 bytes)


Internal statistics:

num_allocs_failed_limit: 0.
num_arena_births: 56.
num_arena_deaths: 0.
num_vsnodes_births: 2.
num_vsnodes_deaths: 0.
num_space_committed: 146.
num_space_uncommitted: 0.
num_chunks_returned_to_freelist: 0.
num_chunks_taken_from_freelist: 297.
num_chunk_merges: 0.
num_chunk_splits: 240.
num_chunks_enlarged: 212.
num_inconsistent_stats: 0.

CodeHeap 'non-profiled nmethods': size=120064Kb used=587Kb max_used=587Kb free=119476Kb
 bounds [0x0000028425010000, 0x0000028425280000, 0x000002842c550000]
CodeHeap 'profiled nmethods': size=120000Kb used=2396Kb max_used=2396Kb free=117603Kb
 bounds [0x000002841d550000, 0x000002841d7c0000, 0x0000028424a80000]
CodeHeap 'non-nmethods': size=5696Kb used=2029Kb max_used=2050Kb free=3667Kb
 bounds [0x0000028424a80000, 0x0000028424cf0000, 0x0000028425010000]
CodeCache: size=245760Kb, used=5012Kb, max_used=5033Kb, free=240746Kb
 total_blobs=2704, nmethods=1612, adapters=996, full_count=0
Compilation: enabled, stopped_count=0, restarted_count=0

Compilation events (20 events):
Event: 7.981 Thread 0x00000284342f69b0 nmethod 1580 0x000002841d799108 code [0x000002841d799200, 0x000002841d79a310]
Event: 7.981 Thread 0x00000284342f69b0 1582       3       java.lang.RuntimeException::<init> (6 bytes)
Event: 7.981 Thread 0x00000284342f69b0 nmethod 1582 0x000002841d79a388 code [0x000002841d79a480, 0x000002841d79a610]
Event: 7.981 Thread 0x00000284342f69b0 1581       3       java.lang.IllegalArgumentException::<init> (6 bytes)
Event: 7.981 Thread 0x00000284342f69b0 nmethod 1581 0x000002841d79a688 code [0x000002841d79a780, 0x000002841d79a970]
Event: 7.988 Thread 0x000002843b0d0760 1583       4       jdk.internal.loader.BuiltinClassLoader::moduleReaderFor (45 bytes)
Event: 7.988 Thread 0x00000284342f69b0 1584       3       jdk.internal.module.ModuleReferences$JarModuleReader::implFind (113 bytes)
Event: 8.987 Thread 0x00000284342f69b0 nmethod 1584 0x000002841d79a988 code [0x000002841d79aa80, 0x000002841d79d3e8]
Event: 8.987 Thread 0x00000284342f69b0 1585       3       java.util.concurrent.ConcurrentHashMap::values (25 bytes)
Event: 8.987 Thread 0x00000284342f2950 1587       4       java.util.concurrent.ConcurrentHashMap$BaseIterator::hasNext (13 bytes)
Event: 8.987 Thread 0x00000284342f69b0 nmethod 1585 0x000002841d79d408 code [0x000002841d79d500, 0x000002841d79d898]
Event: 8.987 Thread 0x00000284342f69b0 1586       3       java.util.concurrent.ConcurrentHashMap$ValuesView::iterator (34 bytes)
Event: 8.987 Thread 0x00000284342f2950 nmethod 1587 0x000002842509db08 code [0x000002842509dc00, 0x000002842509dc80]
Event: 8.987 Thread 0x00000284342f69b0 nmethod 1586 0x000002841d79d908 code [0x000002841d79da00, 0x000002841d79dc20]
Event: 8.988 Thread 0x00000284342f2950 1588       4       jdk.internal.jimage.ImageLocation::verify (218 bytes)
Event: 8.991 Thread 0x00000284342f69b0 1589       1       java.util.Collections$EmptyEnumeration::hasMoreElements (2 bytes)
Event: 8.992 Thread 0x00000284342f69b0 nmethod 1589 0x000002842509de08 code [0x000002842509df00, 0x000002842509dfc8]
Event: 8.995 Thread 0x000002843b0d3fd0 1590       4       jdk.internal.module.SystemModuleFinders$SystemModuleReader::find (59 bytes)
Event: 8.996 Thread 0x00000284342f69b0 1591       3       jdk.internal.loader.BuiltinClassLoader$1::hasNext (90 bytes)
Event: 8.997 Thread 0x00000284342f69b0 nmethod 1591 0x000002841d79dc88 code [0x000002841d79dd80, 0x000002841d79e5f0]

GC Heap Usage History (2 events):
Event: 7.968 {heap Before GC invocations=0 (full 0):
 garbage-first heap   total reserved 6213632K, committed 393216K, used 50323K [0x0000000684c00000, 0x0000000800000000)
  region size 4096K, 12 young (49152K), 0 survivors (0K)
}
Event: 7.975 {heap After GC invocations=1 (full 0):
 garbage-first heap   total reserved 6213632K, committed 393216K, used 9861K [0x0000000684c00000, 0x0000000800000000)
  region size 4096K, 2 young (8192K), 2 survivors (8192K)
}

Metaspace Usage History (2 events):
Event: 7.968 {metaspace Before GC invocations=0 (full 0):
 Metaspace       used 9269K, committed 9472K, reserved 1114112K
  class space    used 479K, committed 576K, reserved 1048576K
}
Event: 7.975 {metaspace After GC invocations=1 (full 0):
 Metaspace       used 9269K, committed 9472K, reserved 1114112K
  class space    used 479K, committed 576K, reserved 1048576K
}

Dll operation events (20 events):
Event: 0.813 Loaded shared library C:\Users\DELL\.javacpp\cache\javacpp-1.5.9-windows-x86_64.jar\org\bytedeco\javacpp\windows-x86_64\api-ms-win-core-console-l1-1-0.dll
Event: 0.815 Loaded shared library C:\Users\DELL\.javacpp\cache\javacpp-1.5.9-windows-x86_64.jar\org\bytedeco\javacpp\windows-x86_64\api-ms-win-core-debug-l1-1-0.dll
Event: 0.818 Loaded shared library C:\Users\DELL\.javacpp\cache\javacpp-1.5.9-windows-x86_64.jar\org\bytedeco\javacpp\windows-x86_64\api-ms-win-core-rtlsupport-l1-1-0.dll
Event: 0.821 Loaded shared library C:\Users\DELL\.javacpp\cache\javacpp-1.5.9-windows-x86_64.jar\org\bytedeco\javacpp\windows-x86_64\api-ms-win-core-processthreads-l1-1-1.dll
Event: 0.824 Loaded shared library C:\Users\DELL\.javacpp\cache\javacpp-1.5.9-windows-x86_64.jar\org\bytedeco\javacpp\windows-x86_64\api-ms-win-core-file-l1-2-0.dll
Event: 0.827 Loaded shared library C:\Users\DELL\.javacpp\cache\javacpp-1.5.9-windows-x86_64.jar\org\bytedeco\javacpp\windows-x86_64\api-ms-win-core-profile-l1-1-0.dll
Event: 0.829 Loaded shared library C:\Users\DELL\.javacpp\cache\javacpp-1.5.9-windows-x86_64.jar\org\bytedeco\javacpp\windows-x86_64\api-ms-win-core-memory-l1-1-0.dll
Event: 0.832 Loaded shared library C:\Users\DELL\.javacpp\cache\javacpp-1.5.9-windows-x86_64.jar\org\bytedeco\javacpp\windows-x86_64\api-ms-win-core-util-l1-1-0.dll
Event: 0.836 Loaded shared library C:\Users\DELL\.javacpp\cache\javacpp-1.5.9-windows-x86_64.jar\org\bytedeco\javacpp\windows-x86_64\api-ms-win-core-interlocked-l1-1-0.dll
Event: 0.838 Loaded shared library C:\Users\DELL\.javacpp\cache\javacpp-1.5.9-windows-x86_64.jar\org\bytedeco\javacpp\windows-x86_64\ucrtbase.dll
Event: 0.840 Loaded shared library C:\Users\DELL\.javacpp\cache\javacpp-1.5.9-windows-x86_64.jar\org\bytedeco\javacpp\windows-x86_64\vcruntime140.dll
Event: 0.844 Loaded shared library C:\Users\DELL\.javacpp\cache\javacpp-1.5.9-windows-x86_64.jar\org\bytedeco\javacpp\windows-x86_64\vcruntime140_1.dll
Event: 0.848 Loaded shared library C:\Users\DELL\.javacpp\cache\javacpp-1.5.9-windows-x86_64.jar\org\bytedeco\javacpp\windows-x86_64\msvcp140.dll
Event: 0.851 Loaded shared library C:\Users\DELL\.javacpp\cache\javacpp-1.5.9-windows-x86_64.jar\org\bytedeco\javacpp\windows-x86_64\msvcp140_1.dll
Event: 0.854 Loaded shared library C:\Users\DELL\.javacpp\cache\javacpp-1.5.9-windows-x86_64.jar\org\bytedeco\javacpp\windows-x86_64\concrt140.dll
Event: 0.858 Loaded shared library C:\Users\DELL\.javacpp\cache\javacpp-1.5.9-windows-x86_64.jar\org\bytedeco\javacpp\windows-x86_64\vcomp140.dll
Event: 0.862 Loaded shared library C:\Users\DELL\.javacpp\cache\javacpp-1.5.9-windows-x86_64.jar\org\bytedeco\javacpp\windows-x86_64\jnijavacpp.dll
Event: 0.908 Loaded shared library C:\Users\DELL\.javacpp\cache\openblas-0.3.23-1.5.9-windows-x86_64.jar\org\bytedeco\openblas\windows-x86_64\libopenblas_nolapack.dll
Event: 7.923 Loaded shared library C:\Users\DELL\.javacpp\cache\openblas-0.3.23-1.5.9-windows-x86_64.jar\org\bytedeco\openblas\windows-x86_64\jniopenblas_nolapack.dll
Event: 7.987 Loaded shared library C:\Users\DELL\.javacpp\cache\openblas-0.3.23-1.5.9-windows-x86_64.jar\org\bytedeco\openblas\windows-x86_64\libopenblas.dll

Deoptimization events (20 events):
Event: 0.903 Thread 0x000002843c1b95d0 Uncommon trap: trap_request=0xffffff45 fr.pc=0x00000284250951f0 relative=0x0000000000002770
Event: 0.903 Thread 0x000002843c1b95d0 Uncommon trap: reason=unstable_if action=reinterpret pc=0x00000284250951f0 method=java.net.URL.<init>(Ljava/net/URL;Ljava/lang/String;Ljava/net/URLStreamHandler;)V @ 421 c2
Event: 0.903 Thread 0x000002843c1b95d0 DEOPT PACKING pc=0x00000284250951f0 sp=0x000000c93e7fc640
Event: 0.903 Thread 0x000002843c1b95d0 DEOPT UNPACKING pc=0x0000028424b9fc02 sp=0x000000c93e7fc600 mode 2
Event: 0.903 Thread 0x000002843c1b95d0 DEOPT PACKING pc=0x000002841d6833d6 sp=0x000000c93e7fc560
Event: 0.903 Thread 0x000002843c1b95d0 DEOPT UNPACKING pc=0x0000028424ad1702 sp=0x000000c93e7fba60 mode 0
Event: 0.903 Thread 0x000002843c1b95d0 Uncommon trap: trap_request=0xffffffde fr.pc=0x0000028425074940 relative=0x00000000000002c0
Event: 0.903 Thread 0x000002843c1b95d0 Uncommon trap: reason=class_check action=maybe_recompile pc=0x0000028425074940 method=java.util.HashMap.getNode(Ljava/lang/Object;)Ljava/util/HashMap$Node; @ 128 c2
Event: 0.903 Thread 0x000002843c1b95d0 DEOPT PACKING pc=0x0000028425074940 sp=0x000000c93e7fc0b0
Event: 0.903 Thread 0x000002843c1b95d0 DEOPT UNPACKING pc=0x0000028424b9fc02 sp=0x000000c93e7fc018 mode 2
Event: 5.913 Thread 0x000002843c1b95d0 Uncommon trap: trap_request=0xffffff45 fr.pc=0x000002842508a8c0 relative=0x0000000000000440
Event: 5.913 Thread 0x000002843c1b95d0 Uncommon trap: reason=unstable_if action=reinterpret pc=0x000002842508a8c0 method=jdk.internal.loader.URLClassPath.getLoader(I)Ljdk/internal/loader/URLClassPath$Loader; @ 19 c2
Event: 5.913 Thread 0x000002843c1b95d0 DEOPT PACKING pc=0x000002842508a8c0 sp=0x000000c93e7fc390
Event: 5.913 Thread 0x000002843c1b95d0 DEOPT UNPACKING pc=0x0000028424b9fc02 sp=0x000000c93e7fc2a0 mode 2
Event: 5.923 Thread 0x000002843c1b95d0 DEOPT PACKING pc=0x000002841d750a20 sp=0x000000c93e7fc120
Event: 6.916 Thread 0x000002843c1b95d0 DEOPT UNPACKING pc=0x0000028424ad1702 sp=0x000000c93e7fb628 mode 0
Event: 7.968 Thread 0x000002843c1b95d0 DEOPT PACKING pc=0x000002841d7237b9 sp=0x000000c93e7fbf20
Event: 7.968 Thread 0x000002843c1b95d0 DEOPT UNPACKING pc=0x0000028424ad1702 sp=0x000000c93e7fb418 mode 0
Event: 7.978 Thread 0x000002843c1b95d0 DEOPT PACKING pc=0x000002841d74df3d sp=0x000000c93e7fc020
Event: 7.978 Thread 0x000002843c1b95d0 DEOPT UNPACKING pc=0x0000028424ad1702 sp=0x000000c93e7fb508 mode 0

Classes loaded (20 events):
Event: 0.709 Loading class jdk/internal/classfile/impl/StackCounter$Target
Event: 0.709 Loading class jdk/internal/classfile/impl/StackCounter$Target done
Event: 0.710 Loading class java/lang/annotation/Target
Event: 0.710 Loading class java/lang/annotation/Target done
Event: 0.713 Loading class java/lang/reflect/UndeclaredThrowableException
Event: 0.713 Loading class java/lang/reflect/UndeclaredThrowableException done
Event: 0.713 Loading class java/lang/Class$AnnotationData
Event: 0.713 Loading class java/lang/Class$AnnotationData done
Event: 0.717 Loading class java/lang/InstantiationException
Event: 0.717 Loading class java/lang/InstantiationException done
Event: 0.737 Loading class jdk/internal/foreign/MemorySessionImpl
Event: 0.737 Loading class java/lang/foreign/MemorySegment$Scope
Event: 0.737 Loading class java/lang/foreign/MemorySegment$Scope done
Event: 0.737 Loading class jdk/internal/foreign/MemorySessionImpl done
Event: 0.883 Loading class java/util/regex/Pattern$BnM
Event: 0.883 Loading class java/util/regex/Pattern$BnM done
Event: 0.883 Loading class java/util/regex/Pattern$SliceS
Event: 0.883 Loading class java/util/regex/Pattern$SliceS done
Event: 0.885 Loading class java/util/ArrayList$ListItr
Event: 0.885 Loading class java/util/ArrayList$ListItr done

Classes unloaded (0 events):
No events

Classes redefined (0 events):
No events

Internal exceptions (20 events):
Event: 0.358 Thread 0x0000028414ce5570 Exception <a 'java/io/IOException'{0x000000069b9c32f8}> (0x000000069b9c32f8) 
thrown [s\open\src\hotspot\share\prims\jni.cpp, line 516]
Event: 0.360 Thread 0x0000028414ce5570 Exception <a 'java/io/IOException'{0x000000069b9cc6b0}> (0x000000069b9cc6b0) 
thrown [s\open\src\hotspot\share\prims\jni.cpp, line 516]
Event: 0.361 Thread 0x0000028414ce5570 Exception <a 'java/io/IOException'{0x000000069b9d5dc0}> (0x000000069b9d5dc0) 
thrown [s\open\src\hotspot\share\prims\jni.cpp, line 516]
Event: 0.363 Thread 0x0000028414ce5570 Exception <a 'java/io/IOException'{0x000000069b9df678}> (0x000000069b9df678) 
thrown [s\open\src\hotspot\share\prims\jni.cpp, line 516]
Event: 0.365 Thread 0x0000028414ce5570 Exception <a 'java/io/IOException'{0x000000069b9e8490}> (0x000000069b9e8490) 
thrown [s\open\src\hotspot\share\prims\jni.cpp, line 516]
Event: 0.367 Thread 0x0000028414ce5570 Exception <a 'java/io/IOException'{0x000000069b9f1038}> (0x000000069b9f1038) 
thrown [s\open\src\hotspot\share\prims\jni.cpp, line 516]
Event: 0.379 Thread 0x0000028414ce5570 Exception <a 'java/io/IOException'{0x000000069b9f8a48}> (0x000000069b9f8a48) 
thrown [s\open\src\hotspot\share\prims\jni.cpp, line 516]
Event: 0.382 Thread 0x0000028414ce5570 Exception <a 'java/io/IOException'{0x000000069ba17ba8}> (0x000000069ba17ba8) 
thrown [s\open\src\hotspot\share\prims\jni.cpp, line 516]
Event: 0.384 Thread 0x0000028414ce5570 Exception <a 'java/io/IOException'{0x000000069ba27428}> (0x000000069ba27428) 
thrown [s\open\src\hotspot\share\prims\jni.cpp, line 516]
Event: 0.391 Thread 0x0000028414ce5570 Exception <a 'java/io/IOException'{0x000000069ba2f088}> (0x000000069ba2f088) 
thrown [s\open\src\hotspot\share\prims\jni.cpp, line 516]
Event: 0.393 Thread 0x0000028414ce5570 Exception <a 'java/io/IOException'{0x000000069ba3b4d8}> (0x000000069ba3b4d8) 
thrown [s\open\src\hotspot\share\prims\jni.cpp, line 516]
Event: 0.411 Thread 0x0000028414ce5570 Exception <a 'java/lang/NoSuchMethodError'{0x000000069bbf7e18}: 'void java.lang.invoke.DirectMethodHandle$Holder.invokeSpecial(java.lang.Object, java.lang.Object, java.lang.Object)'> (0x000000069bbf7e18) 
thrown [s\open\src\hotspot\share\interpreter\linkResolver.cpp, line 804]
Event: 0.416 Thread 0x0000028414ce5570 Exception <a 'java/lang/NoSuchMethodError'{0x000000069b4358e8}: 'void java.lang.invoke.DirectMethodHandle$Holder.invokeStatic(java.lang.Object, java.lang.Object, java.lang.Object)'> (0x000000069b4358e8) 
thrown [s\open\src\hotspot\share\interpreter\linkResolver.cpp, line 804]
Event: 0.420 Thread 0x000002843bdd1d40 Exception <a 'java/io/IOException'{0x000000069b51ba00}> (0x000000069b51ba00) 
thrown [s\open\src\hotspot\share\prims\jni.cpp, line 516]
Event: 0.488 Thread 0x0000028414ce5570 Exception <a 'java/io/IOException'{0x000000069b624f50}> (0x000000069b624f50) 
thrown [s\open\src\hotspot\share\prims\jni.cpp, line 516]
Event: 0.496 Thread 0x0000028414ce5570 Exception <a 'java/lang/NoSuchMethodError'{0x000000069b6572a8}: 'java.lang.Object java.lang.invoke.DirectMethodHandle$Holder.newInvokeSpecial(java.lang.Object, java.lang.Object, int, java.lang.Object)'> (0x000000069b6572a8) 
thrown [s\open\src\hotspot\share\interpreter\linkResolver.cpp, line 804]
Event: 0.497 Thread 0x0000028414ce5570 Exception <a 'java/lang/NoSuchMethodError'{0x000000069b660000}: 'java.lang.Object java.lang.invoke.Invokers$Holder.linkToTargetMethod(java.lang.Object, int, java.lang.Object, java.lang.Object)'> (0x000000069b660000) 
thrown [s\open\src\hotspot\share\interpreter\linkResolver.cpp, line 804]
Event: 0.600 Thread 0x000002843c1b95d0 Exception <a 'java/lang/NoSuchMethodError'{0x000000069b21f490}: 'void java.lang.invoke.DirectMethodHandle$Holder.invokeStaticInit(java.lang.Object)'> (0x000000069b21f490) 
thrown [s\open\src\hotspot\share\interpreter\linkResolver.cpp, line 804]
Event: 0.604 Thread 0x0000028414ce5570 Exception <a 'java/lang/NoSuchMethodError'{0x000000069b687ed8}: 'java.lang.Object java.lang.invoke.DirectMethodHandle$Holder.newInvokeSpecial(java.lang.Object, java.lang.Object, java.lang.Object, java.lang.Object, java.lang.Object, java.lang.Object)'> (0x000000069b687ed8) 
thrown [s\open\src\hotspot\share\interpreter\linkResolver.cpp, line 804]
Event: 0.691 Thread 0x000002843c1b95d0 Exception <a 'java/lang/NoSuchMethodError'{0x000000069a4be390}: 'java.lang.Object java.lang.invoke.DirectMethodHandle$Holder.invokeInterface(java.lang.Object, java.lang.Object)'> (0x000000069a4be390) 
thrown [s\open\src\hotspot\share\interpreter\linkResolver.cpp, line 804]

VM Operations (20 events):
Event: 0.195 Executing non-safepoint VM operation: HandshakeAllThreads (Deoptimize)
Event: 0.195 Executing non-safepoint VM operation: HandshakeAllThreads (Deoptimize) done
Event: 0.487 Executing non-safepoint VM operation: HandshakeAllThreads (Deoptimize)
Event: 0.487 Executing non-safepoint VM operation: HandshakeAllThreads (Deoptimize) done
Event: 0.692 Executing non-safepoint VM operation: HandshakeAllThreads (Deoptimize)
Event: 0.692 Executing non-safepoint VM operation: HandshakeAllThreads (Deoptimize) done
Event: 0.693 Executing non-safepoint VM operation: HandshakeAllThreads (Deoptimize)
Event: 0.693 Executing non-safepoint VM operation: HandshakeAllThreads (Deoptimize) done
Event: 0.698 Executing non-safepoint VM operation: HandshakeAllThreads (Deoptimize)
Event: 0.698 Executing non-safepoint VM operation: HandshakeAllThreads (Deoptimize) done
Event: 0.709 Executing non-safepoint VM operation: HandshakeAllThreads (Deoptimize)
Event: 0.709 Executing non-safepoint VM operation: HandshakeAllThreads (Deoptimize) done
Event: 0.885 Executing non-safepoint VM operation: HandshakeAllThreads (Deoptimize)
Event: 0.885 Executing non-safepoint VM operation: HandshakeAllThreads (Deoptimize) done
Event: 7.968 Executing safepoint VM operation: G1CollectForAllocation (G1 Evacuation Pause)
Event: 7.975 Executing safepoint VM operation: G1CollectForAllocation (G1 Evacuation Pause) done
Event: 60.158 Executing non-safepoint VM operation: HandshakeAllThreads (HandshakeForDeflation)
Event: 60.158 Executing non-safepoint VM operation: HandshakeAllThreads (HandshakeForDeflation) done
Event: 60.158 Executing non-safepoint VM operation: RendezvousGCThreads
Event: 60.158 Executing non-safepoint VM operation: RendezvousGCThreads done

Memory protections (0 events):
No events

Nmethod flushes (0 events):
No events

Events (20 events):
Event: 0.037 Thread 0x0000028414ce5570 Thread added: 0x00000284342e3730
Event: 0.037 Thread 0x0000028414ce5570 Thread added: 0x00000284342e7800
Event: 0.037 Thread 0x0000028414ce5570 Thread added: 0x00000284342e83c0
Event: 0.037 Thread 0x0000028414ce5570 Thread added: 0x00000284342e9af0
Event: 0.037 Thread 0x0000028414ce5570 Thread added: 0x00000284342ed230
Event: 0.038 Thread 0x0000028414ce5570 Thread added: 0x00000284342f2950
Event: 0.038 Thread 0x0000028414ce5570 Thread added: 0x00000284342f69b0
Event: 0.121 Thread 0x0000028414ce5570 Thread added: 0x000002843b189350
Event: 0.153 Thread 0x00000284342f69b0 Thread added: 0x000002843b0cef30
Event: 0.158 Thread 0x00000284342f69b0 Thread added: 0x000002843b0d27a0
Event: 0.210 Thread 0x0000028414ce5570 Thread added: 0x000002843b2d4d50
Event: 0.417 Thread 0x0000028414ce5570 Thread added: 0x000002843bdd1d40
Event: 0.495 Thread 0x0000028414ce5570 Thread added: 0x000002843ba00400
Event: 0.498 Thread 0x0000028414ce5570 Thread added: 0x000002843c1b95d0
Event: 0.507 Thread 0x000002843b0d27a0 Thread exited: 0x000002843b0d27a0
Event: 0.507 Thread 0x000002843b0cef30 Thread exited: 0x000002843b0cef30
Event: 0.621 Thread 0x000002843c7a1110 Thread added: 0x000002843c7a1110
Event: 0.666 Thread 0x00000284342f69b0 Thread added: 0x000002843b0d3fd0
Event: 0.756 Thread 0x00000284342f69b0 Thread added: 0x000002843b0d0760
Event: 0.867 Thread 0x000002843c1b95d0 Thread added: 0x00000284420b86b0


Dynamic libraries:
0x00007ff7ed950000 - 0x00007ff7ed95e000 	C:\Users\DELL\.jdks\openjdk-25.0.2\bin\java.exe
0x00007ffcffea0000 - 0x00007ffd00108000 	C:\WINDOWS\SYSTEM32\ntdll.dll
0x00007ffcbfa30000 - 0x00007ffcbfa50000 	C:\Program Files\Avast Software\Avast\aswhook.dll
0x00007ffcff180000 - 0x00007ffcff249000 	C:\WINDOWS\System32\KERNEL32.DLL
0x00007ffcfd5a0000 - 0x00007ffcfd991000 	C:\WINDOWS\System32\KERNELBASE.dll
0x00007ffcfd130000 - 0x00007ffcfd27b000 	C:\WINDOWS\System32\ucrtbase.dll
0x00007ffcea070000 - 0x00007ffcea08e000 	C:\Users\DELL\.jdks\openjdk-25.0.2\bin\VCRUNTIME140.dll
0x00007ffcebb00000 - 0x00007ffcebb17000 	C:\Users\DELL\.jdks\openjdk-25.0.2\bin\jli.dll
0x00007ffcff460000 - 0x00007ffcff626000 	C:\WINDOWS\System32\USER32.dll
0x00007ffcfd330000 - 0x00007ffcfd357000 	C:\WINDOWS\System32\win32u.dll
0x00007ffcfecc0000 - 0x00007ffcfeceb000 	C:\WINDOWS\System32\GDI32.dll
0x00007ffcd8b40000 - 0x00007ffcd8dd3000 	C:\WINDOWS\WinSxS\amd64_microsoft.windows.common-controls_6595b64144ccf1df_6.0.26100.7824_none_3e0870b2e3345462\COMCTL32.dll
0x00007ffcfd9a0000 - 0x00007ffcfdacb000 	C:\WINDOWS\System32\gdi32full.dll
0x00007ffcfd280000 - 0x00007ffcfd323000 	C:\WINDOWS\System32\msvcp_win.dll
0x00007ffcfec10000 - 0x00007ffcfecb9000 	C:\WINDOWS\System32\msvcrt.dll
0x00007ffcff140000 - 0x00007ffcff171000 	C:\WINDOWS\System32\IMM32.DLL
0x00007ffcf7690000 - 0x00007ffcf769c000 	C:\Users\DELL\.jdks\openjdk-25.0.2\bin\vcruntime140_1.dll
0x00007ffcd1d80000 - 0x00007ffcd1e0d000 	C:\Users\DELL\.jdks\openjdk-25.0.2\bin\msvcp140.dll
0x00007ffc41240000 - 0x00007ffc4209f000 	C:\Users\DELL\.jdks\openjdk-25.0.2\bin\server\jvm.dll
0x00007ffcfee90000 - 0x00007ffcfef44000 	C:\WINDOWS\System32\ADVAPI32.dll
0x00007ffcff6b0000 - 0x00007ffcff756000 	C:\WINDOWS\System32\sechost.dll
0x00007ffcfdc90000 - 0x00007ffcfdda8000 	C:\WINDOWS\System32\RPCRT4.dll
0x00007ffcff630000 - 0x00007ffcff6a4000 	C:\WINDOWS\System32\WS2_32.dll
0x00007ffcf9730000 - 0x00007ffcf9765000 	C:\WINDOWS\SYSTEM32\WINMM.dll
0x00007ffcfc5e0000 - 0x00007ffcfc63e000 	C:\WINDOWS\SYSTEM32\POWRPROF.dll
0x00007ffce97e0000 - 0x00007ffce97eb000 	C:\WINDOWS\SYSTEM32\VERSION.dll
0x00007ffcfc5c0000 - 0x00007ffcfc5d4000 	C:\WINDOWS\SYSTEM32\UMPDC.dll
0x00007ffcfb4e0000 - 0x00007ffcfb4fb000 	C:\WINDOWS\SYSTEM32\kernel.appcore.dll
0x00007ffcf7530000 - 0x00007ffcf753a000 	C:\Users\DELL\.jdks\openjdk-25.0.2\bin\jimage.dll
0x00007ffcfa600000 - 0x00007ffcfa842000 	C:\WINDOWS\SYSTEM32\DBGHELP.DLL
0x00007ffcfdde0000 - 0x00007ffcfe166000 	C:\WINDOWS\System32\combase.dll
0x00007ffcfe8d0000 - 0x00007ffcfe9a7000 	C:\WINDOWS\System32\OLEAUT32.dll
0x00007ffcea790000 - 0x00007ffcea7cb000 	C:\WINDOWS\SYSTEM32\dbgcore.DLL
0x00007ffcfcff0000 - 0x00007ffcfd095000 	C:\WINDOWS\System32\bcryptPrimitives.dll
0x00007ffcea010000 - 0x00007ffcea02f000 	C:\Users\DELL\.jdks\openjdk-25.0.2\bin\java.dll
0x00007ffcfea70000 - 0x00007ffcfec07000 	C:\WINDOWS\System32\ole32.dll
0x00007ffcfe170000 - 0x00007ffcfe8c2000 	C:\WINDOWS\System32\SHELL32.dll
0x00007ffcfdad0000 - 0x00007ffcfdc3a000 	C:\WINDOWS\System32\wintypes.dll
0x00007ffcfc780000 - 0x00007ffcfcfe3000 	C:\WINDOWS\System32\windows.storage.dll
0x00007ffcff250000 - 0x00007ffcff346000 	C:\WINDOWS\System32\SHCORE.dll
0x00007ffcff0d0000 - 0x00007ffcff137000 	C:\WINDOWS\System32\shlwapi.dll
0x00007ffcfc6a0000 - 0x00007ffcfc6c9000 	C:\WINDOWS\SYSTEM32\profapi.dll
0x00007ffce9c20000 - 0x00007ffce9c32000 	C:\Users\DELL\.jdks\openjdk-25.0.2\bin\net.dll
0x00007ffcfba30000 - 0x00007ffcfba9b000 	C:\WINDOWS\system32\mswsock.dll
0x00007ffce9c00000 - 0x00007ffce9c16000 	C:\Users\DELL\.jdks\openjdk-25.0.2\bin\nio.dll
0x00007ffcd1ea0000 - 0x00007ffcd1eb7000 	C:\Users\DELL\.jdks\openjdk-25.0.2\bin\zip.dll
0x0000028412d70000 - 0x0000028412d73000 	C:\Users\DELL\.openjfx\cache\21.0.2+5\amd64\api-ms-win-core-console-l1-1-0.dll
0x0000028412d80000 - 0x0000028412d83000 	C:\Users\DELL\.openjfx\cache\21.0.2+5\amd64\api-ms-win-core-console-l1-2-0.dll
0x0000028414bb0000 - 0x0000028414bb3000 	C:\Users\DELL\.openjfx\cache\21.0.2+5\amd64\api-ms-win-core-datetime-l1-1-0.dll
0x0000028414bc0000 - 0x0000028414bc3000 	C:\Users\DELL\.openjfx\cache\21.0.2+5\amd64\api-ms-win-core-debug-l1-1-0.dll
0x0000028414bd0000 - 0x0000028414bd3000 	C:\Users\DELL\.openjfx\cache\21.0.2+5\amd64\api-ms-win-core-errorhandling-l1-1-0.dll
0x0000028414be0000 - 0x0000028414be4000 	C:\Users\DELL\.openjfx\cache\21.0.2+5\amd64\api-ms-win-core-file-l1-1-0.dll
0x0000028414bf0000 - 0x0000028414bf3000 	C:\Users\DELL\.openjfx\cache\21.0.2+5\amd64\api-ms-win-core-file-l1-2-0.dll
0x0000028414c00000 - 0x0000028414c03000 	C:\Users\DELL\.openjfx\cache\21.0.2+5\amd64\api-ms-win-core-file-l2-1-0.dll
0x0000028414c10000 - 0x0000028414c13000 	C:\Users\DELL\.openjfx\cache\21.0.2+5\amd64\api-ms-win-core-handle-l1-1-0.dll
0x0000028414c20000 - 0x0000028414c23000 	C:\Users\DELL\.openjfx\cache\21.0.2+5\amd64\api-ms-win-core-heap-l1-1-0.dll
0x0000028414c30000 - 0x0000028414c33000 	C:\Users\DELL\.openjfx\cache\21.0.2+5\amd64\api-ms-win-core-interlocked-l1-1-0.dll
0x0000028414c40000 - 0x0000028414c43000 	C:\Users\DELL\.openjfx\cache\21.0.2+5\amd64\api-ms-win-core-libraryloader-l1-1-0.dll
0x0000028414c50000 - 0x0000028414c53000 	C:\Users\DELL\.openjfx\cache\21.0.2+5\amd64\api-ms-win-core-localization-l1-2-0.dll
0x0000028414c60000 - 0x0000028414c63000 	C:\Users\DELL\.openjfx\cache\21.0.2+5\amd64\api-ms-win-core-memory-l1-1-0.dll
0x0000028414c70000 - 0x0000028414c73000 	C:\Users\DELL\.openjfx\cache\21.0.2+5\amd64\api-ms-win-core-namedpipe-l1-1-0.dll
0x0000028436f70000 - 0x0000028436f73000 	C:\Users\DELL\.openjfx\cache\21.0.2+5\amd64\api-ms-win-core-processenvironment-l1-1-0.dll
0x0000028436f80000 - 0x0000028436f83000 	C:\Users\DELL\.openjfx\cache\21.0.2+5\amd64\api-ms-win-core-processthreads-l1-1-0.dll
0x0000028436f90000 - 0x0000028436f93000 	C:\Users\DELL\.openjfx\cache\21.0.2+5\amd64\api-ms-win-core-processthreads-l1-1-1.dll
0x0000028436fa0000 - 0x0000028436fa3000 	C:\Users\DELL\.openjfx\cache\21.0.2+5\amd64\api-ms-win-core-profile-l1-1-0.dll
0x0000028436fb0000 - 0x0000028436fb3000 	C:\Users\DELL\.openjfx\cache\21.0.2+5\amd64\api-ms-win-core-rtlsupport-l1-1-0.dll
0x0000028436fc0000 - 0x0000028436fc3000 	C:\Users\DELL\.openjfx\cache\21.0.2+5\amd64\api-ms-win-core-string-l1-1-0.dll
0x0000028436fd0000 - 0x0000028436fd3000 	C:\Users\DELL\.openjfx\cache\21.0.2+5\amd64\api-ms-win-core-synch-l1-1-0.dll
0x0000028436fe0000 - 0x0000028436fe3000 	C:\Users\DELL\.openjfx\cache\21.0.2+5\amd64\api-ms-win-core-synch-l1-2-0.dll
0x0000028436ff0000 - 0x0000028436ff3000 	C:\Users\DELL\.openjfx\cache\21.0.2+5\amd64\api-ms-win-core-sysinfo-l1-1-0.dll
0x000002843bc00000 - 0x000002843bc03000 	C:\Users\DELL\.openjfx\cache\21.0.2+5\amd64\api-ms-win-core-timezone-l1-1-0.dll
0x000002843bc10000 - 0x000002843bc13000 	C:\Users\DELL\.openjfx\cache\21.0.2+5\amd64\api-ms-win-core-util-l1-1-0.dll
0x000002843bc20000 - 0x000002843bc23000 	C:\Users\DELL\.openjfx\cache\21.0.2+5\amd64\api-ms-win-crt-conio-l1-1-0.dll
0x000002843bc30000 - 0x000002843bc34000 	C:\Users\DELL\.openjfx\cache\21.0.2+5\amd64\api-ms-win-crt-convert-l1-1-0.dll
0x000002843bc40000 - 0x000002843bc43000 	C:\Users\DELL\.openjfx\cache\21.0.2+5\amd64\api-ms-win-crt-environment-l1-1-0.dll
0x000002843bc50000 - 0x000002843bc53000 	C:\Users\DELL\.openjfx\cache\21.0.2+5\amd64\api-ms-win-crt-filesystem-l1-1-0.dll
0x000002843bc60000 - 0x000002843bc63000 	C:\Users\DELL\.openjfx\cache\21.0.2+5\amd64\api-ms-win-crt-heap-l1-1-0.dll
0x000002843bc70000 - 0x000002843bc73000 	C:\Users\DELL\.openjfx\cache\21.0.2+5\amd64\api-ms-win-crt-locale-l1-1-0.dll
0x000002843bc80000 - 0x000002843bc85000 	C:\Users\DELL\.openjfx\cache\21.0.2+5\amd64\api-ms-win-crt-math-l1-1-0.dll
0x000002843bc90000 - 0x000002843bc95000 	C:\Users\DELL\.openjfx\cache\21.0.2+5\amd64\api-ms-win-crt-multibyte-l1-1-0.dll
0x000002843bca0000 - 0x000002843bcb0000 	C:\Users\DELL\.openjfx\cache\21.0.2+5\amd64\api-ms-win-crt-private-l1-1-0.dll
0x000002843bcb0000 - 0x000002843bcb3000 	C:\Users\DELL\.openjfx\cache\21.0.2+5\amd64\api-ms-win-crt-process-l1-1-0.dll
0x000002843bcc0000 - 0x000002843bcc4000 	C:\Users\DELL\.openjfx\cache\21.0.2+5\amd64\api-ms-win-crt-runtime-l1-1-0.dll
0x000002843bcd0000 - 0x000002843bcd4000 	C:\Users\DELL\.openjfx\cache\21.0.2+5\amd64\api-ms-win-crt-stdio-l1-1-0.dll
0x000002843bce0000 - 0x000002843bce4000 	C:\Users\DELL\.openjfx\cache\21.0.2+5\amd64\api-ms-win-crt-string-l1-1-0.dll
0x000002843bcf0000 - 0x000002843bcf3000 	C:\Users\DELL\.openjfx\cache\21.0.2+5\amd64\api-ms-win-crt-time-l1-1-0.dll
0x000002843bd00000 - 0x000002843bd03000 	C:\Users\DELL\.openjfx\cache\21.0.2+5\amd64\api-ms-win-crt-utility-l1-1-0.dll
0x00007ffca5190000 - 0x00007ffca528c000 	C:\Users\DELL\.openjfx\cache\21.0.2+5\amd64\ucrtbase.dll
0x00007ffcb7370000 - 0x00007ffcb738b000 	C:\Users\DELL\.openjfx\cache\21.0.2+5\amd64\vcruntime140.dll
0x00007ffcd1e80000 - 0x00007ffcd1e8c000 	C:\Users\DELL\.openjfx\cache\21.0.2+5\amd64\vcruntime140_1.dll
0x00007ffc7f540000 - 0x00007ffc7f5ce000 	C:\Users\DELL\.openjfx\cache\21.0.2+5\amd64\msvcp140.dll
0x00007ffcd1ac0000 - 0x00007ffcd1ac9000 	C:\Users\DELL\.openjfx\cache\21.0.2+5\amd64\msvcp140_1.dll
0x00007ffcafcf0000 - 0x00007ffcafd31000 	C:\Users\DELL\.openjfx\cache\21.0.2+5\amd64\msvcp140_2.dll
0x00007ffcb6f40000 - 0x00007ffcb6f70000 	C:\Users\DELL\.openjfx\cache\21.0.2+5\amd64\prism_d3d.dll
0x00007ffc82210000 - 0x00007ffc823c3000 	C:\WINDOWS\system32\d3d9.dll
0x00007ffcf9f90000 - 0x00007ffcf9fc1000 	C:\WINDOWS\SYSTEM32\dwmapi.dll
0x00007ffcf9fe0000 - 0x00007ffcfa024000 	C:\WINDOWS\SYSTEM32\dxcore.dll
0x00007ffcf9d20000 - 0x00007ffcf9dcb000 	C:\WINDOWS\system32\uxtheme.dll
0x00007ffc6c4c0000 - 0x00007ffc6c75f000 	C:\WINDOWS\System32\DriverStore\FileRepository\iigd_dch.inf_amd64_d71a22cbbfee3077\igdumdim64.dll
0x00007ffc2f580000 - 0x00007ffc3121a000 	C:\WINDOWS\System32\DriverStore\FileRepository\iigd_dch.inf_amd64_d71a22cbbfee3077\igd9trinity64.dll
0x00007ffcf9e30000 - 0x00007ffcf9f6c000 	C:\WINDOWS\system32\dxgi.dll
0x00007ffcf1280000 - 0x00007ffcf182b000 	C:\WINDOWS\System32\DriverStore\FileRepository\iigd_dch.inf_amd64_d71a22cbbfee3077\igdgmm64.dll
0x00007ffcebc70000 - 0x00007ffcf0f24000 	C:\WINDOWS\System32\DriverStore\FileRepository\iigd_dch.inf_amd64_d71a22cbbfee3077\igc64.dll
0x00007ffca3940000 - 0x00007ffca398e000 	C:\WINDOWS\SYSTEM32\ControlLib.dll
0x00007ffcfc2c0000 - 0x00007ffcfc317000 	C:\WINDOWS\SYSTEM32\CFGMGR32.dll
0x00007ffcb5380000 - 0x00007ffcb542f000 	C:\WINDOWS\System32\DriverStore\FileRepository\iigd_dch.inf_amd64_d71a22cbbfee3077\IntelControlLib.dll
0x00007ffcf8a70000 - 0x00007ffcf8cd2000 	C:\WINDOWS\SYSTEM32\d3d11.dll
0x00007ffcf64d0000 - 0x00007ffcf6533000 	C:\WINDOWS\SYSTEM32\directxdatabasehelper.dll
0x00007ffc600f0000 - 0x00007ffc6185b000 	C:\WINDOWS\System32\DriverStore\FileRepository\iigd_dch.inf_amd64_d71a22cbbfee3077\igd9dxva64.dll
0x00007ffcff940000 - 0x00007ffcffdc9000 	C:\WINDOWS\System32\SETUPAPI.dll
0x00007ffce37b0000 - 0x00007ffce5883000 	C:\WINDOWS\System32\DriverStore\FileRepository\iigd_dch.inf_amd64_d71a22cbbfee3077\media_bin_64.dll
0x00007ffca6da0000 - 0x00007ffca6de2000 	C:\Users\DELL\.openjfx\cache\21.0.2+5\amd64\glass.dll
0x00007ffcfed70000 - 0x00007ffcfee5f000 	C:\WINDOWS\System32\COMDLG32.dll
0x00007ffcfef50000 - 0x00007ffcff0af000 	C:\WINDOWS\System32\MSCTF.dll
0x00007ffc80950000 - 0x00007ffc80af1000 	C:\WINDOWS\System32\DriverStore\FileRepository\iigd_dch.inf_amd64_d71a22cbbfee3077\igdml64.dll
0x00007ffce34c0000 - 0x00007ffce34e8000 	C:\WINDOWS\System32\DriverStore\FileRepository\iigd_dch.inf_amd64_d71a22cbbfee3077\igdinfo64.dll
0x0000028442d10000 - 0x0000028442d14000 	C:\Users\DELL\.javacpp\cache\javacpp-1.5.9-windows-x86_64.jar\org\bytedeco\javacpp\windows-x86_64\api-ms-win-crt-locale-l1-1-0.dll
0x0000028442d20000 - 0x0000028442d25000 	C:\Users\DELL\.javacpp\cache\javacpp-1.5.9-windows-x86_64.jar\org\bytedeco\javacpp\windows-x86_64\api-ms-win-crt-string-l1-1-0.dll
0x0000028442d30000 - 0x0000028442d35000 	C:\Users\DELL\.javacpp\cache\javacpp-1.5.9-windows-x86_64.jar\org\bytedeco\javacpp\windows-x86_64\api-ms-win-crt-stdio-l1-1-0.dll
0x0000028442d40000 - 0x0000028442d46000 	C:\Users\DELL\.javacpp\cache\javacpp-1.5.9-windows-x86_64.jar\org\bytedeco\javacpp\windows-x86_64\api-ms-win-crt-math-l1-1-0.dll
0x0000028442d50000 - 0x0000028442d54000 	C:\Users\DELL\.javacpp\cache\javacpp-1.5.9-windows-x86_64.jar\org\bytedeco\javacpp\windows-x86_64\api-ms-win-crt-heap-l1-1-0.dll
0x0000028442d60000 - 0x0000028442d65000 	C:\Users\DELL\.javacpp\cache\javacpp-1.5.9-windows-x86_64.jar\org\bytedeco\javacpp\windows-x86_64\api-ms-win-crt-runtime-l1-1-0.dll
0x0000028442d70000 - 0x0000028442d75000 	C:\Users\DELL\.javacpp\cache\javacpp-1.5.9-windows-x86_64.jar\org\bytedeco\javacpp\windows-x86_64\api-ms-win-crt-convert-l1-1-0.dll
0x0000028442d80000 - 0x0000028442d84000 	C:\Users\DELL\.javacpp\cache\javacpp-1.5.9-windows-x86_64.jar\org\bytedeco\javacpp\windows-x86_64\api-ms-win-crt-environment-l1-1-0.dll
0x0000028442d90000 - 0x0000028442d94000 	C:\Users\DELL\.javacpp\cache\javacpp-1.5.9-windows-x86_64.jar\org\bytedeco\javacpp\windows-x86_64\api-ms-win-crt-time-l1-1-0.dll
0x0000028442da0000 - 0x0000028442da4000 	C:\Users\DELL\.javacpp\cache\javacpp-1.5.9-windows-x86_64.jar\org\bytedeco\javacpp\windows-x86_64\api-ms-win-crt-filesystem-l1-1-0.dll
0x0000028442db0000 - 0x0000028442db4000 	C:\Users\DELL\.javacpp\cache\javacpp-1.5.9-windows-x86_64.jar\org\bytedeco\javacpp\windows-x86_64\api-ms-win-crt-utility-l1-1-0.dll
0x0000028442dc0000 - 0x0000028442dc6000 	C:\Users\DELL\.javacpp\cache\javacpp-1.5.9-windows-x86_64.jar\org\bytedeco\javacpp\windows-x86_64\api-ms-win-crt-multibyte-l1-1-0.dll

JVMTI agents: none

dbghelp: loaded successfully - version: 4.0.5 - missing functions: none
symbol engine: initialized successfully - sym options: 0x614 - pdb path: .;C:\Users\DELL\.jdks\openjdk-25.0.2\bin;C:\WINDOWS\SYSTEM32;C:\Program Files\Avast Software\Avast;C:\WINDOWS\WinSxS\amd64_microsoft.windows.common-controls_6595b64144ccf1df_6.0.26100.7824_none_3e0870b2e3345462;C:\Users\DELL\.jdks\openjdk-25.0.2\bin\server;C:\Users\DELL\.openjfx\cache\21.0.2+5\amd64;C:\WINDOWS\System32\DriverStore\FileRepository\iigd_dch.inf_amd64_d71a22cbbfee3077;C:\Users\DELL\.javacpp\cache\javacpp-1.5.9-windows-x86_64.jar\org\bytedeco\javacpp\windows-x86_64;C:\Users\DELL\.javacpp\cache\openblas-0.3.23-1.5.9-windows-x86_64.jar\org\bytedeco\openblas\windows-x86_64

VM Arguments:
jvm_args: --enable-native-access=ALL-UNNAMED --add-exports=javafx.graphics/com.sun.javafx.tk=ALL-UNNAMED --add-exports=javafx.graphics/com.sun.glass.ui=ALL-UNNAMED -Djava.library.path=C:\Users\DELL\IdeaProjects\PiDev\JDBC_workshop/lib:C:\Users\DELL\IdeaProjects\PiDev\JDBC_workshop\target/lib --module-path=C:\Users\DELL\.m2\repository\org\openjfx\javafx-base\21.0.2\javafx-base-21.0.2-win.jar;C:\Users\DELL\.m2\repository\org\openjfx\javafx-base\21.0.2\javafx-base-21.0.2.jar;C:\Users\DELL\.m2\repository\org\openjfx\javafx-controls\21.0.2\javafx-controls-21.0.2-win.jar;C:\Users\DELL\.m2\repository\org\openjfx\javafx-controls\21.0.2\javafx-controls-21.0.2.jar;C:\Users\DELL\.m2\repository\org\openjfx\javafx-fxml\21.0.2\javafx-fxml-21.0.2-win.jar;C:\Users\DELL\.m2\repository\org\openjfx\javafx-fxml\21.0.2\javafx-fxml-21.0.2.jar;C:\Users\DELL\.m2\repository\org\openjfx\javafx-graphics\21.0.2\javafx-graphics-21.0.2-win.jar;C:\Users\DELL\.m2\repository\org\openjfx\javafx-graphics\21.0.2\javafx-graphics-21.0.2.jar;C:\Users\DELL\.m2\repository\org\openjfx\javafx-media\21.0.2\javafx-media-21.0.2-win.jar;C:\Users\DELL\.m2\repository\org\openjfx\javafx-media\21.0.2\javafx-media-21.0.2.jar;C:\Users\DELL\.m2\repository\org\openjfx\javafx-swing\21.0.2\javafx-swing-21.0.2-win.jar;C:\Users\DELL\.m2\repository\org\openjfx\javafx-swing\21.0.2\javafx-swing-21.0.2.jar;C:\Users\DELL\.m2\repository\org\openjfx\javafx-web\21.0.2\javafx-web-21.0.2-win.jar;C:\Users\DELL\.m2\repository\org\openjfx\javafx-web\21.0.2\javafx-web-21.0.2.jar --add-modules=javafx.base,javafx.controls,javafx.fxml,javafx.graphics,javafx.media,javafx.swing,javafx.web 
java_command: test.MainFX
java_class_path (initial): C:\Users\DELL\IdeaProjects\PiDev\JDBC_workshop\target\classes;C:\Users\DELL\.m2\repository\co\elastic\clients\elasticsearch-java\8.12.0\elasticsearch-java-8.12.0.jar;C:\Users\DELL\.m2\repository\com\beust\jcommander\1.82\jcommander-1.82.jar;C:\Users\DELL\.m2\repository\com\fasterxml\jackson\core\jackson-annotations\2.15.2\jackson-annotations-2.15.2.jar;C:\Users\DELL\.m2\repository\com\fasterxml\jackson\core\jackson-core\2.15.2\jackson-core-2.15.2.jar;C:\Users\DELL\.m2\repository\com\fasterxml\jackson\core\jackson-databind\2.15.2\jackson-databind-2.15.2.jar;C:\Users\DELL\.m2\repository\com\github\jai-imageio\jai-imageio-core\1.4.0\jai-imageio-core-1.4.0.jar;C:\Users\DELL\.m2\repository\com\github\sarxos\webcam-capture\0.3.12\webcam-capture-0.3.12.jar;C:\Users\DELL\.m2\repository\com\google\code\findbugs\jsr305\3.0.2\jsr305-3.0.2.jar;C:\Users\DELL\.m2\repository\com\google\code\gson\gson\2.10.1\gson-2.10.1.jar;C:\Users\DELL\.m2\repository\com\google\protobuf\protobuf-java\3.21.9\protobuf-java-3.21.9.jar;C:\Users\DELL\.m2\repository\com\google\zxing\core\3.5.2\core-3.5.2.jar;C:\Users\DELL\.m2\repository\com\google\zxing\javase\3.5.2\javase-3.5.2.jar;C:\Users\DELL\.m2\repository\com\mysql\mysql-connector-j\8.0.33\mysql-connector-j-8.0.33.jar;C:\Users\DELL\.m2\repository\com\nativelibs4java\bridj\0.7.0\bridj-0.7.0.jar;C:\Users\DELL\.m2\repository\com\sun\mail\javax.mail\1.6.2\javax.mail-1.6.2.jar;C:\Users\DELL\.m2\repository\commons-codec\commons-codec\1.15\commons-codec-1.15.jar;C:\Users\DELL\.m2\repository\commons-logging\commons-logging\1.2\commons-logging-1.2.jar;C:\Users\DELL\.m2\repository\io\opentelemetry\opentelemetry-api\1.29.0\opentelemetry-api-1.29.0.jar;C:\Users\DELL\.m2\repository\io\opentelemetry\opentelemetry-context\1.29.0\opentelemetry-context-1.29.0.jar;C:\Users\DELL\.m2\repository\jakarta\json\jakarta.json-api\2.0.1\jakarta.json-api-2.0.1.jar;C:\Users\DELL\.m2\repository\javax\activation\activation\1.1\activation-1.1.jar;C:\Users\DELL\.m2\repository\org\apache\httpcomponents\httpasyncclient\4.1.5\httpasyncclient-4.1.5.jar;C:\Users\DELL\.m2\repository\org\apache\httpcomponents\httpclient\4.5.13\httpclient-4.5.13.jar;C:\Users\DELL\.m2\repository\org\apache\httpcomponents\httpcore\4.4.13\httpcore-4.4.13.jar;C:\Users\DELL\.m2\repository\org\apache\httpcomponents\httpcore-nio\4.4.13\httpcore-nio-4.4.13.jar;C:\Users\DELL\.m2\repository\org\bytedeco\artoolkitplus\2.3.1-1.5.9\artoolkitplus-2.3.1-1.5.9-android-arm.jar;C:\Users\DELL\.m2\repository\org\bytedeco\artoolkitplus\2.3.1-1.5.9\artoolkitplus-2.3.1-1.5.9-android-arm64.jar;C:\Users\DELL\.m2\repository\org\bytedeco\artoolkitplus\2.3.1-1.5.9\artoolkitplus-2.3.1-1.5.9-android-x86.jar;C:\Users\DELL\.m2\repository\org\bytedeco\artoolkitplus\2.3.1-1.5.9\artoolkitplus-2.3.1-1.5.9-android-x86_64.jar;C:\Users\DELL\.m2\repository\org\bytedeco\artoolkitplus\2.3.1-1.5.9\artoolkitplus-2.3.1-1.5.9-linux-arm64.jar;C:\Users\DELL\.m2\repository\org\bytedeco\artoolkitplus\2.3.1-1.5.9\artoolkitplus-2.3.1-1.5.9-linux-armhf.jar;C:\Users\DELL\.m2\repository\org\bytedeco\artoolkitplus\2.3.1-1.5.9\artoolkitplus-2.3.1-1.5.9-linux-ppc64le.jar;C:\Users\DELL\.m2\repository\org\bytedeco\artoolkitplus\2.3.1-1.5.9\artoolkitplus-2.3.1-1.5.9-linux-x86.jar;C:\Users\DELL\.m2\repository\org\bytedeco\artoolkitplus\2.3.1-1.5.9\artoolkitplus-2.3.1-1.5.9-linux-x86_64.jar;C:\Users\DELL\.m2\repository\org\bytedeco\artoolkitplus\2.3.1-1.5.9\artoolkitplus-2.3.1-1.5.9-macosx-x86_64.jar;C:\Users\DELL\.m2\repository\org\bytedeco\artoolkitplus\2.3.1-1.5.9\artoolkitplus-2.3.1-1.5.9-windows-x86.jar;C:\Users\DELL\.m2\repository\org\bytedeco\artoolkitplus\2.3.1-1.5.9\artoolkitplus-2.3.1-1.5.9-windows-x86_64.jar;C:\Users\DELL\.m2\repository\org\bytedeco\artoolkitplus\2.3.1-1.5.9\artoolkitplus-2.3.1-1.5.9.jar;C:\Users\DELL\.m2\repository\org\bytedeco\artoolkitplus-platform\2.3.1-1.5.9\artoolkitplus-platform-2.3.1-1.5.9.jar;C:\Users\DELL\.m2\repository\org\bytedeco\ffmpeg\6.0-1.5.9\ffmpeg-6.0-1.5.9-android-arm.jar;C:\Users\DELL\.m2\repository\org\bytedeco\ffmpeg\6.0-1.5.9\ffmpeg-6.0-1.5.9-android-arm64.jar;C:\Users\DELL\.m2\repository\org\bytedeco\ffmpeg\6.0-1.5.9\ffmpeg-6.0-1.5.9-android-x86.jar;C:\Users\DELL\.m2\repository\org\bytedeco\ffmpeg\6.0-1.5.9\ffmpeg-6.0-1.5.9-android-x86_64.jar;C:\Users\DELL\.m2\repository\org\bytedeco\ffmpeg\6.0-1.5.9\ffmpeg-6.0-1.5.9-linux-arm64.jar;C:\Users\DELL\.m2\repository\org\bytedeco\ffmpeg\6.0-1.5.9\ffmpeg-6.0-1.5.9-linux-armhf.jar;C:\Users\DELL\.m2\repository\org\bytedeco\ffmpeg\6.0-1.5.9\ffmpeg-6.0-1.5.9-linux-ppc64le.jar;C:\Users\DELL\.m2\repository\org\bytedeco\ffmpeg\6.0-1.5.9\ffmpeg-6.0-1.5.9-linux-x86.jar;C:\Users\DELL\.m2\repository\org\bytedeco\ffmpeg\6.0-1.5.9\ffmpeg-6.0-1.5.9-linux-x86_64.jar;C:\Users\DELL\.m2\repository\org\bytedeco\ffmpeg\6.0-1.5.9\ffmpeg-6.0-1.5.9-macosx-arm64.jar;C:\Users\DELL\.m2\repository\org\bytedeco\ffmpeg\6.0-1.5.9\ffmpeg-6.0-1.5.9-macosx-x86_64.jar;C:\Users\DELL\.m2\repository\org\bytedeco\ffmpeg\6.0-1.5.9\ffmpeg-6.0-1.5.9-windows-x86.jar;C:\Users\DELL\.m2\repository\org\bytedeco\ffmpeg\6.0-1.5.9\ffmpeg-6.0-1.5.9-windows-x86_64.jar;C:\Users\DELL\.m2\repository\org\bytedeco\ffmpeg\6.0-1.5.9\ffmpeg-6.0-1.5.9.jar;C:\Users\DELL\.m2\repository\org\bytedeco\ffmpeg-platform\6.0-1.5.9\ffmpeg-platform-6.0-1.5.9.jar;C:\Users\DELL\.m2\repository\org\bytedeco\flycapture\2.13.3.31-1.5.9\flycapture-2.13.3.31-1.5.9-linux-arm64.jar;C:\Users\DELL\.m2\repository\org\bytedeco\flycapture\2.13.3.31-1.5.9\flycapture-2.13.3.31-1.5.9-linux-armhf.jar;C:\Users\DELL\.m2\repository\org\bytedeco\flycapture\2.13.3.31-1.5.9\flycapture-2.13.3.31-1.5.9-linux-x86.jar;C:\Users\DELL\.m2\repository\org\bytedeco\flycapture\2.13.3.31-1.5.9\flycapture-2.13.3.31-1.5.9-linux-x86_64.jar;C:\Users\DELL\.m2\repository\org\bytedeco\flycapture\2.13.3.31-1.5.9\flycapture-2.13.3.31-1.5.9-windows-x86.jar;C:\Users\DELL\.m2\repository\org\bytedeco\flycapture\2.13.3.31-1.5.9\flycapture-2.13.3.31-1.5.9-windows-x86_64.jar;C:\Users\DELL\.m2\repository\org\bytedeco\flycapture\2.13.3.31-1.5.9\flycapture-2.13.3.31-1.5.9.jar;C:\Users\DELL\.m2\repository\org\bytedeco\flycapture-platform\2.13.3.31-1.5.9\flycapture-platform-2.13.3.31-1.5.9.jar;C:\Users\DELL\.m2\repository\org\bytedeco\javacpp\1.5.9\javacpp-1.5.9-android-arm.jar;C:\Users\DELL\.m2\repository\org\bytedeco\javacpp\1.5.9\javacpp-1.5.9-android-arm64.jar;C:\Users\DELL\.m2\repository\org\bytedeco\javacpp\1.5.9\javacpp-1.5.9-android-x86.jar;C:\Users\DELL\.m2\repository\org\bytedeco\javacpp\1.5.9\javacpp-1.5.9-android-x86_64.jar;C:\Users\DELL\.m2\repository\org\bytedeco\javacpp\1.5.9\javacpp-1.5.9-ios-arm64.jar;C:\Users\DELL\.m2\repository\org\bytedeco\javacpp\1.5.9\javacpp-1.5.9-ios-x86_64.jar;C:\Users\DELL\.m2\repository\org\bytedeco\javacpp\1.5.9\javacpp-1.5.9-linux-arm64.jar;C:\Users\DELL\.m2\repository\org\bytedeco\javacpp\1.5.9\javacpp-1.5.9-linux-armhf.jar;C:\Users\DELL\.m2\repository\org\bytedeco\javacpp\1.5.9\javacpp-1.5.9-linux-ppc64le.jar;C:\Users\DELL\.m2\repository\org\bytedeco\javacpp\1.5.9\javacpp-1.5.9-linux-x86.jar;C:\Users\DELL\.m2\repository\org\bytedeco\javacpp\1.5.9\javacpp-1.5.9-linux-x86_64.jar;C:\Users\DELL\.m2\repository\org\bytedeco\javacpp\1.5.9\javacpp-1.5.9-macosx-arm64.jar;C:\Users\DELL\.m2\repository\org\bytedeco\javacpp\1.5.9\javacpp-1.5.9-macosx-x86_64.jar;C:\Users\DELL\.m2\repository\org\bytedeco\javacpp\1.5.9\javacpp-1.5.9-windows-x86.jar;C:\Users\DELL\.m2\repository\org\bytedeco\javacpp\1.5.9\javacpp-1.5.9-windows-x86_64.jar;C:\Users\DELL\.m2\repository\org\bytedeco\javacpp\1.5.9\javacpp-1.5.9.jar;C:\Users\DELL\.m2\repository\org\bytedeco\javacpp-platform\1.5.9\javacpp-platform-1.5.9.jar;C:\Users\DELL\.m2\repository\org\bytedeco\javacv\1.5.9\javacv-1.5.9.jar;C:\Users\DELL\.m2\repository\org\bytedeco\javacv-platform\1.5.9\javacv-platform-1.5.9.jar;C:\Users\DELL\.m2\repository\org\bytedeco\leptonica\1.83.0-1.5.9\leptonica-1.83.0-1.5.9-android-arm.jar;C:\Users\DELL\.m2\repository\org\bytedeco\leptonica\1.83.0-1.5.9\leptonica-1.83.0-1.5.9-android-arm64.jar;C:\Users\DELL\.m2\repository\org\bytedeco\leptonica\1.83.0-1.5.9\leptonica-1.83.0-1.5.9-android-x86.jar;C:\Users\DELL\.m2\repository\org\bytedeco\leptonica\1.83.0-1.5.9\leptonica-1.83.0-1.5.9-android-x86_64.jar;C:\Users\DELL\.m2\repository\org\bytedeco\leptonica\1.83.0-1.5.9\leptonica-1.83.0-1.5.9-linux-arm64.jar;C:\Users\DELL\.m2\repository\org\bytedeco\leptonica\1.83.0-1.5.9\leptonica-1.83.0-1.5.9-linux-armhf.jar;C:\Users\DELL\.m2\repository\org\bytedeco\leptonica\1.83.0-1.5.9\leptonica-1.83.0-1.5.9-linux-ppc64le.jar;C:\Users\DELL\.m2\repository\org\bytedeco\leptonica\1.83.0-1.5.9\leptonica-1.83.0-1.5.9-linux-x86.jar;C:\Users\DELL\.m2\repository\org\bytedeco\leptonica\1.83.0-1.5.9\leptonica-1.83.0-1.5.9-linux-x86_64.jar;C:\Users\DELL\.m2\repository\org\bytedeco\leptonica\1.83.0-1.5.9\leptonica-1.83.0-1.5.9-macosx-arm64.jar;C:\Users\DELL\.m2\repository\org\bytedeco\leptonica\1.83.0-1.5.9\leptonica-1.83.0-1.5.9-macosx-x86_64.jar;C:\Users\DELL\.m2\repository\org\bytedeco\leptonica\1.83.0-1.5.9\leptonica-1.83.0-1.5.9-windows-x86.jar;C:\Users\DELL\.m2\repository\org\bytedeco\leptonica\1.83.0-1.5.9\leptonica-1.83.0-1.5.9-windows-x86_64.jar;C:\Users\DELL\.m2\repository\org\bytedeco\leptonica\1.83.0-1.5.9\leptonica-1.83.0-1.5.9.jar;C:\Users\DELL\.m2\repository\org\bytedeco\leptonica-platform\1.83.0-1.5.9\leptonica-platform-1.83.0-1.5.9.jar;C:\Users\DELL\.m2\repository\org\bytedeco\libdc1394\2.2.6-1.5.9\libdc1394-2.2.6-1.5.9-linux-arm64.jar;C:\Users\DELL\.m2\repository\org\bytedeco\libdc1394\2.2.6-1.5.9\libdc1394-2.2.6-1.5.9-linux-armhf.jar;C:\Users\DELL\.m2\repository\org\bytedeco\libdc1394\2.2.6-1.5.9\libdc1394-2.2.6-1.5.9-linux-ppc64le.jar;C:\Users\DELL\.m2\repository\org\bytedeco\libdc1394\2.2.6-1.5.9\libdc1394-2.2.6-1.5.9-linux-x86.jar;C:\Users\DELL\.m2\repository\org\bytedeco\libdc1394\2.2.6-1.5.9\libdc1394-2.2.6-1.5.9-linux-x86_64.jar;C:\Users\DELL\.m2\repository\org\bytedeco\libdc1394\2.2.6-1.5.9\libdc1394-2.2.6-1.5.9-macosx-x86_64.jar;C:\Users\DELL\.m2\repository\org\bytedeco\libdc1394\2.2.6-1.5.9\libdc1394-2.2.6-1.5.9-windows-x86.jar;C:\Users\DELL\.m2\repository\org\bytedeco\libdc1394\2.2.6-1.5.9\libdc1394-2.2.6-1.5.9-windows-x86_64.jar;C:\Users\DELL\.m2\repository\org\bytedeco\libdc1394\2.2.6-1.5.9\libdc1394-2.2.6-1.5.9.jar;C:\Users\DELL\.m2\repository\org\bytedeco\libdc1394-platform\2.2.6-1.5.9\libdc1394-platform-2.2.6-1.5.9.jar;C:\Users\DELL\.m2\repository\org\bytedeco\libfreenect\0.5.7-1.5.9\libfreenect-0.5.7-1.5.9-linux-arm64.jar;C:\Users\DELL\.m2\repository\org\bytedeco\libfreenect\0.5.7-1.5.9\libfreenect-0.5.7-1.5.9-linux-armhf.jar;C:\Users\DELL\.m2\repository\org\bytedeco\libfreenect\0.5.7-1.5.9\libfreenect-0.5.7-1.5.9-linux-ppc64le.jar;C:\Users\DELL\.m2\repository\org\bytedeco\libfreenect\0.5.7-1.5.9\libfreenect-0.5.7-1.5.9-linux-x86.jar;C:\Users\DELL\.m2\repository\org\bytedeco\libfreenect\0.5.7-1.5.9\libfreenect-0.5.7-1.5.9-linux-x86_64.jar;C:\Users\DELL\.m2\repository\org\bytedeco\libfreenect\0.5.7-1.5.9\libfreenect-0.5.7-1.5.9-macosx-x86_64.jar;C:\Users\DELL\.m2\repository\org\bytedeco\libfreenect\0.5.7-1.5.9\libfreenect-0.5.7-1.5.9-windows-x86.jar;C:\Users\DELL\.m2\repository\org\bytedeco\libfreenect\0.5.7-1.5.9\libfreenect-0.5.7-1.5.9-windows-x86_64.jar;C:\Users\DELL\.m2\repository\org\bytedeco\libfreenect\0.5.7-1.5.9\libfreenect-0.5.7-1.5.9.jar;C:\Users\DELL\.m2\repository\org\bytedeco\libfreenect-platform\0.5.7-1.5.9\libfreenect-platform-0.5.7-1.5.9.jar;C:\Users\DELL\.m2\repository\org\bytedeco\libfreenect2\0.2.0-1.5.9\libfreenect2-0.2.0-1.5.9-linux-x86.jar;C:\Users\DELL\.m2\repository\org\bytedeco\libfreenect2\0.2.0-1.5.9\libfreenect2-0.2.0-1.5.9-linux-x86_64.jar;C:\Users\DELL\.m2\repository\org\bytedeco\libfreenect2\0.2.0-1.5.9\libfreenect2-0.2.0-1.5.9-macosx-x86_64.jar;C:\Users\DELL\.m2\repository\org\bytedeco\libfreenect2\0.2.0-1.5.9\libfreenect2-0.2.0-1.5.9-windows-x86_64.jar;C:\Users\DELL\.m2\repository\org\bytedeco\libfreenect2\0.2.0-1.5.9\libfreenect2-0.2.0-1.5.9.jar;C:\Users\DELL\.m2\repository\org\bytedeco\libfreenect2-platform\0.2.0-1.5.9\libfreenect2-platform-0.2.0-1.5.9.jar;C:\Users\DELL\.m2\repository\org\bytedeco\librealsense\1.12.4-1.5.9\librealsense-1.12.4-1.5.9-linux-arm64.jar;C:\Users\DELL\.m2\repository\org\bytedeco\librealsense\1.12.4-1.5.9\librealsense-1.12.4-1.5.9-linux-armhf.jar;C:\Users\DELL\.m2\repository\org\bytedeco\librealsense\1.12.4-1.5.9\librealsense-1.12.4-1.5.9-linux-x86.jar;C:\Users\DELL\.m2\repository\org\bytedeco\librealsense\1.12.4-1.5.9\librealsense-1.12.4-1.5.9-linux-x86_64.jar;C:\Users\DELL\.m2\repository\org\bytedeco\librealsense\1.12.4-1.5.9\librealsense-1.12.4-1.5.9-macosx-x86_64.jar;C:\Users\DELL\.m2\repository\org\bytedeco\librealsense\1.12.4-1.5.9\librealsense-1.12.4-1.5.9-windows-x86.jar;C:\Users\DELL\.m2\repository\org\bytedeco\librealsense\1.12.4-1.5.9\librealsense-1.12.4-1.5.9-windows-x86_64.jar;C:\Users\DELL\.m2\repository\org\bytedeco\librealsense\1.12.4-1.5.9\librealsense-1.12.4-1.5.9.jar;C:\Users\DELL\.m2\repository\org\bytedeco\librealsense-platform\1.12.4-1.5.9\librealsense-platform-1.12.4-1.5.9.jar;C:\Users\DELL\.m2\repository\org\bytedeco\librealsense2\2.53.1-1.5.9\librealsense2-2.53.1-1.5.9-linux-arm64.jar;C:\Users\DELL\.m2\repository\org\bytedeco\librealsense2\2.53.1-1.5.9\librealsense2-2.53.1-1.5.9-linux-armhf.jar;C:\Users\DELL\.m2\repository\org\bytedeco\librealsense2\2.53.1-1.5.9\librealsense2-2.53.1-1.5.9-linux-x86.jar;C:\Users\DELL\.m2\repository\org\bytedeco\librealsense2\2.53.1-1.5.9\librealsense2-2.53.1-1.5.9-linux-x86_64.jar;C:\Users\DELL\.m2\repository\org\bytedeco\librealsense2\2.53.1-1.5.9\librealsense2-2.53.1-1.5.9-macosx-x86_64.jar;C:\Users\DELL\.m2\repository\org\bytedeco\librealsense2\2.53.1-1.5.9\librealsense2-2.53.1-1.5.9-windows-x86.jar;C:\Users\DELL\.m2\repository\org\bytedeco\librealsense2\2.53.1-1.5.9\librealsense2-2.53.1-1.5.9-windows-x86_64.jar;C:\Users\DELL\.m2\repository\org\bytedeco\librealsense2\2.53.1-1.5.9\librealsense2-2.53.1-1.5.9.jar;C:\Users\DELL\.m2\repository\org\bytedeco\librealsense2-platform\2.53.1-1.5.9\librealsense2-platform-2.53.1-1.5.9.jar;C:\Users\DELL\.m2\repository\org\bytedeco\openblas\0.3.23-1.5.9\openblas-0.3.23-1.5.9-android-arm.jar;C:\Users\DELL\.m2\repository\org\bytedeco\openblas\0.3.23-1.5.9\openblas-0.3.23-1.5.9-android-arm64.jar;C:\Users\DELL\.m2\repository\org\bytedeco\openblas\0.3.23-1.5.9\openblas-0.3.23-1.5.9-android-x86.jar;C:\Users\DELL\.m2\repository\org\bytedeco\openblas\0.3.23-1.5.9\openblas-0.3.23-1.5.9-android-x86_64.jar;C:\Users\DELL\.m2\repository\org\bytedeco\openblas\0.3.23-1.5.9\openblas-0.3.23-1.5.9-ios-arm64.jar;C:\Users\DELL\.m2\repository\org\bytedeco\openblas\0.3.23-1.5.9\openblas-0.3.23-1.5.9-ios-x86_64.jar;C:\Users\DELL\.m2\repository\org\bytedeco\openblas\0.3.23-1.5.9\openblas-0.3.23-1.5.9-linux-arm64.jar;C:\Users\DELL\.m2\repository\org\bytedeco\openblas\0.3.23-1.5.9\openblas-0.3.23-1.5.9-linux-armhf.jar;C:\Users\DELL\.m2\repository\org\bytedeco\openblas\0.3.23-1.5.9\openblas-0.3.23-1.5.9-linux-ppc64le.jar;C:\Users\DELL\.m2\repository\org\bytedeco\openblas\0.3.23-1.5.9\openblas-0.3.23-1.5.9-linux-x86.jar;C:\Users\DELL\.m2\repository\org\bytedeco\openblas\0.3.23-1.5.9\openblas-0.3.23-1.5.9-linux-x86_64.jar;C:\Users\DELL\.m2\repository\org\bytedeco\openblas\0.3.23-1.5.9\openblas-0.3.23-1.5.9-macosx-arm64.jar;C:\Users\DELL\.m2\repository\org\bytedeco\openblas\0.3.23-1.5.9\openblas-0.3.23-1.5.9-macosx-x86_64.jar;C:\Users\DELL\.m2\repository\org\bytedeco\openblas\0.3.23-1.5.9\openblas-0.3.23-1.5.9-windows-x86.jar;C:\Users\DELL\.m2\repository\org\bytedeco\openblas\0.3.23-1.5.9\openblas-0.3.23-1.5.9-windows-x86_64.jar;C:\Users\DELL\.m2\repository\org\bytedeco\openblas\0.3.23-1.5.9\openblas-0.3.23-1.5.9.jar;C:\Users\DELL\.m2\repository\org\bytedeco\openblas-platform\0.3.23-1.5.9\openblas-platform-0.3.23-1.5.9.jar;C:\Users\DELL\.m2\repository\org\bytedeco\opencv\4.7.0-1.5.9\opencv-4.7.0-1.5.9-android-arm.jar;C:\Users\DELL\.m2\repository\org\bytedeco\opencv\4.7.0-1.5.9\opencv-4.7.0-1.5.9-android-arm64.jar;C:\Users\DELL\.m2\repository\org\bytedeco\opencv\4.7.0-1.5.9\opencv-4.7.0-1.5.9-android-x86.jar;C:\Users\DELL\.m2\repository\org\bytedeco\opencv\4.7.0-1.5.9\opencv-4.7.0-1.5.9-android-x86_64.jar;C:\Users\DELL\.m2\repository\org\bytedeco\opencv\4.7.0-1.5.9\opencv-4.7.0-1.5.9-ios-arm64.jar;C:\Users\DELL\.m2\repository\org\bytedeco\opencv\4.7.0-1.5.9\opencv-4.7.0-1.5.9-ios-x86_64.jar;C:\Users\DELL\.m2\repository\org\bytedeco\opencv\4.7.0-1.5.9\opencv-4.7.0-1.5.9-linux-arm64.jar;C:\Users\DELL\.m2\repository\org\bytedeco\opencv\4.7.0-1.5.9\opencv-4.7.0-1.5.9-linux-armhf.jar;C:\Users\DELL\.m2\repository\org\bytedeco\opencv\4.7.0-1.5.9\opencv-4.7.0-1.5.9-linux-ppc64le.jar;C:\Users\DELL\.m2\repository\org\bytedeco\opencv\4.7.0-1.5.9\opencv-4.7.0-1.5.9-linux-x86.jar;C:\Users\DELL\.m2\repository\org\bytedeco\opencv\4.7.0-1.5.9\opencv-4.7.0-1.5.9-linux-x86_64.jar;C:\Users\DELL\.m2\repository\org\bytedeco\opencv\4.7.0-1.5.9\opencv-4.7.0-1.5.9-macosx-arm64.jar;C:\Users\DELL\.m2\repository\org\bytedeco\opencv\4.7.0-1.5.9\opencv-4.7.0-1.5.9-macosx-x86_64.jar;C:\Users\DELL\.m2\repository\org\bytedeco\opencv\4.7.0-1.5.9\opencv-4.7.0-1.5.9-windows-x86.jar;C:\Users\DELL\.m2\repository\org\bytedeco\opencv\4.7.0-1.5.9\opencv-4.7.0-1.5.9-windows-x86_64.jar;C:\Users\DELL\.m2\repository\org\bytedeco\opencv\4.7.0-1.5.9\opencv-4.7.0-1.5.9.jar;C:\Users\DELL\.m2\repository\org\bytedeco\opencv-platform\4.7.0-1.5.9\opencv-platform-4.7.0-1.5.9.jar;C:\Users\DELL\.m2\repository\org\bytedeco\tesseract\5.3.1-1.5.9\tesseract-5.3.1-1.5.9-android-arm.jar;C:\Users\DELL\.m2\repository\org\bytedeco\tesseract\5.3.1-1.5.9\tesseract-5.3.1-1.5.9-android-arm64.jar;C:\Users\DELL\.m2\repository\org\bytedeco\tesseract\5.3.1-1.5.9\tesseract-5.3.1-1.5.9-android-x86.jar;C:\Users\DELL\.m2\repository\org\bytedeco\tesseract\5.3.1-1.5.9\tesseract-5.3.1-1.5.9-android-x86_64.jar;C:\Users\DELL\.m2\repository\org\bytedeco\tesseract\5.3.1-1.5.9\tesseract-5.3.1-1.5.9-linux-arm64.jar;C:\Users\DELL\.m2\repository\org\bytedeco\tesseract\5.3.1-1.5.9\tesseract-5.3.1-1.5.9-linux-armhf.jar;C:\Users\DELL\.m2\repository\org\bytedeco\tesseract\5.3.1-1.5.9\tesseract-5.3.1-1.5.9-linux-ppc64le.jar;C:\Users\DELL\.m2\repository\org\bytedeco\tesseract\5.3.1-1.5.9\tesseract-5.3.1-1.5.9-linux-x86.jar;C:\Users\DELL\.m2\repository\org\bytedeco\tesseract\5.3.1-1.5.9\tesseract-5.3.1-1.5.9-linux-x86_64.jar;C:\Users\DELL\.m2\repository\org\bytedeco\tesseract\5.3.1-1.5.9\tesseract-5.3.1-1.5.9-macosx-arm64.jar;C:\Users\DELL\.m2\repository\org\bytedeco\tesseract\5.3.1-1.5.9\tesseract-5.3.1-1.5.9-macosx-x86_64.jar;C:\Users\DELL\.m2\repository\org\bytedeco\tesseract\5.3.1-1.5.9\tesseract-5.3.1-1.5.9-windows-x86.jar;C:\Users\DELL\.m2\repository\org\bytedeco\tesseract\5.3.1-1.5.9\tesseract-5.3.1-1.5.9-windows-x86_64.jar;C:\Users\DELL\.m2\repository\org\bytedeco\tesseract\5.3.1-1.5.9\tesseract-5.3.1-1.5.9.jar;C:\Users\DELL\.m2\repository\org\bytedeco\tesseract-platform\5.3.1-1.5.9\tesseract-platform-5.3.1-1.5.9.jar;C:\Users\DELL\.m2\repository\org\bytedeco\videoinput\0.200-1.5.9\videoinput-0.200-1.5.9-windows-x86.jar;C:\Users\DELL\.m2\repository\org\bytedeco\videoinput\0.200-1.5.9\videoinput-0.200-1.5.9-windows-x86_64.jar;C:\Users\DELL\.m2\repository\org\bytedeco\videoinput\0.200-1.5.9\videoinput-0.200-1.5.9.jar;C:\Users\DELL\.m2\repository\org\bytedeco\videoinput-platform\0.200-1.5.9\videoinput-platform-0.200-1.5.9.jar;C:\Users\DELL\.m2\repository\org\eclipse\parsson\parsson\1.0.0\parsson-1.0.0.jar;C:\Users\DELL\.m2\repository\org\elasticsearch\client\elasticsearch-rest-client\8.12.0\elasticsearch-rest-client-8.12.0.jar;C:\Users\DELL\.m2\repository\org\json\json\20231013\json-20231013.jar;C:\Users\DELL\.m2\repository\org\openpnp\opencv\4.7.0-0\opencv-4.7.0-0.jar;C:\Users\DELL\.m2\repository\org\slf4j\slf4j-api\1.7.2\slf4j-api-1.7.2.jar;C:\Users\DELL\.m2\repository\org\slf4j\slf4j-simple\2.0.9\slf4j-simple-2.0.9.jar
Launcher Type: SUN_STANDARD

[Global flags]
     intx CICompilerCount                          = 4                                         {product} {ergonomic}
     uint ConcGCThreads                            = 3                                         {product} {ergonomic}
     uint G1ConcRefinementThreads                  = 10                                        {product} {ergonomic}
   size_t G1HeapRegionSize                         = 4194304                                   {product} {ergonomic}
   size_t InitialHeapSize                          = 398458880                                 {product} {ergonomic}
   size_t MarkStackSize                            = 4194304                                   {product} {ergonomic}
   size_t MarkStackSizeMax                         = 536870912                                 {product} {ergonomic}
   size_t MaxHeapSize                              = 6362759168                                {product} {ergonomic}
   size_t MaxNewSize                               = 3816816640                                {product} {ergonomic}
   size_t MinHeapDeltaBytes                        = 4194304                                   {product} {ergonomic}
   size_t MinHeapSize                              = 8388608                                   {product} {ergonomic}
    uintx NonNMethodCodeHeapSize                   = 5832704                                {pd product} {ergonomic}
    uintx NonProfiledCodeHeapSize                  = 122945536                              {pd product} {ergonomic}
    uintx ProfiledCodeHeapSize                     = 122880000                              {pd product} {ergonomic}
    uintx ReservedCodeCacheSize                    = 251658240                              {pd product} {ergonomic}
     bool SegmentedCodeCache                       = true                                      {product} {ergonomic}
   size_t SoftMaxHeapSize                          = 6362759168                             {manageable} {ergonomic}
     bool UseCompressedOops                        = true                           {product lp64_product} {ergonomic}
     bool UseG1GC                                  = true                                      {product} {ergonomic}
     bool UseLargePagesIndividualAllocation        = false                                  {pd product} {ergonomic}

Logging:
Log output configuration:
 #0: stdout all=warning uptime,level,tags foldmultilines=false
 #1: stderr all=off uptime,level,tags foldmultilines=false

Release file:
IMPLEMENTOR="Oracle Corporation" 
JAVA_RUNTIME_VERSION="25.0.2+10-69" 
JAVA_VERSION="25.0.2" 
JAVA_VERSION_DATE="2026-01-20" 
LIBC="default" 
MODULES="java.base java.compiler java.datatransfer java.xml java.prefs java.desktop java.instrument java.logging java.management java.security.sasl java.naming java.rmi java.management.rmi java.net.http java.scripting java.security.jgss java.transaction.xa java.sql java.sql.rowset java.xml.crypto java.se java.smartcardio jdk.accessibility jdk.internal.jvmstat jdk.attach jdk.charsets jdk.internal.opt jdk.zipfs jdk.compiler jdk.crypto.cryptoki jdk.crypto.ec jdk.crypto.mscapi jdk.dynalink jdk.internal.ed jdk.editpad jdk.internal.vm.ci jdk.graal.compiler jdk.graal.compiler.management jdk.hotspot.agent jdk.httpserver jdk.incubator.vector jdk.internal.le jdk.internal.md jdk.jartool jdk.javadoc jdk.jcmd jdk.management jdk.management.agent jdk.jconsole jdk.jdeps jdk.jdwp.agent jdk.jdi jdk.jfr jdk.jlink jdk.jpackage jdk.jshell jdk.jsobject jdk.jstatd jdk.localedata jdk.management.jfr jdk.naming.dns jdk.naming.rmi jdk.net jdk.nio.mapmode jdk.sctp jdk.security.auth jdk.security.jgss jdk.unsupported jdk.unsupported.desktop jdk.xml.dom" 
OS_ARCH="x86_64" 
OS_NAME="Windows" 
SOURCE=".:git:405a5699ebd0" 

Environment Variables:
JAVA_HOME=C:\Users\DELL\.jdks\openjdk-25.0.2
PATH=C:\oraclexe\app\oracle\product\11.2.0\server\bin;;C:\Program Files (x86)\VMware\VMware Workstation\bin\;C:\Program Files\Common Files\Oracle\Java\javapath;C:\Program Files (x86)\Common Files\Oracle\Java\javapath;C:\WINDOWS\system32;C:\WINDOWS;C:\WINDOWS\System32\Wbem;C:\WINDOWS\System32\WindowsPowerShell\v1.0\;C:\WINDOWS\System32\OpenSSH\;C:\Program Files\Java\jdk-21\bin;C:\Program Files\MongoDB\Server\8.0\bin;C:\Program Files\Java\jdk-1.8\bin;C:\Program Files\Java\jdk-17\bin;C:\Users\DELL\Downloads\apache-maven-3.9.9-bin\apache-maven-3.9.9\bin;C:\Users\DELL\Downloads\PortableGit\bin;C:\Users\DELL\Downloads\PortableGit\cmd;C:\Program Files\nodejs\;C:\xampp\php;C:\ProgramData\ComposerSetup\bin;C:\symfony;C:\Program Files\dotnet\;C:\Users\DELL\AppData\Local\Microsoft\WindowsApps;C:\Users\DELL\AppData\Local\Programs\Microsoft VS Code\bin;C:\Users\DELL\AppData\Roaming\npm;C:\Users\DELL\AppData\Roaming\Composer\vendor\bin;C:\Program Files\JetBrains\IntelliJ IDEA 2025.2.1\bin
USERNAME=DELL
OS=Windows_NT
PROCESSOR_IDENTIFIER=Intel64 Family 6 Model 154 Stepping 4, GenuineIntel
TMP=C:\Users\DELL\AppData\Local\Temp
TEMP=C:\Users\DELL\AppData\Local\Temp




Compilation memory statistics disabled.

Periodic native trim disabled

---------------  S Y S T E M  ---------------

OS:
 Windows 11 , 64 bit Build 26100 (10.0.26100.7705)
OS uptime: 1 days 0:11 hours
Hyper-V role detected

CPU: total 12 (initial active 12) (6 cores per cpu, 2 threads per core) family 6 model 154 stepping 4 microcode 0x43b, cx8, cmov, fxsr, ht, mmx, 3dnowpref, sse, sse2, sse3, ssse3, sse4.1, sse4.2, popcnt, lzcnt, tsc, tscinvbit, avx, avx2, aes, erms, clmul, bmi1, bmi2, adx, sha, fma, vzeroupper, clflush, clflushopt, clwb, hv, serialize, rdtscp, rdpid, fsrm, gfni, f16c, cet_ibt, cet_ss
Processor Information for the first 12 processors :
  Max Mhz: 1300, Current Mhz: 1300, Mhz Limit: 1300

Memory: 4k page, system-wide physical 24260M (4888M free)
TotalPageFile size 85175M (AvailPageFile size 662M)
current process WorkingSet (physical memory assigned to process): 184M, peak: 184M
current process commit charge ("private bytes"): 3388M, peak: 3391M

vm_info: OpenJDK 64-Bit Server VM (25.0.2+10-69) for windows-amd64 JRE (25.0.2+10-69), built on 2025-12-18T11:36:35Z with MS VC++ 17.13 (VS2022)

END.
