#
# There is insufficient memory for the Java Runtime Environment to continue.
# Native memory allocation (mmap) failed to map 260046848 bytes. Error detail: G1 virtual space
# Possible reasons:
#   The system is out of physical RAM or swap space
#   This process is running with CompressedOops enabled, and the Java Heap may be blocking the growth of the native heap
# Possible solutions:
#   Reduce memory load on the system
#   Increase physical memory or swap space
#   Check if swap backing store is full
#   Decrease Java heap size (-Xmx/-Xms)
#   Decrease number of Java threads
#   Decrease Java thread stack sizes (-Xss)
#   Set larger code cache with -XX:ReservedCodeCacheSize=
#   JVM is running with Zero Based Compressed Oops mode in which the Java heap is
#     placed in the first 32GB address space. The Java Heap base address is the
#     maximum limit for the native heap growth. Please use -XX:HeapBaseMinAddress
#     to set the Java Heap base and to place the Java Heap above 32GB virtual address.
# This output file may be truncated or incomplete.
#
#  Out of Memory Error (os_windows.cpp:3554), pid=12688, tid=33724
#
# JRE version:  (25.0.2+10) (build )
# Java VM: OpenJDK 64-Bit Server VM (25.0.2+10-69, mixed mode, sharing, tiered, compressed oops, compressed class ptrs, g1 gc, windows-amd64)
# No core dump will be written. Minidumps are not enabled by default on client versions of Windows
#

---------------  S U M M A R Y ------------

Command Line: --enable-native-access=ALL-UNNAMED --module-path=C:\Users\pyrox\.m2\repository\org\openjfx\javafx-base\21.0.2\javafx-base-21.0.2-win.jar;C:\Users\pyrox\.m2\repository\org\openjfx\javafx-base\21.0.2\javafx-base-21.0.2.jar;C:\Users\pyrox\.m2\repository\org\openjfx\javafx-controls\21.0.2\javafx-controls-21.0.2-win.jar;C:\Users\pyrox\.m2\repository\org\openjfx\javafx-controls\21.0.2\javafx-controls-21.0.2.jar;C:\Users\pyrox\.m2\repository\org\openjfx\javafx-fxml\21.0.2\javafx-fxml-21.0.2-win.jar;C:\Users\pyrox\.m2\repository\org\openjfx\javafx-fxml\21.0.2\javafx-fxml-21.0.2.jar;C:\Users\pyrox\.m2\repository\org\openjfx\javafx-graphics\21.0.2\javafx-graphics-21.0.2-win.jar;C:\Users\pyrox\.m2\repository\org\openjfx\javafx-graphics\21.0.2\javafx-graphics-21.0.2.jar;C:\Users\pyrox\.m2\repository\org\openjfx\javafx-swing\21.0.2\javafx-swing-21.0.2-win.jar;C:\Users\pyrox\.m2\repository\org\openjfx\javafx-swing\21.0.2\javafx-swing-21.0.2.jar --add-modules=javafx.base,javafx.controls,javafx.fxml,javafx.graphics,javafx.swing test.MainFX

Host: AMD Ryzen 7 5800H with Radeon Graphics         , 16 cores, 15G,  Windows 11 , 64 bit Build 26100 (10.0.26100.7705)
Time: Sat Feb 21 19:51:54 2026 W. Central Africa Standard Time elapsed time: 0.010540 seconds (0d 0h 0m 0s)

---------------  T H R E A D  ---------------

Current thread (0x00000219e4bd84b0):  JavaThread "Unknown thread" [_thread_in_vm, id=33724, stack(0x0000007bd3300000,0x0000007bd3400000) (1024K)]

Stack: [0x0000007bd3300000,0x0000007bd3400000]
Native frames: (J=compiled Java code, j=interpreted, Vv=VM code, C=native code)
V  [jvm.dll+0x7a70f9]  (no source info available)
V  [jvm.dll+0x772d6d]  (no source info available)
V  [jvm.dll+0x965d53]  (no source info available)
V  [jvm.dll+0x968351]  (no source info available)
V  [jvm.dll+0x968a63]  (no source info available)
V  [jvm.dll+0x2fc846]  (no source info available)
V  [jvm.dll+0x7a3325]  (no source info available)
V  [jvm.dll+0x796737]  (no source info available)
V  [jvm.dll+0x3f4988]  (no source info available)
V  [jvm.dll+0x3fc8d6]  (no source info available)
V  [jvm.dll+0x3e8f7e]  (no source info available)
V  [jvm.dll+0x3e9238]  (no source info available)
V  [jvm.dll+0x3c0145]  (no source info available)
V  [jvm.dll+0x3c0dce]  (no source info available)
V  [jvm.dll+0x92cdf7]  (no source info available)
V  [jvm.dll+0x458f02]  (no source info available)
V  [jvm.dll+0x9107a2]  (no source info available)
V  [jvm.dll+0x4f9331]  (no source info available)
V  [jvm.dll+0x4fabc1]  (no source info available)
C  [jli.dll+0x543e]  (no source info available)
C  [ucrtbase.dll+0x37b0]  (no source info available)
C  [KERNEL32.DLL+0x2e8d7]  (no source info available)
C  [ntdll.dll+0x8c40c]  (no source info available)

Lock stack of current Java thread (top to bottom):


---------------  P R O C E S S  ---------------

Threads class SMR info:
_java_thread_list=0x00007ffdf6705388, length=0, elements={
}

Java Threads: ( => current thread )
Total: 0

Other Threads:
  0x00000219e6faaf70 WorkerThread "GC Thread#0"                     [id=40040, stack(0x0000007bd3400000,0x0000007bd3500000) (1024K)]
  0x00000219e6fc5790 ConcurrentGCThread "G1 Main Marker"            [id=32256, stack(0x0000007bd3500000,0x0000007bd3600000) (1024K)]
  0x00000219e6fc6ca0 WorkerThread "G1 Conc#0"                       [id=46732, stack(0x0000007bd3600000,0x0000007bd3700000) (1024K)]

[error occurred during error reporting (printing all threads), id 0xc0000005, EXCEPTION_ACCESS_VIOLATION (0xc0000005) at pc=0x00007ffdf5de4f1a]
VM state: not at safepoint (not fully initialized)

VM Mutex/Monitor currently owned by a thread:  ([mutex/lock_event])
[0x00007ffdf6789768] Heap_lock - owner thread: 0x00000219e4bd84b0

Heap address: 0x0000000709800000, size: 3944 MB, Compressed Oops mode: Zero based, Oop shift amount: 3

CDS archive(s) mapped at: [0x0000000000000000-0x0000000000000000-0x0000000000000000), size 0, SharedBaseAddress: 0x0000000800000000, ArchiveRelocationMode: 1.
UseCompressedClassPointers 1, UseCompactObjectHeaders 0
Narrow klass pointer bits 32, Max shift 3
Narrow klass base: 0xffffffffffffffff, Narrow klass shift: -1
Encoding Range: [0xffffffffffffffff - 0x000000007fffffff), (2147483648 bytes)
Klass Range:    [0x0000000000000000 - 0x0000000000000000), (0 bytes)
Klass ID Range:  [4294967295 - 0) (1)
No protection zone.

GC Precious Log:
 CardTable entry size: 512
 Card Set container configuration: InlinePtr #cards 4 size 8 Array Of Cards #cards 16 size 48 Howl #buckets 8 coarsen threshold 3686 Howl Bitmap #cards 512 size 80 coarsen threshold 460 Card regions per heap region 1 cards per card region 4096

Heap:
 garbage-first heap   total reserved 4038656K, committed 0K, used 0K [0x0000000709800000, 0x0000000800000000)
  region size 2048K, 0 young (0K), 0 survivors (0K)

Heap Regions: E=young(eden), S=young(survivor), O=old, HS=humongous(starts), HC=humongous(continues), CS=collection set, F=free, TAMS=top-at-mark-start, PB=parsable bottom

Card table byte_map: [0x00000219ff830000,0x00000219ffff0000] _byte_map_base: 0x00000219fbfe4000

Marking Bits: (CMBitMap*) 0x00000219e6fad910
 Bits: [0x0000021980000000, 0x0000021983da0000)

GC Heap Usage History (0 events):
No events

Metaspace Usage History (0 events):
No events

Dll operation events (1 events):
Event: 0.007 Loaded shared library C:\Users\pyrox\.jdks\openjdk-25.0.2\bin\java.dll

Deoptimization events (0 events):
No events

Classes loaded (0 events):
No events

Classes unloaded (0 events):
No events

Classes redefined (0 events):
No events

Internal exceptions (0 events):
No events

VM Operations (0 events):
No events

Memory protections (0 events):
No events

Nmethod flushes (0 events):
No events

Events (0 events):
No events


Dynamic libraries:
0x00007ff752b00000 - 0x00007ff752b0e000 	C:\Users\pyrox\.jdks\openjdk-25.0.2\bin\java.exe
0x00007ffe59300000 - 0x00007ffe59568000 	C:\WINDOWS\SYSTEM32\ntdll.dll
0x00007ffe57bf0000 - 0x00007ffe57cb9000 	C:\WINDOWS\System32\KERNEL32.DLL
0x00007ffe565a0000 - 0x00007ffe56991000 	C:\WINDOWS\System32\KERNELBASE.dll
0x00007ffe56450000 - 0x00007ffe5659b000 	C:\WINDOWS\System32\ucrtbase.dll
0x00007ffe51600000 - 0x00007ffe51617000 	C:\Users\pyrox\.jdks\openjdk-25.0.2\bin\jli.dll
0x00007ffe477a0000 - 0x00007ffe477be000 	C:\Users\pyrox\.jdks\openjdk-25.0.2\bin\VCRUNTIME140.dll
0x00007ffe58a70000 - 0x00007ffe58c36000 	C:\WINDOWS\System32\USER32.dll
0x00007ffe56bd0000 - 0x00007ffe56bf7000 	C:\WINDOWS\System32\win32u.dll
0x00007ffe41410000 - 0x00007ffe416a3000 	C:\WINDOWS\WinSxS\amd64_microsoft.windows.common-controls_6595b64144ccf1df_6.0.26100.7824_none_3e0870b2e3345462\COMCTL32.dll
0x00007ffe574b0000 - 0x00007ffe574db000 	C:\WINDOWS\System32\GDI32.dll
0x00007ffe58c40000 - 0x00007ffe58ce9000 	C:\WINDOWS\System32\msvcrt.dll
0x00007ffe56f70000 - 0x00007ffe5709b000 	C:\WINDOWS\System32\gdi32full.dll
0x00007ffe56ec0000 - 0x00007ffe56f63000 	C:\WINDOWS\System32\msvcp_win.dll
0x00007ffe58df0000 - 0x00007ffe58e21000 	C:\WINDOWS\System32\IMM32.DLL
0x00007ffe52cc0000 - 0x00007ffe52ccc000 	C:\Users\pyrox\.jdks\openjdk-25.0.2\bin\vcruntime140_1.dll
0x00007ffe370f0000 - 0x00007ffe3717d000 	C:\Users\pyrox\.jdks\openjdk-25.0.2\bin\msvcp140.dll
0x00007ffdf5a10000 - 0x00007ffdf686f000 	C:\Users\pyrox\.jdks\openjdk-25.0.2\bin\server\jvm.dll
0x00007ffe57150000 - 0x00007ffe57204000 	C:\WINDOWS\System32\ADVAPI32.dll
0x00007ffe57b40000 - 0x00007ffe57be6000 	C:\WINDOWS\System32\sechost.dll
0x00007ffe57990000 - 0x00007ffe57aa8000 	C:\WINDOWS\System32\RPCRT4.dll
0x00007ffe57740000 - 0x00007ffe577b4000 	C:\WINDOWS\System32\WS2_32.dll
0x00007ffe55a40000 - 0x00007ffe55a9e000 	C:\WINDOWS\SYSTEM32\POWRPROF.dll
0x00007ffe4e6c0000 - 0x00007ffe4e6cb000 	C:\WINDOWS\SYSTEM32\VERSION.dll
0x00007ffe4e680000 - 0x00007ffe4e6b5000 	C:\WINDOWS\SYSTEM32\WINMM.dll
0x00007ffe55a20000 - 0x00007ffe55a34000 	C:\WINDOWS\SYSTEM32\UMPDC.dll
0x00007ffe54980000 - 0x00007ffe5499b000 	C:\WINDOWS\SYSTEM32\kernel.appcore.dll
0x00007ffe4ead0000 - 0x00007ffe4eada000 	C:\Users\pyrox\.jdks\openjdk-25.0.2\bin\jimage.dll
0x00007ffe4b8d0000 - 0x00007ffe4bb12000 	C:\WINDOWS\SYSTEM32\DBGHELP.DLL
0x00007ffe57cd0000 - 0x00007ffe58056000 	C:\WINDOWS\System32\combase.dll
0x00007ffe575e0000 - 0x00007ffe576b7000 	C:\WINDOWS\System32\OLEAUT32.dll
0x00007ffe35c80000 - 0x00007ffe35cbb000 	C:\WINDOWS\SYSTEM32\dbgcore.DLL
0x00007ffe56b20000 - 0x00007ffe56bc5000 	C:\WINDOWS\System32\bcryptPrimitives.dll
0x00007ffe40f80000 - 0x00007ffe40f9f000 	C:\Users\pyrox\.jdks\openjdk-25.0.2\bin\java.dll
0x00007ffe58130000 - 0x00007ffe582c7000 	C:\WINDOWS\System32\ole32.dll
0x00007ffe582d0000 - 0x00007ffe58a22000 	C:\WINDOWS\System32\SHELL32.dll
0x00007ffe56d50000 - 0x00007ffe56eba000 	C:\WINDOWS\System32\wintypes.dll

JVMTI agents: none

dbghelp: loaded successfully - version: 4.0.5 - missing functions: none
symbol engine: initialized successfully - sym options: 0x614 - pdb path: .;C:\Users\pyrox\.jdks\openjdk-25.0.2\bin;C:\WINDOWS\SYSTEM32;C:\WINDOWS\WinSxS\amd64_microsoft.windows.common-controls_6595b64144ccf1df_6.0.26100.7824_none_3e0870b2e3345462;C:\Users\pyrox\.jdks\openjdk-25.0.2\bin\server

VM Arguments:
jvm_args: --enable-native-access=ALL-UNNAMED --module-path=C:\Users\pyrox\.m2\repository\org\openjfx\javafx-base\21.0.2\javafx-base-21.0.2-win.jar;C:\Users\pyrox\.m2\repository\org\openjfx\javafx-base\21.0.2\javafx-base-21.0.2.jar;C:\Users\pyrox\.m2\repository\org\openjfx\javafx-controls\21.0.2\javafx-controls-21.0.2-win.jar;C:\Users\pyrox\.m2\repository\org\openjfx\javafx-controls\21.0.2\javafx-controls-21.0.2.jar;C:\Users\pyrox\.m2\repository\org\openjfx\javafx-fxml\21.0.2\javafx-fxml-21.0.2-win.jar;C:\Users\pyrox\.m2\repository\org\openjfx\javafx-fxml\21.0.2\javafx-fxml-21.0.2.jar;C:\Users\pyrox\.m2\repository\org\openjfx\javafx-graphics\21.0.2\javafx-graphics-21.0.2-win.jar;C:\Users\pyrox\.m2\repository\org\openjfx\javafx-graphics\21.0.2\javafx-graphics-21.0.2.jar;C:\Users\pyrox\.m2\repository\org\openjfx\javafx-swing\21.0.2\javafx-swing-21.0.2-win.jar;C:\Users\pyrox\.m2\repository\org\openjfx\javafx-swing\21.0.2\javafx-swing-21.0.2.jar --add-modules=javafx.base,javafx.controls,javafx.fxml,javafx.graphics,javafx.swing 
java_command: test.MainFX
java_class_path (initial): C:\Users\pyrox\Downloads\JDBC_workshop\JDBC_workshop\target\classes;C:\Users\pyrox\.m2\repository\com\apple\AppleJavaExtensions\1.4\AppleJavaExtensions-1.4.jar;C:\Users\pyrox\.m2\repository\com\github\sarxos\webcam-capture\0.3.12\webcam-capture-0.3.12.jar;C:\Users\pyrox\.m2\repository\com\github\sarxos\webcam-capture-driver-gstreamer\0.3.12\webcam-capture-driver-gstreamer-0.3.12.jar;C:\Users\pyrox\.m2\repository\com\google\protobuf\protobuf-java\3.21.9\protobuf-java-3.21.9.jar;C:\Users\pyrox\.m2\repository\com\googlecode\gstreamer-java\gstreamer-java\1.5\gstreamer-java-1.5.jar;C:\Users\pyrox\.m2\repository\com\mysql\mysql-connector-j\8.0.33\mysql-connector-j-8.0.33.jar;C:\Users\pyrox\.m2\repository\com\nativelibs4java\bridj\0.7.0\bridj-0.7.0.jar;C:\Users\pyrox\.m2\repository\com\sun\mail\javax.mail\1.6.2\javax.mail-1.6.2.jar;C:\Users\pyrox\.m2\repository\javax\activation\activation\1.1\activation-1.1.jar;C:\Users\pyrox\.m2\repository\net\java\dev\jna\jna\3.4.0\jna-3.4.0.jar;C:\Users\pyrox\.m2\repository\net\java\dev\jna\platform\3.4.0\platform-3.4.0.jar;C:\Users\pyrox\.m2\repository\org\eclipse\swt\win32\win32\x86\3.3.0-v3346\x86-3.3.0-v3346.jar;C:\Users\pyrox\.m2\repository\org\openpnp\opencv\4.5.1-2\opencv-4.5.1-2.jar;C:\Users\pyrox\.m2\repository\org\slf4j\slf4j-api\1.7.2\slf4j-api-1.7.2.jar;C:\Users\pyrox\.m2\repository\org\slf4j\slf4j-simple\2.0.9\slf4j-simple-2.0.9.jar
Launcher Type: SUN_STANDARD

[Global flags]
     intx CICompilerCount                          = 12                                        {product} {ergonomic}
     uint ConcGCThreads                            = 3                                         {product} {ergonomic}
     uint G1ConcRefinementThreads                  = 13                                        {product} {ergonomic}
   size_t G1HeapRegionSize                         = 2097152                                   {product} {ergonomic}
   size_t InitialHeapSize                          = 260046848                                 {product} {ergonomic}
   size_t MarkStackSize                            = 4194304                                   {product} {ergonomic}
   size_t MarkStackSizeMax                         = 536870912                                 {product} {ergonomic}
   size_t MaxHeapSize                              = 4135583744                                {product} {ergonomic}
   size_t MinHeapDeltaBytes                        = 2097152                                   {product} {ergonomic}
   size_t MinHeapSize                              = 8388608                                   {product} {ergonomic}
    uintx NonNMethodCodeHeapSize                   = 7602176                                {pd product} {ergonomic}
    uintx NonProfiledCodeHeapSize                  = 122093568                              {pd product} {ergonomic}
    uintx ProfiledCodeHeapSize                     = 121962496                              {pd product} {ergonomic}
    uintx ReservedCodeCacheSize                    = 251658240                              {pd product} {ergonomic}
     bool SegmentedCodeCache                       = true                                      {product} {ergonomic}
   size_t SoftMaxHeapSize                          = 4135583744                             {manageable} {ergonomic}
     bool UseCompressedOops                        = true                           {product lp64_product} {ergonomic}
     bool UseG1GC                                  = true                                      {product} {ergonomic}
     bool UseLargePagesIndividualAllocation        = false                                  {pd product} {ergonomic}

Logging:
Log output configuration:
 #0: stdout all=warning uptime,level,tags foldmultilines=false
 #1: stderr all=off uptime,level,tags foldmultilines=false

Release file:
<release file has not been read>
Environment Variables:
JAVA_HOME=C:\Users\pyrox\.jdks\openjdk-25.0.2
PATH=C:\Program Files (x86)\VMware\VMware Workstation\bin\;C:\ProgramData\Oracle\Java\javapath;C:\Python313\Scripts\;C:\Python313\;C:\oraclexe\app\oracle\product\11.2.0\server\bin;C:\WINDOWS\system32;C:\WINDOWS;C:\WINDOWS\System32\Wbem;C:\WINDOWS\System32\WindowsPowerShell\v1.0\;C:\WINDOWS\System32\OpenSSH\;C:\Program Files\dotnet\;C:\Program Files\NVIDIA Corporation\NVIDIA App\NvDLISR;C:\Qt\6.7.3\mingw_64\bin;C:\Qt\Tools\mingw1120_64\bin;C:\mingw-w64\bin;C:\ProgramData\chocolatey\bin;C:\Program Files (x86)\Windows Kits\10\Windows Performance Toolkit\;C:\Program Files\CMake\bin;C:\xampp\php;C:\ProgramData\ComposerSetup\bin;C:\Program Files (x86)\NVIDIA Corporation\PhysX\Common;C:\Users\pyrox\scoop\shims;C:\Users\pyrox\AppData\Local\Microsoft\WindowsApps;C:\Users\pyrox\AppData\Local\Programs\Microsoft VS Code\bin;C:\Users\pyrox\.dotnet\tools;C:\xampp;C:\Users\pyrox\Downloads\composer-main;C:\a;C:\composer;C:\Users\pyrox\AppData\Roaming\Composer\vendor\bin;C:\Program Files\JetBrains\IntelliJ IDEA 2025.2.1\bin
USERNAME=pyrox
OS=Windows_NT
PROCESSOR_IDENTIFIER=AMD64 Family 25 Model 80 Stepping 0, AuthenticAMD
TMP=C:\Users\pyrox\AppData\Local\Temp
TEMP=C:\Users\pyrox\AppData\Local\Temp




Compilation memory statistics disabled.

Periodic native trim disabled

---------------  S Y S T E M  ---------------

OS:
 Windows 11 , 64 bit Build 26100 (10.0.26100.7705)
OS uptime: 0 days 18:26 hours

CPU: total 16 (initial active 16) (16 cores per cpu, 2 threads per core) family 25 model 80 stepping 0 microcode 0xa50000c, cx8, cmov, fxsr, ht, mmx, 3dnowpref, sse, sse2, sse3, ssse3, sse4a, sse4.1, sse4.2, popcnt, lzcnt, tsc, tscinvbit, avx, avx2, aes, erms, clmul, bmi1, bmi2, adx, sha, fma, vzeroupper, clflush, clflushopt, clwb, rdtscp, rdpid, fsrm, f16c, pku, cet_ss
Processor Information for the first 16 processors :
  Max Mhz: 3201, Current Mhz: 3201, Mhz Limit: 3201

Memory: 4k page, system-wide physical 15773M (1747M free)
TotalPageFile size 31726M (AvailPageFile size 92M)
current process WorkingSet (physical memory assigned to process): 14M, peak: 14M
current process commit charge ("private bytes"): 71M, peak: 319M

vm_info: OpenJDK 64-Bit Server VM (25.0.2+10-69) for windows-amd64 JRE (25.0.2+10-69), built on 2025-12-18T11:36:35Z with MS VC++ 17.13 (VS2022)

END.
