#
# There is insufficient memory for the Java Runtime Environment to continue.
# Native memory allocation (malloc) failed to allocate 1622424 bytes. Error detail: Chunk::new
# Possible reasons:
#   The system is out of physical RAM or swap space
#   This process is running with CompressedOops enabled, and the Java Heap may be blocking the growth of the native heap
# Possible solutions:
#   Reduce memory load on the system
#   Increase physical memory or swap space
#   Check if swap backing store is full
#   Decrease Java heap size (-Xmx/-Xms)
#   Decrease number of Java threads
#   Decrease Java thread stack sizes (-Xss)
#   Set larger code cache with -XX:ReservedCodeCacheSize=
#   JVM is running with Zero Based Compressed Oops mode in which the Java heap is
#     placed in the first 32GB address space. The Java Heap base address is the
#     maximum limit for the native heap growth. Please use -XX:HeapBaseMinAddress
#     to set the Java Heap base and to place the Java Heap above 32GB virtual address.
# This output file may be truncated or incomplete.
#
#  Out of Memory Error (arena.cpp:186), pid=4372, tid=11076
#
# JRE version: OpenJDK Runtime Environment (25.0.2+10) (build 25.0.2+10-69)
# Java VM: OpenJDK 64-Bit Server VM (25.0.2+10-69, mixed mode, sharing, tiered, compressed oops, compressed class ptrs, g1 gc, windows-amd64)
# No core dump will be written. Minidumps are not enabled by default on client versions of Windows
#

---------------  S U M M A R Y ------------

Command Line: --enable-native-access=ALL-UNNAMED --add-exports=javafx.graphics/com.sun.javafx.tk=ALL-UNNAMED --add-exports=javafx.graphics/com.sun.glass.ui=ALL-UNNAMED -Djava.library.path=C:\Users\DELL\IdeaProjects\PiDev\JDBC_workshop/lib:C:\Users\DELL\IdeaProjects\PiDev\JDBC_workshop\target/lib --module-path=C:\Users\DELL\.m2\repository\org\openjfx\javafx-base\21.0.2\javafx-base-21.0.2-win.jar;C:\Users\DELL\.m2\repository\org\openjfx\javafx-base\21.0.2\javafx-base-21.0.2.jar;C:\Users\DELL\.m2\repository\org\openjfx\javafx-controls\21.0.2\javafx-controls-21.0.2-win.jar;C:\Users\DELL\.m2\repository\org\openjfx\javafx-controls\21.0.2\javafx-controls-21.0.2.jar;C:\Users\DELL\.m2\repository\org\openjfx\javafx-fxml\21.0.2\javafx-fxml-21.0.2-win.jar;C:\Users\DELL\.m2\repository\org\openjfx\javafx-fxml\21.0.2\javafx-fxml-21.0.2.jar;C:\Users\DELL\.m2\repository\org\openjfx\javafx-graphics\21.0.2\javafx-graphics-21.0.2-win.jar;C:\Users\DELL\.m2\repository\org\openjfx\javafx-graphics\21.0.2\javafx-graphics-21.0.2.jar;C:\Users\DELL\.m2\repository\org\openjfx\javafx-media\21.0.2\javafx-media-21.0.2-win.jar;C:\Users\DELL\.m2\repository\org\openjfx\javafx-media\21.0.2\javafx-media-21.0.2.jar;C:\Users\DELL\.m2\repository\org\openjfx\javafx-swing\21.0.2\javafx-swing-21.0.2-win.jar;C:\Users\DELL\.m2\repository\org\openjfx\javafx-swing\21.0.2\javafx-swing-21.0.2.jar;C:\Users\DELL\.m2\repository\org\openjfx\javafx-web\21.0.2\javafx-web-21.0.2-win.jar;C:\Users\DELL\.m2\repository\org\openjfx\javafx-web\21.0.2\javafx-web-21.0.2.jar --add-modules=javafx.base,javafx.controls,javafx.fxml,javafx.graphics,javafx.media,javafx.swing,javafx.web test.MainFX

Host: 12th Gen Intel(R) Core(TM) i5-1235U, 12 cores, 23G,  Windows 11 , 64 bit Build 26100 (10.0.26100.7705)
Time: Tue Mar  3 14:37:06 2026 Paris, Madrid elapsed time: 233.029951 seconds (0d 0h 3m 53s)

---------------  T H R E A D  ---------------

Current thread (0x000002412743ba40):  JavaThread "C2 CompilerThread0" daemon [_thread_in_native, id=11076, stack(0x0000006528100000,0x0000006528200000) (1024K)]


Current CompileTask:
C2:233030 6618   !   4       com.sun.scenario.animation.AbstractPrimaryTimer::timePulseImpl (157 bytes)

Stack: [0x0000006528100000,0x0000006528200000]
Native frames: (J=compiled Java code, j=interpreted, Vv=VM code, C=native code)
V  [jvm.dll+0x7a70f9]  (no source info available)
V  [jvm.dll+0x772d6d]  (no source info available)
V  [jvm.dll+0x965d53]  (no source info available)
V  [jvm.dll+0x968351]  (no source info available)
V  [jvm.dll+0x968a63]  (no source info available)
V  [jvm.dll+0x2fc846]  (no source info available)
V  [jvm.dll+0x111b16]  (no source info available)
V  [jvm.dll+0x111e3e]  (no source info available)
V  [jvm.dll+0x1a0872]  (no source info available)
V  [jvm.dll+0x3b54c2]  (no source info available)
V  [jvm.dll+0x7aca8f]  (no source info available)
V  [jvm.dll+0x2c0b97]  (no source info available)
V  [jvm.dll+0x2bfb5f]  (no source info available)
V  [jvm.dll+0x2379a0]  (no source info available)
V  [jvm.dll+0x2cfc86]  (no source info available)
V  [jvm.dll+0x2cdf05]  (no source info available)
V  [jvm.dll+0x48e9d1]  (no source info available)
V  [jvm.dll+0x906fcd]  (no source info available)
V  [jvm.dll+0x7a56d5]  (no source info available)
C  [ucrtbase.dll+0x37b0]  (no source info available)
C  [KERNEL32.DLL+0x2e8d7]  (no source info available)
C  [ntdll.dll+0x8c40c]  (no source info available)

Lock stack of current Java thread (top to bottom):


---------------  P R O C E S S  ---------------

Threads class SMR info:
_java_thread_list=0x0000024237efd810, length=22, elements={
0x0000024105966a80, 0x0000024127400270, 0x0000024127400cd0, 0x0000024127405420,
0x00000241274072f0, 0x0000024127428f60, 0x0000024127432b40, 0x000002412743ba40,
0x0000024127440670, 0x000002412e001070, 0x000002412e29eac0, 0x000002412e29c3b0,
0x000002412e29f290, 0x000002412e2a0a00, 0x000002412f7de190, 0x000002413509e0a0,
0x0000024135933da0, 0x0000024135936c80, 0x00000241e7133290, 0x00000241e7133a60,
0x00000241e7138880, 0x00000241e7ad91d0
}

Java Threads: ( => current thread )
  0x0000024105966a80 JavaThread "main"                              [_thread_blocked, id=2500, stack(0x0000006527300000,0x0000006527400000) (1024K)]
  0x0000024127400270 JavaThread "Reference Handler"          daemon [_thread_blocked, id=29084, stack(0x0000006527b00000,0x0000006527c00000) (1024K)]
  0x0000024127400cd0 JavaThread "Finalizer"                  daemon [_thread_blocked, id=15468, stack(0x0000006527c00000,0x0000006527d00000) (1024K)]
  0x0000024127405420 JavaThread "Signal Dispatcher"          daemon [_thread_blocked, id=18492, stack(0x0000006527d00000,0x0000006527e00000) (1024K)]
  0x00000241274072f0 JavaThread "Attach Listener"            daemon [_thread_blocked, id=17204, stack(0x0000006527e00000,0x0000006527f00000) (1024K)]
  0x0000024127428f60 JavaThread "Service Thread"             daemon [_thread_blocked, id=2580, stack(0x0000006527f00000,0x0000006528000000) (1024K)]
  0x0000024127432b40 JavaThread "Monitor Deflation Thread"   daemon [_thread_blocked, id=14632, stack(0x0000006528000000,0x0000006528100000) (1024K)]
=>0x000002412743ba40 JavaThread "C2 CompilerThread0"         daemon [_thread_in_native, id=11076, stack(0x0000006528100000,0x0000006528200000) (1024K)]
  0x0000024127440670 JavaThread "C1 CompilerThread0"         daemon [_thread_blocked, id=28008, stack(0x0000006528200000,0x0000006528300000) (1024K)]
  0x000002412e001070 JavaThread "Common-Cleaner"             daemon [_thread_blocked, id=13544, stack(0x0000006528300000,0x0000006528400000) (1024K)]
  0x000002412e29eac0 JavaThread "Notification Thread"        daemon [_thread_blocked, id=7228, stack(0x0000006528600000,0x0000006528700000) (1024K)]
  0x000002412e29c3b0 JavaThread "QuantumRenderer-0"          daemon [_thread_blocked, id=28480, stack(0x0000006528700000,0x0000006528800000) (1024K)]
  0x000002412e29f290 JavaThread "InvokeLaterDispatcher"      daemon [_thread_blocked, id=10584, stack(0x0000006528800000,0x0000006528900000) (1024K)]
  0x000002412e2a0a00 JavaThread "JavaFX Application Thread"         [_thread_in_native, id=14708, stack(0x0000006528900000,0x0000006528a00000) (1024K)]
  0x000002412f7de190 JavaThread "Thread-1"                   daemon [_thread_in_native, id=29868, stack(0x0000006528400000,0x0000006528500000) (1024K)]
  0x000002413509e0a0 JavaThread "JavaCPP Deallocator"        daemon [_thread_blocked, id=24540, stack(0x0000006529a00000,0x0000006529b00000) (1024K)]
  0x0000024135933da0 JavaThread "JavaFX-Launcher"                   [_thread_blocked, id=18756, stack(0x000000652b900000,0x000000652ba00000) (1024K)]
  0x0000024135936c80 JavaThread "mysql-cj-abandoned-connection-cleanup" daemon [_thread_blocked, id=21948, stack(0x000000652ba00000,0x000000652bb00000) (1024K)]
  0x00000241e7133290 JavaThread "Prism Font Disposer"        daemon [_thread_blocked, id=23108, stack(0x000000652c100000,0x000000652c200000) (1024K)]
  0x00000241e7133a60 JavaThread "Cleaner-0"                  daemon [_thread_blocked, id=24640, stack(0x000000652c200000,0x000000652c300000) (1024K)]
  0x00000241e7138880 JavaThread "Disposer"                   daemon [_thread_blocked, id=4656, stack(0x0000006529900000,0x0000006529a00000) (1024K)]
  0x00000241e7ad91d0 JavaThread "HttpClient-1-SelectorManager" daemon [_thread_in_native, id=3188, stack(0x000000652c400000,0x000000652c500000) (1024K)]
Total: 22

Other Threads:
  0x00000241273e9cd0 VMThread "VM Thread"                           [id=27004, stack(0x0000006527a00000,0x0000006527b00000) (1024K)]
  0x00000241273dd330 WatcherThread "VM Periodic Task Thread"        [id=16664, stack(0x0000006527900000,0x0000006527a00000) (1024K)]
  0x0000024107e7df10 WorkerThread "GC Thread#0"                     [id=19956, stack(0x0000006527400000,0x0000006527500000) (1024K)]
  0x000002413506daa0 WorkerThread "GC Thread#1"                     [id=21024, stack(0x000000652a600000,0x000000652a700000) (1024K)]
  0x000002413506ded0 WorkerThread "GC Thread#2"                     [id=3280, stack(0x000000652a700000,0x000000652a800000) (1024K)]
  0x000002413506e300 WorkerThread "GC Thread#3"                     [id=20704, stack(0x000000652a800000,0x000000652a900000) (1024K)]
  0x000002413506e730 WorkerThread "GC Thread#4"                     [id=22212, stack(0x000000652a900000,0x000000652aa00000) (1024K)]
  0x00000241357ad9e0 WorkerThread "GC Thread#5"                     [id=18184, stack(0x000000652aa00000,0x000000652ab00000) (1024K)]
  0x00000241357bb5a0 WorkerThread "GC Thread#6"                     [id=29416, stack(0x000000652ab00000,0x000000652ac00000) (1024K)]
  0x00000241357ca780 WorkerThread "GC Thread#7"                     [id=15436, stack(0x000000652ac00000,0x000000652ad00000) (1024K)]
  0x00000241357cbd10 WorkerThread "GC Thread#8"                     [id=13736, stack(0x000000652ad00000,0x000000652ae00000) (1024K)]
  0x00000241357cb470 WorkerThread "GC Thread#9"                     [id=19048, stack(0x000000652bb00000,0x000000652bc00000) (1024K)]
  0x0000024127252ff0 ConcurrentGCThread "G1 Main Marker"            [id=1152, stack(0x0000006527500000,0x0000006527600000) (1024K)]
  0x0000024127255030 WorkerThread "G1 Conc#0"                       [id=28464, stack(0x0000006527600000,0x0000006527700000) (1024K)]
  0x00000241e65fa200 WorkerThread "G1 Conc#1"                       [id=28696, stack(0x000000652bc00000,0x000000652bd00000) (1024K)]
  0x00000241e65fb790 WorkerThread "G1 Conc#2"                       [id=11860, stack(0x000000652bd00000,0x000000652be00000) (1024K)]
  0x00000241272ac460 ConcurrentGCThread "G1 Refine#0"               [id=12820, stack(0x0000006527700000,0x0000006527800000) (1024K)]
  0x00000241272ad070 ConcurrentGCThread "G1 Service"                [id=1992, stack(0x0000006527800000,0x0000006527900000) (1024K)]
Total: 18

Threads with active compile tasks:
C2 CompilerThread0  233135 6618   !   4       com.sun.scenario.animation.AbstractPrimaryTimer::timePulseImpl (157 bytes)
Total: 1

VM state: not at safepoint (normal execution)

VM Mutex/Monitor currently owned by a thread: None

Heap address: 0x0000000684c00000, size: 6068 MB, Compressed Oops mode: Zero based, Oop shift amount: 3

CDS archive(s) mapped at: [0x000000008d000000-0x000000008ddd0000-0x000000008ddd0000), size 14483456, SharedBaseAddress: 0x000000008d000000, ArchiveRelocationMode: 1.
Compressed class space mapped at: 0x000000008e000000-0x00000000ce000000, reserved size: 1073741824
UseCompressedClassPointers 1, UseCompactObjectHeaders 0
Narrow klass pointer bits 32, Max shift 3
Narrow klass base: 0x000000008d000000, Narrow klass shift: 0
Encoding Range: [0x000000008d000000 - 0x000000018d000000), (4294967296 bytes)
Klass Range:    [0x000000008d010000 - 0x00000000ce000000), (1090453504 bytes)
Klass ID Range:  [65536 - 1090519033) (1090453497)
Protection zone: [0x000000008d000000 - 0x000000008d010000), (65536 bytes)

GC Precious Log:
 CardTable entry size: 512
 Card Set container configuration: InlinePtr #cards 4 size 8 Array Of Cards #cards 32 size 80 Howl #buckets 8 coarsen threshold 7372 Howl Bitmap #cards 1024 size 144 coarsen threshold 921 Card regions per heap region 1 cards per card region 8192
 CPUs: 12 total, 12 available
 Memory: 24260M
 Large Page Support: Disabled
 NUMA Support: Disabled
 Compressed Oops: Enabled (Zero based)
 Heap Region Size: 4M
 Heap Min Capacity: 8M
 Heap Initial Capacity: 380M
 Heap Max Capacity: 6068M
 Pre-touch: Disabled
 Parallel Workers: 10
 Concurrent Workers: 3
 Concurrent Refinement Workers: 10
 Periodic GC: Disabled

Heap:
 garbage-first heap   total reserved 6213632K, committed 110592K, used 63695K [0x0000000684c00000, 0x0000000800000000)
  region size 4096K, 7 young (28672K), 1 survivors (4096K)

Heap Regions: E=young(eden), S=young(survivor), O=old, HS=humongous(starts), HC=humongous(continues), CS=collection set, F=free, TAMS=top-at-mark-start, PB=parsable bottom
|   0|0x0000000684c00000, 0x0000000685000000, 0x0000000685000000|100%| O|  |TAMS 0x0000000684c00000| PB 0x0000000684c00000| Untracked |  0
|   1|0x0000000685000000, 0x000000068501b8e8, 0x0000000685400000|  2%| O|  |TAMS 0x0000000685000000| PB 0x0000000685000000| Untracked |  0
|   2|0x0000000685400000, 0x0000000685800000, 0x0000000685800000|100%| O|  |TAMS 0x0000000685400000| PB 0x0000000685400000| Untracked |  0
|   3|0x0000000685800000, 0x0000000685c00000, 0x0000000685c00000|100%| O|  |TAMS 0x0000000685800000| PB 0x0000000685800000| Untracked |  0
|   4|0x0000000685c00000, 0x0000000686000000, 0x0000000686000000|100%| O|  |TAMS 0x0000000685c00000| PB 0x0000000685c00000| Untracked |  0
|   5|0x0000000686000000, 0x0000000686400000, 0x0000000686400000|100%| O|  |TAMS 0x0000000686000000| PB 0x0000000686000000| Untracked |  0
|   6|0x0000000686400000, 0x0000000686800000, 0x0000000686800000|100%| O|  |TAMS 0x0000000686400000| PB 0x0000000686400000| Untracked |  0
|   7|0x0000000686800000, 0x0000000686c00000, 0x0000000686c00000|100%| O|  |TAMS 0x0000000686800000| PB 0x0000000686800000| Untracked |  0
|   8|0x0000000686c00000, 0x0000000687000000, 0x0000000687000000|100%|HS|  |TAMS 0x0000000686c00000| PB 0x0000000686c00000| Complete |  0
|   9|0x0000000687000000, 0x0000000687000000, 0x0000000687400000|  0%| F|  |TAMS 0x0000000687000000| PB 0x0000000687000000| Untracked |  0
|  10|0x0000000687400000, 0x00000006875a44f8, 0x0000000687800000| 41%| O|  |TAMS 0x0000000687400000| PB 0x0000000687400000| Untracked |  0
|  11|0x0000000687800000, 0x0000000687c00000, 0x0000000687c00000|100%|HS|  |TAMS 0x0000000687800000| PB 0x0000000687800000| Complete |  0
|  12|0x0000000687c00000, 0x0000000687c00000, 0x0000000688000000|  0%| F|  |TAMS 0x0000000687c00000| PB 0x0000000687c00000| Untracked |  0
|  13|0x0000000688000000, 0x0000000688000000, 0x0000000688400000|  0%| F|  |TAMS 0x0000000688000000| PB 0x0000000688000000| Untracked |  0
|  14|0x0000000688400000, 0x0000000688400000, 0x0000000688800000|  0%| F|  |TAMS 0x0000000688400000| PB 0x0000000688400000| Untracked |  0
|  15|0x0000000688800000, 0x0000000688800000, 0x0000000688c00000|  0%| F|  |TAMS 0x0000000688800000| PB 0x0000000688800000| Untracked |  0
|  16|0x0000000688c00000, 0x0000000688c00000, 0x0000000689000000|  0%| F|  |TAMS 0x0000000688c00000| PB 0x0000000688c00000| Untracked |  0
|  17|0x0000000689000000, 0x0000000689000000, 0x0000000689400000|  0%| F|  |TAMS 0x0000000689000000| PB 0x0000000689000000| Untracked |  0
|  18|0x0000000689400000, 0x0000000689400000, 0x0000000689800000|  0%| F|  |TAMS 0x0000000689400000| PB 0x0000000689400000| Untracked |  0
|  19|0x0000000689800000, 0x00000006899e13e0, 0x0000000689c00000| 46%| E|  |TAMS 0x0000000689800000| PB 0x0000000689800000| Complete |  0
|  71|0x0000000696800000, 0x0000000696c00000, 0x0000000696c00000|100%| E|CS|TAMS 0x0000000696800000| PB 0x0000000696800000| Complete |  0
|  72|0x0000000696c00000, 0x0000000697000000, 0x0000000697000000|100%| E|CS|TAMS 0x0000000696c00000| PB 0x0000000696c00000| Complete |  0
|  73|0x0000000697000000, 0x0000000697400000, 0x0000000697400000|100%| E|CS|TAMS 0x0000000697000000| PB 0x0000000697000000| Complete |  0
|  74|0x0000000697400000, 0x0000000697800000, 0x0000000697800000|100%| E|CS|TAMS 0x0000000697400000| PB 0x0000000697400000| Complete |  0
|  94|0x000000069c400000, 0x000000069c473e60, 0x000000069c800000| 11%| S|CS|TAMS 0x000000069c400000| PB 0x000000069c400000| Complete |  0
|1515|0x00000007ff800000, 0x00000007ffc00000, 0x00000007ffc00000|100%| O|  |TAMS 0x00000007ff800000| PB 0x00000007ff800000| Untracked |  0
|1516|0x00000007ffc00000, 0x0000000800000000, 0x0000000800000000|100%| E|CS|TAMS 0x00000007ffc00000| PB 0x00000007ffc00000| Complete |  0

Card table byte_map: [0x00000241207a0000,0x0000024121380000] _byte_map_base: 0x000002411d37a000

Marking Bits: (CMBitMap*) 0x0000024107e7e6a0
 Bits: [0x0000024121380000, 0x0000024127250000)

Polling page: 0x0000024105be0000

Metaspace:
Metaspace        used 34757K, committed 35072K, reserved 1114112K
 class space     used 4014K, committed 4160K, reserved 1048576K

Usage:
  Non-class:     30.02 MB used.
      Class:      3.92 MB used.
       Both:     33.94 MB used.

Virtual space:
  Non-class space:       64.00 MB reserved,      30.19 MB ( 47%) committed,  1 nodes.
      Class space:        1.00 GB reserved,       4.06 MB ( <1%) committed,  1 nodes.
             Both:        1.06 GB reserved,      34.25 MB (  3%) committed. 

Chunk freelists:
   Non-Class:  1.50 MB
       Class:  11.94 MB
        Both:  13.44 MB

MaxMetaspaceSize: unlimited
CompressedClassSpaceSize: 1.00 GB
Initial GC threshold: 21.00 MB
Current GC threshold: 35.25 MB
CDS: on
 - commit_granule_bytes: 65536.
 - commit_granule_words: 8192.
 - virtual_space_node_default_size: 8388608.
 - enlarge_chunks_in_place: 1.
UseCompressedClassPointers 1, UseCompactObjectHeaders 0
Narrow klass pointer bits 32, Max shift 3
Narrow klass base: 0x000000008d000000, Narrow klass shift: 0
Encoding Range: [0x000000008d000000 - 0x000000018d000000), (4294967296 bytes)
Klass Range:    [0x000000008d010000 - 0x00000000ce000000), (1090453504 bytes)
Klass ID Range:  [65536 - 1090519033) (1090453497)
Protection zone: [0x000000008d000000 - 0x000000008d010000), (65536 bytes)


Internal statistics:

num_allocs_failed_limit: 3.
num_arena_births: 386.
num_arena_deaths: 0.
num_vsnodes_births: 2.
num_vsnodes_deaths: 0.
num_space_committed: 546.
num_space_uncommitted: 0.
num_chunks_returned_to_freelist: 3.
num_chunks_taken_from_freelist: 1446.
num_chunk_merges: 3.
num_chunk_splits: 1035.
num_chunks_enlarged: 810.
num_inconsistent_stats: 0.

CodeHeap 'non-profiled nmethods': size=120064Kb used=2880Kb max_used=2880Kb free=117183Kb
 bounds [0x0000024118120000, 0x0000024118400000, 0x000002411f660000]
CodeHeap 'profiled nmethods': size=120000Kb used=10763Kb max_used=10763Kb free=109236Kb
 bounds [0x0000024110660000, 0x00000241110f0000, 0x0000024117b90000]
CodeHeap 'non-nmethods': size=5696Kb used=2480Kb max_used=2554Kb free=3215Kb
 bounds [0x0000024117b90000, 0x0000024117e20000, 0x0000024118120000]
CodeCache: size=245760Kb, used=16123Kb, max_used=16197Kb, free=229634Kb
 total_blobs=8156, nmethods=6620, adapters=1437, full_count=0
Compilation: enabled, stopped_count=0, restarted_count=0

Compilation events (20 events):
Event: 230.688 Thread 0x0000024127440670 nmethod 6609 0x00000241110df888 code [0x00000241110df980, 0x00000241110dfd88]
Event: 230.688 Thread 0x0000024127440670 6610       3       com.sun.javafx.tk.quantum.GlassViewEventHandler$MouseEventNotification::run (5 bytes)
Event: 230.688 Thread 0x0000024127440670 nmethod 6610 0x00000241110dfe08 code [0x00000241110dff00, 0x00000241110e0050]
Event: 230.742 Thread 0x000002412743ba40 6611       4       com.sun.javafx.event.EventHandlerManager::dispatchCapturingEvent (41 bytes)
Event: 230.747 Thread 0x000002412743ba40 nmethod 6611 0x00000241183ef508 code [0x00000241183ef600, 0x00000241183efa00]
Event: 230.953 Thread 0x0000024127440670 6612       3       com.sun.javafx.scene.input.PickResultChooser::computePoint (55 bytes)
Event: 230.954 Thread 0x0000024127440670 nmethod 6612 0x00000241110e0108 code [0x00000241110e0200, 0x00000241110e04a0]
Event: 230.954 Thread 0x0000024127440670 6613       3       com.sun.javafx.scene.input.PickResultChooser::offer (13 bytes)
Event: 230.954 Thread 0x0000024127440670 nmethod 6613 0x00000241110e0508 code [0x00000241110e0600, 0x00000241110e0768]
Event: 231.029 Thread 0x0000024127440670 6614   !   3       javafx.scene.Node::containsBounds (115 bytes)
Event: 231.029 Thread 0x0000024127440670 nmethod 6614 0x00000241110e0808 code [0x00000241110e0900, 0x00000241110e1ec8]
Event: 231.029 Thread 0x0000024127440670 6615       3       com.sun.javafx.geom.RectBounds::contains (51 bytes)
Event: 231.030 Thread 0x0000024127440670 nmethod 6615 0x00000241110e1f08 code [0x00000241110e2000, 0x00000241110e2468]
Event: 231.125 Thread 0x0000024127440670 6616       1       com.sun.prism.Image::getPixelFormat (5 bytes)
Event: 231.126 Thread 0x0000024127440670 nmethod 6616 0x00000241183efa88 code [0x00000241183efb80, 0x00000241183efc48]
Event: 231.167 Thread 0x0000024127440670 6617       1       javafx.scene.image.Image$DoublePropertyImpl::get (5 bytes)
Event: 231.167 Thread 0x0000024127440670 nmethod 6617 0x00000241183efd88 code [0x00000241183efe80, 0x00000241183eff48]
Event: 232.014 Thread 0x0000024127440670 6619       2       com.sun.javafx.tk.quantum.PrimaryTimer::recordEnd (7 bytes)
Event: 232.014 Thread 0x000002412743ba40 6618   !   4       com.sun.scenario.animation.AbstractPrimaryTimer::timePulseImpl (157 bytes)
Event: 232.014 Thread 0x0000024127440670 nmethod 6619 0x00000241110e2488 code [0x00000241110e2580, 0x00000241110e26a8]

GC Heap Usage History (14 events):
Event: 0.895 {heap Before GC invocations=0 (full 0):
 garbage-first heap   total reserved 6213632K, committed 393216K, used 50323K [0x0000000684c00000, 0x0000000800000000)
  region size 4096K, 12 young (49152K), 0 survivors (0K)
}
Event: 0.908 {heap After GC invocations=1 (full 0):
 garbage-first heap   total reserved 6213632K, committed 393216K, used 9473K [0x0000000684c00000, 0x0000000800000000)
  region size 4096K, 2 young (8192K), 2 survivors (8192K)
}
Event: 1.673 {heap Before GC invocations=1 (full 0):
 garbage-first heap   total reserved 6213632K, committed 393216K, used 75009K [0x0000000684c00000, 0x0000000800000000)
  region size 4096K, 20 young (81920K), 2 survivors (8192K)
}
Event: 1.688 {heap After GC invocations=2 (full 0):
 garbage-first heap   total reserved 6213632K, committed 393216K, used 15224K [0x0000000684c00000, 0x0000000800000000)
  region size 4096K, 4 young (16384K), 4 survivors (16384K)
}
Event: 9.027 {heap Before GC invocations=3 (full 0):
 garbage-first heap   total reserved 6213632K, committed 81920K, used 68472K [0x0000000684c00000, 0x0000000800000000)
  region size 4096K, 18 young (73728K), 4 survivors (16384K)
}
Event: 9.038 {heap After GC invocations=4 (full 0):
 garbage-first heap   total reserved 6213632K, committed 106496K, used 22384K [0x0000000684c00000, 0x0000000800000000)
  region size 4096K, 6 young (24576K), 6 survivors (24576K)
}
Event: 9.324 {heap Before GC invocations=4 (full 0):
 garbage-first heap   total reserved 6213632K, committed 106496K, used 55152K [0x0000000684c00000, 0x0000000800000000)
  region size 4096K, 15 young (61440K), 6 survivors (24576K)
}
Event: 9.335 {heap After GC invocations=5 (full 0):
 garbage-first heap   total reserved 6213632K, committed 110592K, used 39812K [0x0000000684c00000, 0x0000000800000000)
  region size 4096K, 2 young (8192K), 2 survivors (8192K)
}
Event: 10.661 {heap Before GC invocations=5 (full 0):
 garbage-first heap   total reserved 6213632K, committed 110592K, used 68484K [0x0000000684c00000, 0x0000000800000000)
  region size 4096K, 10 young (40960K), 2 survivors (8192K)
}
Event: 10.664 {heap After GC invocations=6 (full 0):
 garbage-first heap   total reserved 6213632K, committed 110592K, used 37533K [0x0000000684c00000, 0x0000000800000000)
  region size 4096K, 1 young (4096K), 1 survivors (4096K)
}
Event: 11.686 {heap Before GC invocations=6 (full 0):
 garbage-first heap   total reserved 6213632K, committed 110592K, used 66205K [0x0000000684c00000, 0x0000000800000000)
  region size 4096K, 8 young (32768K), 1 survivors (4096K)
}
Event: 11.687 {heap After GC invocations=7 (full 0):
 garbage-first heap   total reserved 6213632K, committed 110592K, used 43541K [0x0000000684c00000, 0x0000000800000000)
  region size 4096K, 1 young (4096K), 1 survivors (4096K)
}
Event: 11.720 {heap Before GC invocations=7 (full 0):
 garbage-first heap   total reserved 6213632K, committed 110592K, used 47637K [0x0000000684c00000, 0x0000000800000000)
  region size 4096K, 2 young (8192K), 1 survivors (4096K)
}
Event: 11.721 {heap After GC invocations=8 (full 0):
 garbage-first heap   total reserved 6213632K, committed 110592K, used 39119K [0x0000000684c00000, 0x0000000800000000)
  region size 4096K, 1 young (4096K), 1 survivors (4096K)
}

Metaspace Usage History (14 events):
Event: 0.895 {metaspace Before GC invocations=0 (full 0):
 Metaspace       used 9259K, committed 9472K, reserved 1114112K
  class space    used 479K, committed 576K, reserved 1048576K
}
Event: 0.908 {metaspace After GC invocations=1 (full 0):
 Metaspace       used 9259K, committed 9472K, reserved 1114112K
  class space    used 479K, committed 576K, reserved 1048576K
}
Event: 1.673 {metaspace Before GC invocations=1 (full 0):
 Metaspace       used 21268K, committed 21504K, reserved 1114112K
  class space    used 2332K, committed 2432K, reserved 1048576K
}
Event: 1.688 {metaspace After GC invocations=2 (full 0):
 Metaspace       used 21268K, committed 21504K, reserved 1114112K
  class space    used 2332K, committed 2432K, reserved 1048576K
}
Event: 9.027 {metaspace Before GC invocations=3 (full 0):
 Metaspace       used 31152K, committed 31488K, reserved 1114112K
  class space    used 3674K, committed 3840K, reserved 1048576K
}
Event: 9.038 {metaspace After GC invocations=4 (full 0):
 Metaspace       used 31152K, committed 31488K, reserved 1114112K
  class space    used 3674K, committed 3840K, reserved 1048576K
}
Event: 9.324 {metaspace Before GC invocations=4 (full 0):
 Metaspace       used 33698K, committed 34048K, reserved 1114112K
  class space    used 4004K, committed 4160K, reserved 1048576K
}
Event: 9.335 {metaspace After GC invocations=5 (full 0):
 Metaspace       used 33698K, committed 34048K, reserved 1114112K
  class space    used 4004K, committed 4160K, reserved 1048576K
}
Event: 10.661 {metaspace Before GC invocations=5 (full 0):
 Metaspace       used 33915K, committed 34240K, reserved 1114112K
  class space    used 4006K, committed 4160K, reserved 1048576K
}
Event: 10.664 {metaspace After GC invocations=6 (full 0):
 Metaspace       used 33915K, committed 34240K, reserved 1114112K
  class space    used 4006K, committed 4160K, reserved 1048576K
}
Event: 11.686 {metaspace Before GC invocations=6 (full 0):
 Metaspace       used 34410K, committed 34752K, reserved 1114112K
  class space    used 4011K, committed 4160K, reserved 1048576K
}
Event: 11.687 {metaspace After GC invocations=7 (full 0):
 Metaspace       used 34410K, committed 34752K, reserved 1114112K
  class space    used 4011K, committed 4160K, reserved 1048576K
}
Event: 11.720 {metaspace Before GC invocations=7 (full 0):
 Metaspace       used 34410K, committed 34752K, reserved 1114112K
  class space    used 4011K, committed 4160K, reserved 1048576K
}
Event: 11.721 {metaspace After GC invocations=8 (full 0):
 Metaspace       used 34410K, committed 34752K, reserved 1114112K
  class space    used 4011K, committed 4160K, reserved 1048576K
}

Dll operation events (20 events):
Event: 0.774 Loaded shared library C:\Users\DELL\.javacpp\cache\javacpp-1.5.9-windows-x86_64.jar\org\bytedeco\javacpp\windows-x86_64\api-ms-win-core-interlocked-l1-1-0.dll
Event: 0.776 Loaded shared library C:\Users\DELL\.javacpp\cache\javacpp-1.5.9-windows-x86_64.jar\org\bytedeco\javacpp\windows-x86_64\ucrtbase.dll
Event: 0.779 Loaded shared library C:\Users\DELL\.javacpp\cache\javacpp-1.5.9-windows-x86_64.jar\org\bytedeco\javacpp\windows-x86_64\vcruntime140.dll
Event: 0.781 Loaded shared library C:\Users\DELL\.javacpp\cache\javacpp-1.5.9-windows-x86_64.jar\org\bytedeco\javacpp\windows-x86_64\vcruntime140_1.dll
Event: 0.784 Loaded shared library C:\Users\DELL\.javacpp\cache\javacpp-1.5.9-windows-x86_64.jar\org\bytedeco\javacpp\windows-x86_64\msvcp140.dll
Event: 0.786 Loaded shared library C:\Users\DELL\.javacpp\cache\javacpp-1.5.9-windows-x86_64.jar\org\bytedeco\javacpp\windows-x86_64\msvcp140_1.dll
Event: 0.790 Loaded shared library C:\Users\DELL\.javacpp\cache\javacpp-1.5.9-windows-x86_64.jar\org\bytedeco\javacpp\windows-x86_64\concrt140.dll
Event: 0.793 Loaded shared library C:\Users\DELL\.javacpp\cache\javacpp-1.5.9-windows-x86_64.jar\org\bytedeco\javacpp\windows-x86_64\vcomp140.dll
Event: 0.796 Loaded shared library C:\Users\DELL\.javacpp\cache\javacpp-1.5.9-windows-x86_64.jar\org\bytedeco\javacpp\windows-x86_64\jnijavacpp.dll
Event: 0.851 Loaded shared library C:\Users\DELL\.javacpp\cache\openblas-0.3.23-1.5.9-windows-x86_64.jar\org\bytedeco\openblas\windows-x86_64\libopenblas_nolapack.dll
Event: 0.861 Loaded shared library C:\Users\DELL\.javacpp\cache\openblas-0.3.23-1.5.9-windows-x86_64.jar\org\bytedeco\openblas\windows-x86_64\jniopenblas_nolapack.dll
Event: 0.915 Loaded shared library C:\Users\DELL\.javacpp\cache\openblas-0.3.23-1.5.9-windows-x86_64.jar\org\bytedeco\openblas\windows-x86_64\libopenblas.dll
Event: 0.923 Loaded shared library C:\Users\DELL\.javacpp\cache\openblas-0.3.23-1.5.9-windows-x86_64.jar\org\bytedeco\openblas\windows-x86_64\jniopenblas.dll
Event: 1.094 Loaded shared library C:\Users\DELL\.javacpp\cache\opencv-4.7.0-1.5.9-windows-x86_64.jar\org\bytedeco\opencv\windows-x86_64\opencv_core470.dll
Event: 1.106 Loaded shared library C:\Users\DELL\.javacpp\cache\opencv-4.7.0-1.5.9-windows-x86_64.jar\org\bytedeco\opencv\windows-x86_64\opencv_imgproc470.dll
Event: 1.118 Loaded shared library C:\Users\DELL\.javacpp\cache\opencv-4.7.0-1.5.9-windows-x86_64.jar\org\bytedeco\opencv\windows-x86_64\jniopencv_core.dll
Event: 1.291 Loaded shared library C:\Users\DELL\.openjfx\cache\21.0.2+5\amd64\javafx_font.dll
Event: 1.543 Loaded shared library C:\Users\DELL\.jdks\openjdk-25.0.2\bin\extnet.dll
Event: 8.886 Loaded shared library C:\Users\DELL\.openjfx\cache\21.0.2+5\amd64\jfxwebkit.dll
Event: 9.026 Loaded shared library C:\Users\DELL\.jdks\openjdk-25.0.2\bin\sunmscapi.dll

Deoptimization events (20 events):
Event: 12.211 Thread 0x000002412e29c3b0 DEOPT PACKING pc=0x0000024110fde718 sp=0x00000065287fdae0
Event: 12.212 Thread 0x000002412e29c3b0 DEOPT UNPACKING pc=0x0000024117be1702 sp=0x00000065287fcfd0 mode 0
Event: 12.216 Thread 0x000002412e29c3b0 DEOPT PACKING pc=0x0000024110fde718 sp=0x00000065287fdae0
Event: 12.216 Thread 0x000002412e29c3b0 DEOPT UNPACKING pc=0x0000024117be1702 sp=0x00000065287fcfd0 mode 0
Event: 12.221 Thread 0x000002412e29c3b0 DEOPT PACKING pc=0x0000024110fde718 sp=0x00000065287fdae0
Event: 12.221 Thread 0x000002412e29c3b0 DEOPT UNPACKING pc=0x0000024117be1702 sp=0x00000065287fcfd0 mode 0
Event: 17.616 Thread 0x000002412e29c3b0 DEOPT PACKING pc=0x0000024110fde718 sp=0x00000065287fce10
Event: 17.616 Thread 0x000002412e29c3b0 DEOPT UNPACKING pc=0x0000024117be1702 sp=0x00000065287fc300 mode 0
Event: 20.786 Thread 0x000002412e29c3b0 DEOPT PACKING pc=0x0000024110ff09f2 sp=0x00000065287fcba0
Event: 20.786 Thread 0x000002412e29c3b0 DEOPT UNPACKING pc=0x0000024117be1702 sp=0x00000065287fc0f0 mode 0
Event: 23.518 Thread 0x000002412e29c3b0 DEOPT PACKING pc=0x0000024110ce3cc5 sp=0x00000065287fce10
Event: 23.518 Thread 0x000002412e29c3b0 DEOPT UNPACKING pc=0x0000024117be1702 sp=0x00000065287fc2b0 mode 0
Event: 232.013 Thread 0x000002412e2a0a00 Uncommon trap: trap_request=0xffffffde fr.pc=0x00000241183e61a8 relative=0x0000000000001388
Event: 232.013 Thread 0x000002412e2a0a00 Uncommon trap: reason=class_check action=maybe_recompile pc=0x00000241183e61a8 method=javafx.animation.Animation.doTimePulse(J)V @ 13 c2
Event: 232.013 Thread 0x000002412e2a0a00 DEOPT PACKING pc=0x00000241183e61a8 sp=0x00000065289fe6f0
Event: 232.013 Thread 0x000002412e2a0a00 DEOPT UNPACKING pc=0x0000024117cb3602 sp=0x00000065289fe230 mode 2
Event: 232.029 Thread 0x000002412e2a0a00 Uncommon trap: trap_request=0xffffffde fr.pc=0x00000241183e61a8 relative=0x0000000000001388
Event: 232.029 Thread 0x000002412e2a0a00 Uncommon trap: reason=class_check action=maybe_recompile pc=0x00000241183e61a8 method=javafx.animation.Animation.doTimePulse(J)V @ 13 c2
Event: 232.029 Thread 0x000002412e2a0a00 DEOPT PACKING pc=0x00000241183e61a8 sp=0x00000065289fe6f0
Event: 233.026 Thread 0x000002412e2a0a00 DEOPT UNPACKING pc=0x0000024117cb3602 sp=0x00000065289fe230 mode 2

Classes loaded (20 events):
Event: 9.155 Loading class java/lang/invoke/VarHandleBytes$FieldInstanceReadWrite
Event: 9.155 Loading class java/lang/invoke/VarHandleBytes$FieldInstanceReadOnly
Event: 9.155 Loading class java/lang/invoke/VarHandleBytes$FieldInstanceReadOnly done
Event: 9.155 Loading class java/lang/invoke/VarHandleBytes$FieldInstanceReadWrite done
Event: 9.160 Loading class java/util/concurrent/CompletableFuture$BiApply
Event: 9.160 Loading class java/util/concurrent/CompletableFuture$BiCompletion
Event: 9.160 Loading class java/util/concurrent/CompletableFuture$BiCompletion done
Event: 9.160 Loading class java/util/concurrent/CompletableFuture$BiApply done
Event: 9.161 Loading class java/util/LinkedList$DescendingIterator
Event: 9.161 Loading class java/util/LinkedList$DescendingIterator done
Event: 9.162 Loading class java/util/zip/GZIPInputStream$1
Event: 9.162 Loading class java/util/zip/GZIPInputStream$1 done
Event: 9.271 Loading class java/nio/file/TempFileHelper
Event: 9.271 Loading class java/nio/file/TempFileHelper done
Event: 9.272 Loading class sun/nio/fs/WindowsPath$1
Event: 9.272 Loading class sun/nio/fs/WindowsPath$1 done
Event: 9.272 Loading class sun/nio/fs/WindowsChannelFactory$2
Event: 9.272 Loading class sun/nio/fs/WindowsChannelFactory$2 done
Event: 9.357 Loading class java/lang/foreign/MemorySegment
Event: 9.358 Loading class java/lang/foreign/MemorySegment done

Classes unloaded (0 events):
No events

Classes redefined (0 events):
No events

Internal exceptions (20 events):
Event: 216.377 Thread 0x000002412e2a0a00 Exception <a 'java/io/IOException'{0x0000000689808e78}> (0x0000000689808e78) 
thrown [s\open\src\hotspot\share\prims\jni.cpp, line 516]
Event: 216.377 Thread 0x000002412e2a0a00 Exception <a 'java/io/IOException'{0x0000000689809498}> (0x0000000689809498) 
thrown [s\open\src\hotspot\share\prims\jni.cpp, line 516]
Event: 216.377 Thread 0x000002412e2a0a00 Exception <a 'java/io/IOException'{0x0000000689809ae8}> (0x0000000689809ae8) 
thrown [s\open\src\hotspot\share\prims\jni.cpp, line 516]
Event: 216.377 Thread 0x000002412e2a0a00 Exception <a 'java/io/IOException'{0x000000068980a108}> (0x000000068980a108) 
thrown [s\open\src\hotspot\share\prims\jni.cpp, line 516]
Event: 216.377 Thread 0x000002412e2a0a00 Exception <a 'java/io/IOException'{0x000000068980a710}> (0x000000068980a710) 
thrown [s\open\src\hotspot\share\prims\jni.cpp, line 516]
Event: 216.377 Thread 0x000002412e2a0a00 Exception <a 'java/io/IOException'{0x000000068980ad30}> (0x000000068980ad30) 
thrown [s\open\src\hotspot\share\prims\jni.cpp, line 516]
Event: 216.377 Thread 0x000002412e2a0a00 Exception <a 'java/io/IOException'{0x000000068980b338}> (0x000000068980b338) 
thrown [s\open\src\hotspot\share\prims\jni.cpp, line 516]
Event: 216.377 Thread 0x000002412e2a0a00 Exception <a 'java/io/IOException'{0x000000068980b958}> (0x000000068980b958) 
thrown [s\open\src\hotspot\share\prims\jni.cpp, line 516]
Event: 216.377 Thread 0x000002412e2a0a00 Exception <a 'java/io/IOException'{0x000000068980bf80}> (0x000000068980bf80) 
thrown [s\open\src\hotspot\share\prims\jni.cpp, line 516]
Event: 216.377 Thread 0x000002412e2a0a00 Exception <a 'java/io/IOException'{0x000000068980c5a0}> (0x000000068980c5a0) 
thrown [s\open\src\hotspot\share\prims\jni.cpp, line 516]
Event: 216.378 Thread 0x000002412e2a0a00 Exception <a 'java/io/IOException'{0x000000068980cbe8}> (0x000000068980cbe8) 
thrown [s\open\src\hotspot\share\prims\jni.cpp, line 516]
Event: 216.378 Thread 0x000002412e2a0a00 Exception <a 'java/io/IOException'{0x000000068980d208}> (0x000000068980d208) 
thrown [s\open\src\hotspot\share\prims\jni.cpp, line 516]
Event: 216.378 Thread 0x000002412e2a0a00 Exception <a 'java/io/IOException'{0x000000068980d830}> (0x000000068980d830) 
thrown [s\open\src\hotspot\share\prims\jni.cpp, line 516]
Event: 216.378 Thread 0x000002412e2a0a00 Exception <a 'java/io/IOException'{0x000000068980de50}> (0x000000068980de50) 
thrown [s\open\src\hotspot\share\prims\jni.cpp, line 516]
Event: 216.378 Thread 0x000002412e2a0a00 Exception <a 'java/io/IOException'{0x000000068980e428}> (0x000000068980e428) 
thrown [s\open\src\hotspot\share\prims\jni.cpp, line 516]
Event: 216.378 Thread 0x000002412e2a0a00 Exception <a 'java/io/IOException'{0x000000068980ea48}> (0x000000068980ea48) 
thrown [s\open\src\hotspot\share\prims\jni.cpp, line 516]
Event: 216.378 Thread 0x000002412e2a0a00 Exception <a 'java/io/IOException'{0x000000068980f058}> (0x000000068980f058) 
thrown [s\open\src\hotspot\share\prims\jni.cpp, line 516]
Event: 216.378 Thread 0x000002412e2a0a00 Exception <a 'java/io/IOException'{0x000000068980f678}> (0x000000068980f678) 
thrown [s\open\src\hotspot\share\prims\jni.cpp, line 516]
Event: 216.378 Thread 0x000002412e2a0a00 Exception <a 'java/io/IOException'{0x000000068980fbc8}> (0x000000068980fbc8) 
thrown [s\open\src\hotspot\share\prims\jni.cpp, line 516]
Event: 216.378 Thread 0x000002412e2a0a00 Exception <a 'java/io/IOException'{0x00000006898101e8}> (0x00000006898101e8) 
thrown [s\open\src\hotspot\share\prims\jni.cpp, line 516]

VM Operations (20 events):
Event: 9.324 Executing safepoint VM operation: G1CollectForAllocation (G1 Evacuation Pause)
Event: 9.335 Executing safepoint VM operation: G1CollectForAllocation (G1 Evacuation Pause) done
Event: 10.661 Executing safepoint VM operation: G1CollectForAllocation (G1 Evacuation Pause)
Event: 10.664 Executing safepoint VM operation: G1CollectForAllocation (G1 Evacuation Pause) done
Event: 11.686 Executing safepoint VM operation: G1TryInitiateConcMark (G1 Humongous Allocation)
Event: 11.687 Executing safepoint VM operation: G1TryInitiateConcMark (G1 Humongous Allocation) done
Event: 11.720 Executing safepoint VM operation: G1TryInitiateConcMark (G1 Humongous Allocation)
Event: 11.721 Executing safepoint VM operation: G1TryInitiateConcMark (G1 Humongous Allocation) done
Event: 60.077 Executing non-safepoint VM operation: HandshakeAllThreads (HandshakeForDeflation)
Event: 60.078 Executing non-safepoint VM operation: HandshakeAllThreads (HandshakeForDeflation) done
Event: 60.078 Executing non-safepoint VM operation: RendezvousGCThreads
Event: 60.078 Executing non-safepoint VM operation: RendezvousGCThreads done
Event: 120.132 Executing non-safepoint VM operation: HandshakeAllThreads (HandshakeForDeflation)
Event: 120.132 Executing non-safepoint VM operation: HandshakeAllThreads (HandshakeForDeflation) done
Event: 120.132 Executing non-safepoint VM operation: RendezvousGCThreads
Event: 120.132 Executing non-safepoint VM operation: RendezvousGCThreads done
Event: 180.236 Executing non-safepoint VM operation: HandshakeAllThreads (HandshakeForDeflation)
Event: 180.236 Executing non-safepoint VM operation: HandshakeAllThreads (HandshakeForDeflation) done
Event: 180.236 Executing non-safepoint VM operation: RendezvousGCThreads
Event: 180.236 Executing non-safepoint VM operation: RendezvousGCThreads done

Memory protections (0 events):
No events

Nmethod flushes (0 events):
No events

Events (20 events):
Event: 9.291 Thread 0x00000241e7ad91d0 Thread added: 0x0000024230339960
Event: 9.565 Thread 0x0000024135b0dc80 Thread exited: 0x0000024135b0dc80
Event: 10.584 Thread 0x0000024127440670 Thread added: 0x000002423ae02200
Event: 10.948 Thread 0x00000241e7a3a650 Thread added: 0x00000242303527d0
Event: 12.398 Thread 0x000002423ae02200 Thread exited: 0x000002423ae02200
Event: 19.278 Thread 0x000002423ceb0c50 Thread added: 0x000002423ceb0c50
Event: 19.279 Thread 0x000002423ceb0c50 Thread exited: 0x000002423ceb0c50
Event: 30.828 Thread 0x000002423ceaf4e0 Thread added: 0x000002423ceaf4e0
Event: 30.828 Thread 0x000002423ceaf4e0 Thread exited: 0x000002423ceaf4e0
Event: 71.052 Thread 0x00000241e7a3e4d0 Thread exited: 0x00000241e7a3e4d0
Event: 71.326 Thread 0x00000241e7a311e0 Thread exited: 0x00000241e7a311e0
Event: 71.326 Thread 0x00000241e7a34890 Thread exited: 0x00000241e7a34890
Event: 71.378 Thread 0x00000241e7a33120 Thread exited: 0x00000241e7a33120
Event: 71.775 Thread 0x00000241e7a3a650 Thread exited: 0x00000241e7a3a650
Event: 71.781 Thread 0x0000024230339960 Thread exited: 0x0000024230339960
Event: 71.781 Thread 0x00000241e7ada170 Thread exited: 0x00000241e7ada170
Event: 71.805 Thread 0x00000241e7a30a10 Thread exited: 0x00000241e7a30a10
Event: 71.836 Thread 0x00000241e7a38710 Thread exited: 0x00000241e7a38710
Event: 71.860 Thread 0x00000242303527d0 Thread exited: 0x00000242303527d0
Event: 71.883 Thread 0x00000241e7a36000 Thread exited: 0x00000241e7a36000


Dynamic libraries:
0x00007ff7ed950000 - 0x00007ff7ed95e000 	C:\Users\DELL\.jdks\openjdk-25.0.2\bin\java.exe
0x00007ffcffea0000 - 0x00007ffd00108000 	C:\WINDOWS\SYSTEM32\ntdll.dll
0x00007ffcbfa30000 - 0x00007ffcbfa50000 	C:\Program Files\Avast Software\Avast\aswhook.dll
0x00007ffcff180000 - 0x00007ffcff249000 	C:\WINDOWS\System32\KERNEL32.DLL
0x00007ffcfd5a0000 - 0x00007ffcfd991000 	C:\WINDOWS\System32\KERNELBASE.dll
0x00007ffcfd130000 - 0x00007ffcfd27b000 	C:\WINDOWS\System32\ucrtbase.dll
0x00007ffcebb00000 - 0x00007ffcebb17000 	C:\Users\DELL\.jdks\openjdk-25.0.2\bin\jli.dll
0x00007ffcea070000 - 0x00007ffcea08e000 	C:\Users\DELL\.jdks\openjdk-25.0.2\bin\VCRUNTIME140.dll
0x00007ffcff460000 - 0x00007ffcff626000 	C:\WINDOWS\System32\USER32.dll
0x00007ffcfd330000 - 0x00007ffcfd357000 	C:\WINDOWS\System32\win32u.dll
0x00007ffcfecc0000 - 0x00007ffcfeceb000 	C:\WINDOWS\System32\GDI32.dll
0x00007ffcd8b40000 - 0x00007ffcd8dd3000 	C:\WINDOWS\WinSxS\amd64_microsoft.windows.common-controls_6595b64144ccf1df_6.0.26100.7824_none_3e0870b2e3345462\COMCTL32.dll
0x00007ffcfd9a0000 - 0x00007ffcfdacb000 	C:\WINDOWS\System32\gdi32full.dll
0x00007ffcfd280000 - 0x00007ffcfd323000 	C:\WINDOWS\System32\msvcp_win.dll
0x00007ffcfec10000 - 0x00007ffcfecb9000 	C:\WINDOWS\System32\msvcrt.dll
0x00007ffcff140000 - 0x00007ffcff171000 	C:\WINDOWS\System32\IMM32.DLL
0x00007ffcf7690000 - 0x00007ffcf769c000 	C:\Users\DELL\.jdks\openjdk-25.0.2\bin\vcruntime140_1.dll
0x00007ffcd1d80000 - 0x00007ffcd1e0d000 	C:\Users\DELL\.jdks\openjdk-25.0.2\bin\msvcp140.dll
0x00007ffc41240000 - 0x00007ffc4209f000 	C:\Users\DELL\.jdks\openjdk-25.0.2\bin\server\jvm.dll
0x00007ffcfee90000 - 0x00007ffcfef44000 	C:\WINDOWS\System32\ADVAPI32.dll
0x00007ffcff6b0000 - 0x00007ffcff756000 	C:\WINDOWS\System32\sechost.dll
0x00007ffcfdc90000 - 0x00007ffcfdda8000 	C:\WINDOWS\System32\RPCRT4.dll
0x00007ffcff630000 - 0x00007ffcff6a4000 	C:\WINDOWS\System32\WS2_32.dll
0x00007ffcf9730000 - 0x00007ffcf9765000 	C:\WINDOWS\SYSTEM32\WINMM.dll
0x00007ffcfc5e0000 - 0x00007ffcfc63e000 	C:\WINDOWS\SYSTEM32\POWRPROF.dll
0x00007ffce97e0000 - 0x00007ffce97eb000 	C:\WINDOWS\SYSTEM32\VERSION.dll
0x00007ffcfc5c0000 - 0x00007ffcfc5d4000 	C:\WINDOWS\SYSTEM32\UMPDC.dll
0x00007ffcfb4e0000 - 0x00007ffcfb4fb000 	C:\WINDOWS\SYSTEM32\kernel.appcore.dll
0x00007ffcf7530000 - 0x00007ffcf753a000 	C:\Users\DELL\.jdks\openjdk-25.0.2\bin\jimage.dll
0x00007ffcfa600000 - 0x00007ffcfa842000 	C:\WINDOWS\SYSTEM32\DBGHELP.DLL
0x00007ffcfdde0000 - 0x00007ffcfe166000 	C:\WINDOWS\System32\combase.dll
0x00007ffcfe8d0000 - 0x00007ffcfe9a7000 	C:\WINDOWS\System32\OLEAUT32.dll
0x00007ffcea790000 - 0x00007ffcea7cb000 	C:\WINDOWS\SYSTEM32\dbgcore.DLL
0x00007ffcfcff0000 - 0x00007ffcfd095000 	C:\WINDOWS\System32\bcryptPrimitives.dll
0x00007ffcea010000 - 0x00007ffcea02f000 	C:\Users\DELL\.jdks\openjdk-25.0.2\bin\java.dll
0x00007ffcfea70000 - 0x00007ffcfec07000 	C:\WINDOWS\System32\ole32.dll
0x00007ffcfe170000 - 0x00007ffcfe8c2000 	C:\WINDOWS\System32\SHELL32.dll
0x00007ffcfdad0000 - 0x00007ffcfdc3a000 	C:\WINDOWS\System32\wintypes.dll
0x00007ffcfc780000 - 0x00007ffcfcfe3000 	C:\WINDOWS\System32\windows.storage.dll
0x00007ffcff250000 - 0x00007ffcff346000 	C:\WINDOWS\System32\SHCORE.dll
0x00007ffcff0d0000 - 0x00007ffcff137000 	C:\WINDOWS\System32\shlwapi.dll
0x00007ffcfc6a0000 - 0x00007ffcfc6c9000 	C:\WINDOWS\SYSTEM32\profapi.dll
0x00007ffce9c20000 - 0x00007ffce9c32000 	C:\Users\DELL\.jdks\openjdk-25.0.2\bin\net.dll
0x00007ffcfba30000 - 0x00007ffcfba9b000 	C:\WINDOWS\system32\mswsock.dll
0x00007ffce9c00000 - 0x00007ffce9c16000 	C:\Users\DELL\.jdks\openjdk-25.0.2\bin\nio.dll
0x00007ffcd1ea0000 - 0x00007ffcd1eb7000 	C:\Users\DELL\.jdks\openjdk-25.0.2\bin\zip.dll
0x0000024107cc0000 - 0x0000024107cc3000 	C:\Users\DELL\.openjfx\cache\21.0.2+5\amd64\api-ms-win-core-console-l1-1-0.dll
0x0000024107cd0000 - 0x0000024107cd3000 	C:\Users\DELL\.openjfx\cache\21.0.2+5\amd64\api-ms-win-core-console-l1-2-0.dll
0x0000024107ce0000 - 0x0000024107ce3000 	C:\Users\DELL\.openjfx\cache\21.0.2+5\amd64\api-ms-win-core-datetime-l1-1-0.dll
0x0000024107cf0000 - 0x0000024107cf3000 	C:\Users\DELL\.openjfx\cache\21.0.2+5\amd64\api-ms-win-core-debug-l1-1-0.dll
0x0000024107d00000 - 0x0000024107d03000 	C:\Users\DELL\.openjfx\cache\21.0.2+5\amd64\api-ms-win-core-errorhandling-l1-1-0.dll
0x0000024107d10000 - 0x0000024107d14000 	C:\Users\DELL\.openjfx\cache\21.0.2+5\amd64\api-ms-win-core-file-l1-1-0.dll
0x0000024107d20000 - 0x0000024107d23000 	C:\Users\DELL\.openjfx\cache\21.0.2+5\amd64\api-ms-win-core-file-l1-2-0.dll
0x0000024107d30000 - 0x0000024107d33000 	C:\Users\DELL\.openjfx\cache\21.0.2+5\amd64\api-ms-win-core-file-l2-1-0.dll
0x0000024107d40000 - 0x0000024107d43000 	C:\Users\DELL\.openjfx\cache\21.0.2+5\amd64\api-ms-win-core-handle-l1-1-0.dll
0x0000024107d50000 - 0x0000024107d53000 	C:\Users\DELL\.openjfx\cache\21.0.2+5\amd64\api-ms-win-core-heap-l1-1-0.dll
0x0000024107d60000 - 0x0000024107d63000 	C:\Users\DELL\.openjfx\cache\21.0.2+5\amd64\api-ms-win-core-interlocked-l1-1-0.dll
0x0000024107d70000 - 0x0000024107d73000 	C:\Users\DELL\.openjfx\cache\21.0.2+5\amd64\api-ms-win-core-libraryloader-l1-1-0.dll
0x0000024107d80000 - 0x0000024107d83000 	C:\Users\DELL\.openjfx\cache\21.0.2+5\amd64\api-ms-win-core-localization-l1-2-0.dll
0x0000024129ef0000 - 0x0000024129ef3000 	C:\Users\DELL\.openjfx\cache\21.0.2+5\amd64\api-ms-win-core-memory-l1-1-0.dll
0x0000024129f00000 - 0x0000024129f03000 	C:\Users\DELL\.openjfx\cache\21.0.2+5\amd64\api-ms-win-core-namedpipe-l1-1-0.dll
0x0000024129f10000 - 0x0000024129f13000 	C:\Users\DELL\.openjfx\cache\21.0.2+5\amd64\api-ms-win-core-processenvironment-l1-1-0.dll
0x0000024129f20000 - 0x0000024129f23000 	C:\Users\DELL\.openjfx\cache\21.0.2+5\amd64\api-ms-win-core-processthreads-l1-1-0.dll
0x0000024129f30000 - 0x0000024129f33000 	C:\Users\DELL\.openjfx\cache\21.0.2+5\amd64\api-ms-win-core-processthreads-l1-1-1.dll
0x0000024129f40000 - 0x0000024129f43000 	C:\Users\DELL\.openjfx\cache\21.0.2+5\amd64\api-ms-win-core-profile-l1-1-0.dll
0x0000024129f50000 - 0x0000024129f53000 	C:\Users\DELL\.openjfx\cache\21.0.2+5\amd64\api-ms-win-core-rtlsupport-l1-1-0.dll
0x0000024129f60000 - 0x0000024129f63000 	C:\Users\DELL\.openjfx\cache\21.0.2+5\amd64\api-ms-win-core-string-l1-1-0.dll
0x0000024129f70000 - 0x0000024129f73000 	C:\Users\DELL\.openjfx\cache\21.0.2+5\amd64\api-ms-win-core-synch-l1-1-0.dll
0x0000024129f80000 - 0x0000024129f83000 	C:\Users\DELL\.openjfx\cache\21.0.2+5\amd64\api-ms-win-core-synch-l1-2-0.dll
0x0000024129f90000 - 0x0000024129f93000 	C:\Users\DELL\.openjfx\cache\21.0.2+5\amd64\api-ms-win-core-sysinfo-l1-1-0.dll
0x0000024129fa0000 - 0x0000024129fa3000 	C:\Users\DELL\.openjfx\cache\21.0.2+5\amd64\api-ms-win-core-timezone-l1-1-0.dll
0x0000024129fb0000 - 0x0000024129fb3000 	C:\Users\DELL\.openjfx\cache\21.0.2+5\amd64\api-ms-win-core-util-l1-1-0.dll
0x0000024129fc0000 - 0x0000024129fc3000 	C:\Users\DELL\.openjfx\cache\21.0.2+5\amd64\api-ms-win-crt-conio-l1-1-0.dll
0x0000024129fd0000 - 0x0000024129fd4000 	C:\Users\DELL\.openjfx\cache\21.0.2+5\amd64\api-ms-win-crt-convert-l1-1-0.dll
0x0000024129fe0000 - 0x0000024129fe3000 	C:\Users\DELL\.openjfx\cache\21.0.2+5\amd64\api-ms-win-crt-environment-l1-1-0.dll
0x0000024129ff0000 - 0x0000024129ff3000 	C:\Users\DELL\.openjfx\cache\21.0.2+5\amd64\api-ms-win-crt-filesystem-l1-1-0.dll
0x000002412ed90000 - 0x000002412ed93000 	C:\Users\DELL\.openjfx\cache\21.0.2+5\amd64\api-ms-win-crt-heap-l1-1-0.dll
0x000002412eda0000 - 0x000002412eda3000 	C:\Users\DELL\.openjfx\cache\21.0.2+5\amd64\api-ms-win-crt-locale-l1-1-0.dll
0x000002412edb0000 - 0x000002412edb5000 	C:\Users\DELL\.openjfx\cache\21.0.2+5\amd64\api-ms-win-crt-math-l1-1-0.dll
0x000002412edc0000 - 0x000002412edc5000 	C:\Users\DELL\.openjfx\cache\21.0.2+5\amd64\api-ms-win-crt-multibyte-l1-1-0.dll
0x000002412edd0000 - 0x000002412ede0000 	C:\Users\DELL\.openjfx\cache\21.0.2+5\amd64\api-ms-win-crt-private-l1-1-0.dll
0x000002412ede0000 - 0x000002412ede3000 	C:\Users\DELL\.openjfx\cache\21.0.2+5\amd64\api-ms-win-crt-process-l1-1-0.dll
0x000002412edf0000 - 0x000002412edf4000 	C:\Users\DELL\.openjfx\cache\21.0.2+5\amd64\api-ms-win-crt-runtime-l1-1-0.dll
0x000002412ee00000 - 0x000002412ee04000 	C:\Users\DELL\.openjfx\cache\21.0.2+5\amd64\api-ms-win-crt-stdio-l1-1-0.dll
0x000002412ee10000 - 0x000002412ee14000 	C:\Users\DELL\.openjfx\cache\21.0.2+5\amd64\api-ms-win-crt-string-l1-1-0.dll
0x000002412ee20000 - 0x000002412ee23000 	C:\Users\DELL\.openjfx\cache\21.0.2+5\amd64\api-ms-win-crt-time-l1-1-0.dll
0x000002412ee30000 - 0x000002412ee33000 	C:\Users\DELL\.openjfx\cache\21.0.2+5\amd64\api-ms-win-crt-utility-l1-1-0.dll
0x00007ffca5190000 - 0x00007ffca528c000 	C:\Users\DELL\.openjfx\cache\21.0.2+5\amd64\ucrtbase.dll
0x00007ffcb7370000 - 0x00007ffcb738b000 	C:\Users\DELL\.openjfx\cache\21.0.2+5\amd64\vcruntime140.dll
0x00007ffcd1e80000 - 0x00007ffcd1e8c000 	C:\Users\DELL\.openjfx\cache\21.0.2+5\amd64\vcruntime140_1.dll
0x00007ffc7f540000 - 0x00007ffc7f5ce000 	C:\Users\DELL\.openjfx\cache\21.0.2+5\amd64\msvcp140.dll
0x00007ffcd1ac0000 - 0x00007ffcd1ac9000 	C:\Users\DELL\.openjfx\cache\21.0.2+5\amd64\msvcp140_1.dll
0x00007ffcafcf0000 - 0x00007ffcafd31000 	C:\Users\DELL\.openjfx\cache\21.0.2+5\amd64\msvcp140_2.dll
0x00007ffcb6f40000 - 0x00007ffcb6f70000 	C:\Users\DELL\.openjfx\cache\21.0.2+5\amd64\prism_d3d.dll
0x00007ffc82210000 - 0x00007ffc823c3000 	C:\WINDOWS\system32\d3d9.dll
0x00007ffcf9f90000 - 0x00007ffcf9fc1000 	C:\WINDOWS\SYSTEM32\dwmapi.dll
0x00007ffcf9fe0000 - 0x00007ffcfa024000 	C:\WINDOWS\SYSTEM32\dxcore.dll
0x00007ffcf9d20000 - 0x00007ffcf9dcb000 	C:\WINDOWS\system32\uxtheme.dll
0x00007ffcaa690000 - 0x00007ffcaa92f000 	C:\WINDOWS\System32\DriverStore\FileRepository\iigd_dch.inf_amd64_d71a22cbbfee3077\igdumdim64.dll
0x00007ffc2f580000 - 0x00007ffc3121a000 	C:\WINDOWS\System32\DriverStore\FileRepository\iigd_dch.inf_amd64_d71a22cbbfee3077\igd9trinity64.dll
0x00007ffcf9e30000 - 0x00007ffcf9f6c000 	C:\WINDOWS\system32\dxgi.dll
0x00007ffcf1280000 - 0x00007ffcf182b000 	C:\WINDOWS\System32\DriverStore\FileRepository\iigd_dch.inf_amd64_d71a22cbbfee3077\igdgmm64.dll
0x00007ffcebc70000 - 0x00007ffcf0f24000 	C:\WINDOWS\System32\DriverStore\FileRepository\iigd_dch.inf_amd64_d71a22cbbfee3077\igc64.dll
0x00007ffca3940000 - 0x00007ffca398e000 	C:\WINDOWS\SYSTEM32\ControlLib.dll
0x00007ffcfc2c0000 - 0x00007ffcfc317000 	C:\WINDOWS\SYSTEM32\CFGMGR32.dll
0x00007ffcb5380000 - 0x00007ffcb542f000 	C:\WINDOWS\System32\DriverStore\FileRepository\iigd_dch.inf_amd64_d71a22cbbfee3077\IntelControlLib.dll
0x00007ffcf8a70000 - 0x00007ffcf8cd2000 	C:\WINDOWS\SYSTEM32\d3d11.dll
0x00007ffcf64d0000 - 0x00007ffcf6533000 	C:\WINDOWS\SYSTEM32\directxdatabasehelper.dll
0x00007ffc3fad0000 - 0x00007ffc4123b000 	C:\WINDOWS\System32\DriverStore\FileRepository\iigd_dch.inf_amd64_d71a22cbbfee3077\igd9dxva64.dll
0x00007ffcff940000 - 0x00007ffcffdc9000 	C:\WINDOWS\System32\SETUPAPI.dll
0x00007ffce37b0000 - 0x00007ffce5883000 	C:\WINDOWS\System32\DriverStore\FileRepository\iigd_dch.inf_amd64_d71a22cbbfee3077\media_bin_64.dll
0x00007ffca6da0000 - 0x00007ffca6de2000 	C:\Users\DELL\.openjfx\cache\21.0.2+5\amd64\glass.dll
0x00007ffcfed70000 - 0x00007ffcfee5f000 	C:\WINDOWS\System32\COMDLG32.dll
0x00007ffcfef50000 - 0x00007ffcff0af000 	C:\WINDOWS\System32\MSCTF.dll
0x00007ffcabe20000 - 0x00007ffcabfc1000 	C:\WINDOWS\System32\DriverStore\FileRepository\iigd_dch.inf_amd64_d71a22cbbfee3077\igdml64.dll
0x00007ffce34c0000 - 0x00007ffce34e8000 	C:\WINDOWS\System32\DriverStore\FileRepository\iigd_dch.inf_amd64_d71a22cbbfee3077\igdinfo64.dll
0x0000024135e30000 - 0x0000024135e34000 	C:\Users\DELL\.javacpp\cache\javacpp-1.5.9-windows-x86_64.jar\org\bytedeco\javacpp\windows-x86_64\api-ms-win-crt-locale-l1-1-0.dll
0x0000024135e40000 - 0x0000024135e45000 	C:\Users\DELL\.javacpp\cache\javacpp-1.5.9-windows-x86_64.jar\org\bytedeco\javacpp\windows-x86_64\api-ms-win-crt-string-l1-1-0.dll
0x0000024135e50000 - 0x0000024135e55000 	C:\Users\DELL\.javacpp\cache\javacpp-1.5.9-windows-x86_64.jar\org\bytedeco\javacpp\windows-x86_64\api-ms-win-crt-stdio-l1-1-0.dll
0x0000024135e60000 - 0x0000024135e66000 	C:\Users\DELL\.javacpp\cache\javacpp-1.5.9-windows-x86_64.jar\org\bytedeco\javacpp\windows-x86_64\api-ms-win-crt-math-l1-1-0.dll
0x0000024135e70000 - 0x0000024135e74000 	C:\Users\DELL\.javacpp\cache\javacpp-1.5.9-windows-x86_64.jar\org\bytedeco\javacpp\windows-x86_64\api-ms-win-crt-heap-l1-1-0.dll
0x0000024135e80000 - 0x0000024135e85000 	C:\Users\DELL\.javacpp\cache\javacpp-1.5.9-windows-x86_64.jar\org\bytedeco\javacpp\windows-x86_64\api-ms-win-crt-runtime-l1-1-0.dll
0x0000024135e90000 - 0x0000024135e95000 	C:\Users\DELL\.javacpp\cache\javacpp-1.5.9-windows-x86_64.jar\org\bytedeco\javacpp\windows-x86_64\api-ms-win-crt-convert-l1-1-0.dll
0x0000024135ea0000 - 0x0000024135ea4000 	C:\Users\DELL\.javacpp\cache\javacpp-1.5.9-windows-x86_64.jar\org\bytedeco\javacpp\windows-x86_64\api-ms-win-crt-environment-l1-1-0.dll
0x0000024135eb0000 - 0x0000024135eb4000 	C:\Users\DELL\.javacpp\cache\javacpp-1.5.9-windows-x86_64.jar\org\bytedeco\javacpp\windows-x86_64\api-ms-win-crt-time-l1-1-0.dll
0x0000024135ec0000 - 0x0000024135ec4000 	C:\Users\DELL\.javacpp\cache\javacpp-1.5.9-windows-x86_64.jar\org\bytedeco\javacpp\windows-x86_64\api-ms-win-crt-filesystem-l1-1-0.dll
0x0000024135ed0000 - 0x0000024135ed4000 	C:\Users\DELL\.javacpp\cache\javacpp-1.5.9-windows-x86_64.jar\org\bytedeco\javacpp\windows-x86_64\api-ms-win-crt-utility-l1-1-0.dll
0x0000024135ee0000 - 0x0000024135ee6000 	C:\Users\DELL\.javacpp\cache\javacpp-1.5.9-windows-x86_64.jar\org\bytedeco\javacpp\windows-x86_64\api-ms-win-crt-multibyte-l1-1-0.dll

JVMTI agents: none

dbghelp: loaded successfully - version: 4.0.5 - missing functions: none
symbol engine: initialized successfully - sym options: 0x614 - pdb path: .;C:\Users\DELL\.jdks\openjdk-25.0.2\bin;C:\WINDOWS\SYSTEM32;C:\Program Files\Avast Software\Avast;C:\WINDOWS\WinSxS\amd64_microsoft.windows.common-controls_6595b64144ccf1df_6.0.26100.7824_none_3e0870b2e3345462;C:\Users\DELL\.jdks\openjdk-25.0.2\bin\server;C:\Users\DELL\.openjfx\cache\21.0.2+5\amd64;C:\WINDOWS\System32\DriverStore\FileRepository\iigd_dch.inf_amd64_d71a22cbbfee3077;C:\Users\DELL\.javacpp\cache\javacpp-1.5.9-windows-x86_64.jar\org\bytedeco\javacpp\windows-x86_64;C:\Users\DELL\.javacpp\cache\openblas-0.3.23-1.5.9-windows-x86_64.jar\org\bytedeco\openblas\windows-x86_64;C:\Users\DELL\.javacpp\cache\opencv-4.7.0-1.5.9-windows-x86_64.jar\org\bytedeco\opencv\windows-x86_64;C:\Program Files\Common Files\Microsoft Shared\Ink

VM Arguments:
jvm_args: --enable-native-access=ALL-UNNAMED --add-exports=javafx.graphics/com.sun.javafx.tk=ALL-UNNAMED --add-exports=javafx.graphics/com.sun.glass.ui=ALL-UNNAMED -Djava.library.path=C:\Users\DELL\IdeaProjects\PiDev\JDBC_workshop/lib:C:\Users\DELL\IdeaProjects\PiDev\JDBC_workshop\target/lib --module-path=C:\Users\DELL\.m2\repository\org\openjfx\javafx-base\21.0.2\javafx-base-21.0.2-win.jar;C:\Users\DELL\.m2\repository\org\openjfx\javafx-base\21.0.2\javafx-base-21.0.2.jar;C:\Users\DELL\.m2\repository\org\openjfx\javafx-controls\21.0.2\javafx-controls-21.0.2-win.jar;C:\Users\DELL\.m2\repository\org\openjfx\javafx-controls\21.0.2\javafx-controls-21.0.2.jar;C:\Users\DELL\.m2\repository\org\openjfx\javafx-fxml\21.0.2\javafx-fxml-21.0.2-win.jar;C:\Users\DELL\.m2\repository\org\openjfx\javafx-fxml\21.0.2\javafx-fxml-21.0.2.jar;C:\Users\DELL\.m2\repository\org\openjfx\javafx-graphics\21.0.2\javafx-graphics-21.0.2-win.jar;C:\Users\DELL\.m2\repository\org\openjfx\javafx-graphics\21.0.2\javafx-graphics-21.0.2.jar;C:\Users\DELL\.m2\repository\org\openjfx\javafx-media\21.0.2\javafx-media-21.0.2-win.jar;C:\Users\DELL\.m2\repository\org\openjfx\javafx-media\21.0.2\javafx-media-21.0.2.jar;C:\Users\DELL\.m2\repository\org\openjfx\javafx-swing\21.0.2\javafx-swing-21.0.2-win.jar;C:\Users\DELL\.m2\repository\org\openjfx\javafx-swing\21.0.2\javafx-swing-21.0.2.jar;C:\Users\DELL\.m2\repository\org\openjfx\javafx-web\21.0.2\javafx-web-21.0.2-win.jar;C:\Users\DELL\.m2\repository\org\openjfx\javafx-web\21.0.2\javafx-web-21.0.2.jar --add-modules=javafx.base,javafx.controls,javafx.fxml,javafx.graphics,javafx.media,javafx.swing,javafx.web 
java_command: test.MainFX
java_class_path (initial): C:\Users\DELL\IdeaProjects\PiDev\JDBC_workshop\target\classes;C:\Users\DELL\.m2\repository\co\elastic\clients\elasticsearch-java\8.12.0\elasticsearch-java-8.12.0.jar;C:\Users\DELL\.m2\repository\com\beust\jcommander\1.82\jcommander-1.82.jar;C:\Users\DELL\.m2\repository\com\fasterxml\jackson\core\jackson-annotations\2.15.2\jackson-annotations-2.15.2.jar;C:\Users\DELL\.m2\repository\com\fasterxml\jackson\core\jackson-core\2.15.2\jackson-core-2.15.2.jar;C:\Users\DELL\.m2\repository\com\fasterxml\jackson\core\jackson-databind\2.15.2\jackson-databind-2.15.2.jar;C:\Users\DELL\.m2\repository\com\github\jai-imageio\jai-imageio-core\1.4.0\jai-imageio-core-1.4.0.jar;C:\Users\DELL\.m2\repository\com\github\sarxos\webcam-capture\0.3.12\webcam-capture-0.3.12.jar;C:\Users\DELL\.m2\repository\com\google\code\findbugs\jsr305\3.0.2\jsr305-3.0.2.jar;C:\Users\DELL\.m2\repository\com\google\code\gson\gson\2.10.1\gson-2.10.1.jar;C:\Users\DELL\.m2\repository\com\google\protobuf\protobuf-java\3.21.9\protobuf-java-3.21.9.jar;C:\Users\DELL\.m2\repository\com\google\zxing\core\3.5.2\core-3.5.2.jar;C:\Users\DELL\.m2\repository\com\google\zxing\javase\3.5.2\javase-3.5.2.jar;C:\Users\DELL\.m2\repository\com\mysql\mysql-connector-j\8.0.33\mysql-connector-j-8.0.33.jar;C:\Users\DELL\.m2\repository\com\nativelibs4java\bridj\0.7.0\bridj-0.7.0.jar;C:\Users\DELL\.m2\repository\com\sun\mail\javax.mail\1.6.2\javax.mail-1.6.2.jar;C:\Users\DELL\.m2\repository\commons-codec\commons-codec\1.15\commons-codec-1.15.jar;C:\Users\DELL\.m2\repository\commons-logging\commons-logging\1.2\commons-logging-1.2.jar;C:\Users\DELL\.m2\repository\io\opentelemetry\opentelemetry-api\1.29.0\opentelemetry-api-1.29.0.jar;C:\Users\DELL\.m2\repository\io\opentelemetry\opentelemetry-context\1.29.0\opentelemetry-context-1.29.0.jar;C:\Users\DELL\.m2\repository\jakarta\json\jakarta.json-api\2.0.1\jakarta.json-api-2.0.1.jar;C:\Users\DELL\.m2\repository\javax\activation\activation\1.1\activation-1.1.jar;C:\Users\DELL\.m2\repository\org\apache\httpcomponents\httpasyncclient\4.1.5\httpasyncclient-4.1.5.jar;C:\Users\DELL\.m2\repository\org\apache\httpcomponents\httpclient\4.5.13\httpclient-4.5.13.jar;C:\Users\DELL\.m2\repository\org\apache\httpcomponents\httpcore\4.4.13\httpcore-4.4.13.jar;C:\Users\DELL\.m2\repository\org\apache\httpcomponents\httpcore-nio\4.4.13\httpcore-nio-4.4.13.jar;C:\Users\DELL\.m2\repository\org\bytedeco\artoolkitplus\2.3.1-1.5.9\artoolkitplus-2.3.1-1.5.9-android-arm.jar;C:\Users\DELL\.m2\repository\org\bytedeco\artoolkitplus\2.3.1-1.5.9\artoolkitplus-2.3.1-1.5.9-android-arm64.jar;C:\Users\DELL\.m2\repository\org\bytedeco\artoolkitplus\2.3.1-1.5.9\artoolkitplus-2.3.1-1.5.9-android-x86.jar;C:\Users\DELL\.m2\repository\org\bytedeco\artoolkitplus\2.3.1-1.5.9\artoolkitplus-2.3.1-1.5.9-android-x86_64.jar;C:\Users\DELL\.m2\repository\org\bytedeco\artoolkitplus\2.3.1-1.5.9\artoolkitplus-2.3.1-1.5.9-linux-arm64.jar;C:\Users\DELL\.m2\repository\org\bytedeco\artoolkitplus\2.3.1-1.5.9\artoolkitplus-2.3.1-1.5.9-linux-armhf.jar;C:\Users\DELL\.m2\repository\org\bytedeco\artoolkitplus\2.3.1-1.5.9\artoolkitplus-2.3.1-1.5.9-linux-ppc64le.jar;C:\Users\DELL\.m2\repository\org\bytedeco\artoolkitplus\2.3.1-1.5.9\artoolkitplus-2.3.1-1.5.9-linux-x86.jar;C:\Users\DELL\.m2\repository\org\bytedeco\artoolkitplus\2.3.1-1.5.9\artoolkitplus-2.3.1-1.5.9-linux-x86_64.jar;C:\Users\DELL\.m2\repository\org\bytedeco\artoolkitplus\2.3.1-1.5.9\artoolkitplus-2.3.1-1.5.9-macosx-x86_64.jar;C:\Users\DELL\.m2\repository\org\bytedeco\artoolkitplus\2.3.1-1.5.9\artoolkitplus-2.3.1-1.5.9-windows-x86.jar;C:\Users\DELL\.m2\repository\org\bytedeco\artoolkitplus\2.3.1-1.5.9\artoolkitplus-2.3.1-1.5.9-windows-x86_64.jar;C:\Users\DELL\.m2\repository\org\bytedeco\artoolkitplus\2.3.1-1.5.9\artoolkitplus-2.3.1-1.5.9.jar;C:\Users\DELL\.m2\repository\org\bytedeco\artoolkitplus-platform\2.3.1-1.5.9\artoolkitplus-platform-2.3.1-1.5.9.jar;C:\Users\DELL\.m2\repository\org\bytedeco\ffmpeg\6.0-1.5.9\ffmpeg-6.0-1.5.9-android-arm.jar;C:\Users\DELL\.m2\repository\org\bytedeco\ffmpeg\6.0-1.5.9\ffmpeg-6.0-1.5.9-android-arm64.jar;C:\Users\DELL\.m2\repository\org\bytedeco\ffmpeg\6.0-1.5.9\ffmpeg-6.0-1.5.9-android-x86.jar;C:\Users\DELL\.m2\repository\org\bytedeco\ffmpeg\6.0-1.5.9\ffmpeg-6.0-1.5.9-android-x86_64.jar;C:\Users\DELL\.m2\repository\org\bytedeco\ffmpeg\6.0-1.5.9\ffmpeg-6.0-1.5.9-linux-arm64.jar;C:\Users\DELL\.m2\repository\org\bytedeco\ffmpeg\6.0-1.5.9\ffmpeg-6.0-1.5.9-linux-armhf.jar;C:\Users\DELL\.m2\repository\org\bytedeco\ffmpeg\6.0-1.5.9\ffmpeg-6.0-1.5.9-linux-ppc64le.jar;C:\Users\DELL\.m2\repository\org\bytedeco\ffmpeg\6.0-1.5.9\ffmpeg-6.0-1.5.9-linux-x86.jar;C:\Users\DELL\.m2\repository\org\bytedeco\ffmpeg\6.0-1.5.9\ffmpeg-6.0-1.5.9-linux-x86_64.jar;C:\Users\DELL\.m2\repository\org\bytedeco\ffmpeg\6.0-1.5.9\ffmpeg-6.0-1.5.9-macosx-arm64.jar;C:\Users\DELL\.m2\repository\org\bytedeco\ffmpeg\6.0-1.5.9\ffmpeg-6.0-1.5.9-macosx-x86_64.jar;C:\Users\DELL\.m2\repository\org\bytedeco\ffmpeg\6.0-1.5.9\ffmpeg-6.0-1.5.9-windows-x86.jar;C:\Users\DELL\.m2\repository\org\bytedeco\ffmpeg\6.0-1.5.9\ffmpeg-6.0-1.5.9-windows-x86_64.jar;C:\Users\DELL\.m2\repository\org\bytedeco\ffmpeg\6.0-1.5.9\ffmpeg-6.0-1.5.9.jar;C:\Users\DELL\.m2\repository\org\bytedeco\ffmpeg-platform\6.0-1.5.9\ffmpeg-platform-6.0-1.5.9.jar;C:\Users\DELL\.m2\repository\org\bytedeco\flycapture\2.13.3.31-1.5.9\flycapture-2.13.3.31-1.5.9-linux-arm64.jar;C:\Users\DELL\.m2\repository\org\bytedeco\flycapture\2.13.3.31-1.5.9\flycapture-2.13.3.31-1.5.9-linux-armhf.jar;C:\Users\DELL\.m2\repository\org\bytedeco\flycapture\2.13.3.31-1.5.9\flycapture-2.13.3.31-1.5.9-linux-x86.jar;C:\Users\DELL\.m2\repository\org\bytedeco\flycapture\2.13.3.31-1.5.9\flycapture-2.13.3.31-1.5.9-linux-x86_64.jar;C:\Users\DELL\.m2\repository\org\bytedeco\flycapture\2.13.3.31-1.5.9\flycapture-2.13.3.31-1.5.9-windows-x86.jar;C:\Users\DELL\.m2\repository\org\bytedeco\flycapture\2.13.3.31-1.5.9\flycapture-2.13.3.31-1.5.9-windows-x86_64.jar;C:\Users\DELL\.m2\repository\org\bytedeco\flycapture\2.13.3.31-1.5.9\flycapture-2.13.3.31-1.5.9.jar;C:\Users\DELL\.m2\repository\org\bytedeco\flycapture-platform\2.13.3.31-1.5.9\flycapture-platform-2.13.3.31-1.5.9.jar;C:\Users\DELL\.m2\repository\org\bytedeco\javacpp\1.5.9\javacpp-1.5.9-android-arm.jar;C:\Users\DELL\.m2\repository\org\bytedeco\javacpp\1.5.9\javacpp-1.5.9-android-arm64.jar;C:\Users\DELL\.m2\repository\org\bytedeco\javacpp\1.5.9\javacpp-1.5.9-android-x86.jar;C:\Users\DELL\.m2\repository\org\bytedeco\javacpp\1.5.9\javacpp-1.5.9-android-x86_64.jar;C:\Users\DELL\.m2\repository\org\bytedeco\javacpp\1.5.9\javacpp-1.5.9-ios-arm64.jar;C:\Users\DELL\.m2\repository\org\bytedeco\javacpp\1.5.9\javacpp-1.5.9-ios-x86_64.jar;C:\Users\DELL\.m2\repository\org\bytedeco\javacpp\1.5.9\javacpp-1.5.9-linux-arm64.jar;C:\Users\DELL\.m2\repository\org\bytedeco\javacpp\1.5.9\javacpp-1.5.9-linux-armhf.jar;C:\Users\DELL\.m2\repository\org\bytedeco\javacpp\1.5.9\javacpp-1.5.9-linux-ppc64le.jar;C:\Users\DELL\.m2\repository\org\bytedeco\javacpp\1.5.9\javacpp-1.5.9-linux-x86.jar;C:\Users\DELL\.m2\repository\org\bytedeco\javacpp\1.5.9\javacpp-1.5.9-linux-x86_64.jar;C:\Users\DELL\.m2\repository\org\bytedeco\javacpp\1.5.9\javacpp-1.5.9-macosx-arm64.jar;C:\Users\DELL\.m2\repository\org\bytedeco\javacpp\1.5.9\javacpp-1.5.9-macosx-x86_64.jar;C:\Users\DELL\.m2\repository\org\bytedeco\javacpp\1.5.9\javacpp-1.5.9-windows-x86.jar;C:\Users\DELL\.m2\repository\org\bytedeco\javacpp\1.5.9\javacpp-1.5.9-windows-x86_64.jar;C:\Users\DELL\.m2\repository\org\bytedeco\javacpp\1.5.9\javacpp-1.5.9.jar;C:\Users\DELL\.m2\repository\org\bytedeco\javacpp-platform\1.5.9\javacpp-platform-1.5.9.jar;C:\Users\DELL\.m2\repository\org\bytedeco\javacv\1.5.9\javacv-1.5.9.jar;C:\Users\DELL\.m2\repository\org\bytedeco\javacv-platform\1.5.9\javacv-platform-1.5.9.jar;C:\Users\DELL\.m2\repository\org\bytedeco\leptonica\1.83.0-1.5.9\leptonica-1.83.0-1.5.9-android-arm.jar;C:\Users\DELL\.m2\repository\org\bytedeco\leptonica\1.83.0-1.5.9\leptonica-1.83.0-1.5.9-android-arm64.jar;C:\Users\DELL\.m2\repository\org\bytedeco\leptonica\1.83.0-1.5.9\leptonica-1.83.0-1.5.9-android-x86.jar;C:\Users\DELL\.m2\repository\org\bytedeco\leptonica\1.83.0-1.5.9\leptonica-1.83.0-1.5.9-android-x86_64.jar;C:\Users\DELL\.m2\repository\org\bytedeco\leptonica\1.83.0-1.5.9\leptonica-1.83.0-1.5.9-linux-arm64.jar;C:\Users\DELL\.m2\repository\org\bytedeco\leptonica\1.83.0-1.5.9\leptonica-1.83.0-1.5.9-linux-armhf.jar;C:\Users\DELL\.m2\repository\org\bytedeco\leptonica\1.83.0-1.5.9\leptonica-1.83.0-1.5.9-linux-ppc64le.jar;C:\Users\DELL\.m2\repository\org\bytedeco\leptonica\1.83.0-1.5.9\leptonica-1.83.0-1.5.9-linux-x86.jar;C:\Users\DELL\.m2\repository\org\bytedeco\leptonica\1.83.0-1.5.9\leptonica-1.83.0-1.5.9-linux-x86_64.jar;C:\Users\DELL\.m2\repository\org\bytedeco\leptonica\1.83.0-1.5.9\leptonica-1.83.0-1.5.9-macosx-arm64.jar;C:\Users\DELL\.m2\repository\org\bytedeco\leptonica\1.83.0-1.5.9\leptonica-1.83.0-1.5.9-macosx-x86_64.jar;C:\Users\DELL\.m2\repository\org\bytedeco\leptonica\1.83.0-1.5.9\leptonica-1.83.0-1.5.9-windows-x86.jar;C:\Users\DELL\.m2\repository\org\bytedeco\leptonica\1.83.0-1.5.9\leptonica-1.83.0-1.5.9-windows-x86_64.jar;C:\Users\DELL\.m2\repository\org\bytedeco\leptonica\1.83.0-1.5.9\leptonica-1.83.0-1.5.9.jar;C:\Users\DELL\.m2\repository\org\bytedeco\leptonica-platform\1.83.0-1.5.9\leptonica-platform-1.83.0-1.5.9.jar;C:\Users\DELL\.m2\repository\org\bytedeco\libdc1394\2.2.6-1.5.9\libdc1394-2.2.6-1.5.9-linux-arm64.jar;C:\Users\DELL\.m2\repository\org\bytedeco\libdc1394\2.2.6-1.5.9\libdc1394-2.2.6-1.5.9-linux-armhf.jar;C:\Users\DELL\.m2\repository\org\bytedeco\libdc1394\2.2.6-1.5.9\libdc1394-2.2.6-1.5.9-linux-ppc64le.jar;C:\Users\DELL\.m2\repository\org\bytedeco\libdc1394\2.2.6-1.5.9\libdc1394-2.2.6-1.5.9-linux-x86.jar;C:\Users\DELL\.m2\repository\org\bytedeco\libdc1394\2.2.6-1.5.9\libdc1394-2.2.6-1.5.9-linux-x86_64.jar;C:\Users\DELL\.m2\repository\org\bytedeco\libdc1394\2.2.6-1.5.9\libdc1394-2.2.6-1.5.9-macosx-x86_64.jar;C:\Users\DELL\.m2\repository\org\bytedeco\libdc1394\2.2.6-1.5.9\libdc1394-2.2.6-1.5.9-windows-x86.jar;C:\Users\DELL\.m2\repository\org\bytedeco\libdc1394\2.2.6-1.5.9\libdc1394-2.2.6-1.5.9-windows-x86_64.jar;C:\Users\DELL\.m2\repository\org\bytedeco\libdc1394\2.2.6-1.5.9\libdc1394-2.2.6-1.5.9.jar;C:\Users\DELL\.m2\repository\org\bytedeco\libdc1394-platform\2.2.6-1.5.9\libdc1394-platform-2.2.6-1.5.9.jar;C:\Users\DELL\.m2\repository\org\bytedeco\libfreenect\0.5.7-1.5.9\libfreenect-0.5.7-1.5.9-linux-arm64.jar;C:\Users\DELL\.m2\repository\org\bytedeco\libfreenect\0.5.7-1.5.9\libfreenect-0.5.7-1.5.9-linux-armhf.jar;C:\Users\DELL\.m2\repository\org\bytedeco\libfreenect\0.5.7-1.5.9\libfreenect-0.5.7-1.5.9-linux-ppc64le.jar;C:\Users\DELL\.m2\repository\org\bytedeco\libfreenect\0.5.7-1.5.9\libfreenect-0.5.7-1.5.9-linux-x86.jar;C:\Users\DELL\.m2\repository\org\bytedeco\libfreenect\0.5.7-1.5.9\libfreenect-0.5.7-1.5.9-linux-x86_64.jar;C:\Users\DELL\.m2\repository\org\bytedeco\libfreenect\0.5.7-1.5.9\libfreenect-0.5.7-1.5.9-macosx-x86_64.jar;C:\Users\DELL\.m2\repository\org\bytedeco\libfreenect\0.5.7-1.5.9\libfreenect-0.5.7-1.5.9-windows-x86.jar;C:\Users\DELL\.m2\repository\org\bytedeco\libfreenect\0.5.7-1.5.9\libfreenect-0.5.7-1.5.9-windows-x86_64.jar;C:\Users\DELL\.m2\repository\org\bytedeco\libfreenect\0.5.7-1.5.9\libfreenect-0.5.7-1.5.9.jar;C:\Users\DELL\.m2\repository\org\bytedeco\libfreenect-platform\0.5.7-1.5.9\libfreenect-platform-0.5.7-1.5.9.jar;C:\Users\DELL\.m2\repository\org\bytedeco\libfreenect2\0.2.0-1.5.9\libfreenect2-0.2.0-1.5.9-linux-x86.jar;C:\Users\DELL\.m2\repository\org\bytedeco\libfreenect2\0.2.0-1.5.9\libfreenect2-0.2.0-1.5.9-linux-x86_64.jar;C:\Users\DELL\.m2\repository\org\bytedeco\libfreenect2\0.2.0-1.5.9\libfreenect2-0.2.0-1.5.9-macosx-x86_64.jar;C:\Users\DELL\.m2\repository\org\bytedeco\libfreenect2\0.2.0-1.5.9\libfreenect2-0.2.0-1.5.9-windows-x86_64.jar;C:\Users\DELL\.m2\repository\org\bytedeco\libfreenect2\0.2.0-1.5.9\libfreenect2-0.2.0-1.5.9.jar;C:\Users\DELL\.m2\repository\org\bytedeco\libfreenect2-platform\0.2.0-1.5.9\libfreenect2-platform-0.2.0-1.5.9.jar;C:\Users\DELL\.m2\repository\org\bytedeco\librealsense\1.12.4-1.5.9\librealsense-1.12.4-1.5.9-linux-arm64.jar;C:\Users\DELL\.m2\repository\org\bytedeco\librealsense\1.12.4-1.5.9\librealsense-1.12.4-1.5.9-linux-armhf.jar;C:\Users\DELL\.m2\repository\org\bytedeco\librealsense\1.12.4-1.5.9\librealsense-1.12.4-1.5.9-linux-x86.jar;C:\Users\DELL\.m2\repository\org\bytedeco\librealsense\1.12.4-1.5.9\librealsense-1.12.4-1.5.9-linux-x86_64.jar;C:\Users\DELL\.m2\repository\org\bytedeco\librealsense\1.12.4-1.5.9\librealsense-1.12.4-1.5.9-macosx-x86_64.jar;C:\Users\DELL\.m2\repository\org\bytedeco\librealsense\1.12.4-1.5.9\librealsense-1.12.4-1.5.9-windows-x86.jar;C:\Users\DELL\.m2\repository\org\bytedeco\librealsense\1.12.4-1.5.9\librealsense-1.12.4-1.5.9-windows-x86_64.jar;C:\Users\DELL\.m2\repository\org\bytedeco\librealsense\1.12.4-1.5.9\librealsense-1.12.4-1.5.9.jar;C:\Users\DELL\.m2\repository\org\bytedeco\librealsense-platform\1.12.4-1.5.9\librealsense-platform-1.12.4-1.5.9.jar;C:\Users\DELL\.m2\repository\org\bytedeco\librealsense2\2.53.1-1.5.9\librealsense2-2.53.1-1.5.9-linux-arm64.jar;C:\Users\DELL\.m2\repository\org\bytedeco\librealsense2\2.53.1-1.5.9\librealsense2-2.53.1-1.5.9-linux-armhf.jar;C:\Users\DELL\.m2\repository\org\bytedeco\librealsense2\2.53.1-1.5.9\librealsense2-2.53.1-1.5.9-linux-x86.jar;C:\Users\DELL\.m2\repository\org\bytedeco\librealsense2\2.53.1-1.5.9\librealsense2-2.53.1-1.5.9-linux-x86_64.jar;C:\Users\DELL\.m2\repository\org\bytedeco\librealsense2\2.53.1-1.5.9\librealsense2-2.53.1-1.5.9-macosx-x86_64.jar;C:\Users\DELL\.m2\repository\org\bytedeco\librealsense2\2.53.1-1.5.9\librealsense2-2.53.1-1.5.9-windows-x86.jar;C:\Users\DELL\.m2\repository\org\bytedeco\librealsense2\2.53.1-1.5.9\librealsense2-2.53.1-1.5.9-windows-x86_64.jar;C:\Users\DELL\.m2\repository\org\bytedeco\librealsense2\2.53.1-1.5.9\librealsense2-2.53.1-1.5.9.jar;C:\Users\DELL\.m2\repository\org\bytedeco\librealsense2-platform\2.53.1-1.5.9\librealsense2-platform-2.53.1-1.5.9.jar;C:\Users\DELL\.m2\repository\org\bytedeco\openblas\0.3.23-1.5.9\openblas-0.3.23-1.5.9-android-arm.jar;C:\Users\DELL\.m2\repository\org\bytedeco\openblas\0.3.23-1.5.9\openblas-0.3.23-1.5.9-android-arm64.jar;C:\Users\DELL\.m2\repository\org\bytedeco\openblas\0.3.23-1.5.9\openblas-0.3.23-1.5.9-android-x86.jar;C:\Users\DELL\.m2\repository\org\bytedeco\openblas\0.3.23-1.5.9\openblas-0.3.23-1.5.9-android-x86_64.jar;C:\Users\DELL\.m2\repository\org\bytedeco\openblas\0.3.23-1.5.9\openblas-0.3.23-1.5.9-ios-arm64.jar;C:\Users\DELL\.m2\repository\org\bytedeco\openblas\0.3.23-1.5.9\openblas-0.3.23-1.5.9-ios-x86_64.jar;C:\Users\DELL\.m2\repository\org\bytedeco\openblas\0.3.23-1.5.9\openblas-0.3.23-1.5.9-linux-arm64.jar;C:\Users\DELL\.m2\repository\org\bytedeco\openblas\0.3.23-1.5.9\openblas-0.3.23-1.5.9-linux-armhf.jar;C:\Users\DELL\.m2\repository\org\bytedeco\openblas\0.3.23-1.5.9\openblas-0.3.23-1.5.9-linux-ppc64le.jar;C:\Users\DELL\.m2\repository\org\bytedeco\openblas\0.3.23-1.5.9\openblas-0.3.23-1.5.9-linux-x86.jar;C:\Users\DELL\.m2\repository\org\bytedeco\openblas\0.3.23-1.5.9\openblas-0.3.23-1.5.9-linux-x86_64.jar;C:\Users\DELL\.m2\repository\org\bytedeco\openblas\0.3.23-1.5.9\openblas-0.3.23-1.5.9-macosx-arm64.jar;C:\Users\DELL\.m2\repository\org\bytedeco\openblas\0.3.23-1.5.9\openblas-0.3.23-1.5.9-macosx-x86_64.jar;C:\Users\DELL\.m2\repository\org\bytedeco\openblas\0.3.23-1.5.9\openblas-0.3.23-1.5.9-windows-x86.jar;C:\Users\DELL\.m2\repository\org\bytedeco\openblas\0.3.23-1.5.9\openblas-0.3.23-1.5.9-windows-x86_64.jar;C:\Users\DELL\.m2\repository\org\bytedeco\openblas\0.3.23-1.5.9\openblas-0.3.23-1.5.9.jar;C:\Users\DELL\.m2\repository\org\bytedeco\openblas-platform\0.3.23-1.5.9\openblas-platform-0.3.23-1.5.9.jar;C:\Users\DELL\.m2\repository\org\bytedeco\opencv\4.7.0-1.5.9\opencv-4.7.0-1.5.9-android-arm.jar;C:\Users\DELL\.m2\repository\org\bytedeco\opencv\4.7.0-1.5.9\opencv-4.7.0-1.5.9-android-arm64.jar;C:\Users\DELL\.m2\repository\org\bytedeco\opencv\4.7.0-1.5.9\opencv-4.7.0-1.5.9-android-x86.jar;C:\Users\DELL\.m2\repository\org\bytedeco\opencv\4.7.0-1.5.9\opencv-4.7.0-1.5.9-android-x86_64.jar;C:\Users\DELL\.m2\repository\org\bytedeco\opencv\4.7.0-1.5.9\opencv-4.7.0-1.5.9-ios-arm64.jar;C:\Users\DELL\.m2\repository\org\bytedeco\opencv\4.7.0-1.5.9\opencv-4.7.0-1.5.9-ios-x86_64.jar;C:\Users\DELL\.m2\repository\org\bytedeco\opencv\4.7.0-1.5.9\opencv-4.7.0-1.5.9-linux-arm64.jar;C:\Users\DELL\.m2\repository\org\bytedeco\opencv\4.7.0-1.5.9\opencv-4.7.0-1.5.9-linux-armhf.jar;C:\Users\DELL\.m2\repository\org\bytedeco\opencv\4.7.0-1.5.9\opencv-4.7.0-1.5.9-linux-ppc64le.jar;C:\Users\DELL\.m2\repository\org\bytedeco\opencv\4.7.0-1.5.9\opencv-4.7.0-1.5.9-linux-x86.jar;C:\Users\DELL\.m2\repository\org\bytedeco\opencv\4.7.0-1.5.9\opencv-4.7.0-1.5.9-linux-x86_64.jar;C:\Users\DELL\.m2\repository\org\bytedeco\opencv\4.7.0-1.5.9\opencv-4.7.0-1.5.9-macosx-arm64.jar;C:\Users\DELL\.m2\repository\org\bytedeco\opencv\4.7.0-1.5.9\opencv-4.7.0-1.5.9-macosx-x86_64.jar;C:\Users\DELL\.m2\repository\org\bytedeco\opencv\4.7.0-1.5.9\opencv-4.7.0-1.5.9-windows-x86.jar;C:\Users\DELL\.m2\repository\org\bytedeco\opencv\4.7.0-1.5.9\opencv-4.7.0-1.5.9-windows-x86_64.jar;C:\Users\DELL\.m2\repository\org\bytedeco\opencv\4.7.0-1.5.9\opencv-4.7.0-1.5.9.jar;C:\Users\DELL\.m2\repository\org\bytedeco\opencv-platform\4.7.0-1.5.9\opencv-platform-4.7.0-1.5.9.jar;C:\Users\DELL\.m2\repository\org\bytedeco\tesseract\5.3.1-1.5.9\tesseract-5.3.1-1.5.9-android-arm.jar;C:\Users\DELL\.m2\repository\org\bytedeco\tesseract\5.3.1-1.5.9\tesseract-5.3.1-1.5.9-android-arm64.jar;C:\Users\DELL\.m2\repository\org\bytedeco\tesseract\5.3.1-1.5.9\tesseract-5.3.1-1.5.9-android-x86.jar;C:\Users\DELL\.m2\repository\org\bytedeco\tesseract\5.3.1-1.5.9\tesseract-5.3.1-1.5.9-android-x86_64.jar;C:\Users\DELL\.m2\repository\org\bytedeco\tesseract\5.3.1-1.5.9\tesseract-5.3.1-1.5.9-linux-arm64.jar;C:\Users\DELL\.m2\repository\org\bytedeco\tesseract\5.3.1-1.5.9\tesseract-5.3.1-1.5.9-linux-armhf.jar;C:\Users\DELL\.m2\repository\org\bytedeco\tesseract\5.3.1-1.5.9\tesseract-5.3.1-1.5.9-linux-ppc64le.jar;C:\Users\DELL\.m2\repository\org\bytedeco\tesseract\5.3.1-1.5.9\tesseract-5.3.1-1.5.9-linux-x86.jar;C:\Users\DELL\.m2\repository\org\bytedeco\tesseract\5.3.1-1.5.9\tesseract-5.3.1-1.5.9-linux-x86_64.jar;C:\Users\DELL\.m2\repository\org\bytedeco\tesseract\5.3.1-1.5.9\tesseract-5.3.1-1.5.9-macosx-arm64.jar;C:\Users\DELL\.m2\repository\org\bytedeco\tesseract\5.3.1-1.5.9\tesseract-5.3.1-1.5.9-macosx-x86_64.jar;C:\Users\DELL\.m2\repository\org\bytedeco\tesseract\5.3.1-1.5.9\tesseract-5.3.1-1.5.9-windows-x86.jar;C:\Users\DELL\.m2\repository\org\bytedeco\tesseract\5.3.1-1.5.9\tesseract-5.3.1-1.5.9-windows-x86_64.jar;C:\Users\DELL\.m2\repository\org\bytedeco\tesseract\5.3.1-1.5.9\tesseract-5.3.1-1.5.9.jar;C:\Users\DELL\.m2\repository\org\bytedeco\tesseract-platform\5.3.1-1.5.9\tesseract-platform-5.3.1-1.5.9.jar;C:\Users\DELL\.m2\repository\org\bytedeco\videoinput\0.200-1.5.9\videoinput-0.200-1.5.9-windows-x86.jar;C:\Users\DELL\.m2\repository\org\bytedeco\videoinput\0.200-1.5.9\videoinput-0.200-1.5.9-windows-x86_64.jar;C:\Users\DELL\.m2\repository\org\bytedeco\videoinput\0.200-1.5.9\videoinput-0.200-1.5.9.jar;C:\Users\DELL\.m2\repository\org\bytedeco\videoinput-platform\0.200-1.5.9\videoinput-platform-0.200-1.5.9.jar;C:\Users\DELL\.m2\repository\org\eclipse\parsson\parsson\1.0.0\parsson-1.0.0.jar;C:\Users\DELL\.m2\repository\org\elasticsearch\client\elasticsearch-rest-client\8.12.0\elasticsearch-rest-client-8.12.0.jar;C:\Users\DELL\.m2\repository\org\json\json\20231013\json-20231013.jar;C:\Users\DELL\.m2\repository\org\openpnp\opencv\4.7.0-0\opencv-4.7.0-0.jar;C:\Users\DELL\.m2\repository\org\slf4j\slf4j-api\1.7.2\slf4j-api-1.7.2.jar;C:\Users\DELL\.m2\repository\org\slf4j\slf4j-simple\2.0.9\slf4j-simple-2.0.9.jar
Launcher Type: SUN_STANDARD

[Global flags]
     intx CICompilerCount                          = 4                                         {product} {ergonomic}
     uint ConcGCThreads                            = 3                                         {product} {ergonomic}
     uint G1ConcRefinementThreads                  = 10                                        {product} {ergonomic}
   size_t G1HeapRegionSize                         = 4194304                                   {product} {ergonomic}
   size_t InitialHeapSize                          = 398458880                                 {product} {ergonomic}
   size_t MarkStackSize                            = 4194304                                   {product} {ergonomic}
   size_t MarkStackSizeMax                         = 536870912                                 {product} {ergonomic}
   size_t MaxHeapSize                              = 6362759168                                {product} {ergonomic}
   size_t MaxNewSize                               = 3816816640                                {product} {ergonomic}
   size_t MinHeapDeltaBytes                        = 4194304                                   {product} {ergonomic}
   size_t MinHeapSize                              = 8388608                                   {product} {ergonomic}
    uintx NonNMethodCodeHeapSize                   = 5832704                                {pd product} {ergonomic}
    uintx NonProfiledCodeHeapSize                  = 122945536                              {pd product} {ergonomic}
    uintx ProfiledCodeHeapSize                     = 122880000                              {pd product} {ergonomic}
    uintx ReservedCodeCacheSize                    = 251658240                              {pd product} {ergonomic}
     bool SegmentedCodeCache                       = true                                      {product} {ergonomic}
   size_t SoftMaxHeapSize                          = 6362759168                             {manageable} {ergonomic}
     bool UseCompressedOops                        = true                           {product lp64_product} {ergonomic}
     bool UseG1GC                                  = true                                      {product} {ergonomic}
     bool UseLargePagesIndividualAllocation        = false                                  {pd product} {ergonomic}

Logging:
Log output configuration:
 #0: stdout all=warning uptime,level,tags foldmultilines=false
 #1: stderr all=off uptime,level,tags foldmultilines=false

Release file:
IMPLEMENTOR="Oracle Corporation" 
JAVA_RUNTIME_VERSION="25.0.2+10-69" 
JAVA_VERSION="25.0.2" 
JAVA_VERSION_DATE="2026-01-20" 
LIBC="default" 
MODULES="java.base java.compiler java.datatransfer java.xml java.prefs java.desktop java.instrument java.logging java.management java.security.sasl java.naming java.rmi java.management.rmi java.net.http java.scripting java.security.jgss java.transaction.xa java.sql java.sql.rowset java.xml.crypto java.se java.smartcardio jdk.accessibility jdk.internal.jvmstat jdk.attach jdk.charsets jdk.internal.opt jdk.zipfs jdk.compiler jdk.crypto.cryptoki jdk.crypto.ec jdk.crypto.mscapi jdk.dynalink jdk.internal.ed jdk.editpad jdk.internal.vm.ci jdk.graal.compiler jdk.graal.compiler.management jdk.hotspot.agent jdk.httpserver jdk.incubator.vector jdk.internal.le jdk.internal.md jdk.jartool jdk.javadoc jdk.jcmd jdk.management jdk.management.agent jdk.jconsole jdk.jdeps jdk.jdwp.agent jdk.jdi jdk.jfr jdk.jlink jdk.jpackage jdk.jshell jdk.jsobject jdk.jstatd jdk.localedata jdk.management.jfr jdk.naming.dns jdk.naming.rmi jdk.net jdk.nio.mapmode jdk.sctp jdk.security.auth jdk.security.jgss jdk.unsupported jdk.unsupported.desktop jdk.xml.dom" 
OS_ARCH="x86_64" 
OS_NAME="Windows" 
SOURCE=".:git:405a5699ebd0" 

Environment Variables:
JAVA_HOME=C:\Users\DELL\.jdks\openjdk-25.0.2
PATH=C:\oraclexe\app\oracle\product\11.2.0\server\bin;;C:\Program Files (x86)\VMware\VMware Workstation\bin\;C:\Program Files\Common Files\Oracle\Java\javapath;C:\Program Files (x86)\Common Files\Oracle\Java\javapath;C:\WINDOWS\system32;C:\WINDOWS;C:\WINDOWS\System32\Wbem;C:\WINDOWS\System32\WindowsPowerShell\v1.0\;C:\WINDOWS\System32\OpenSSH\;C:\Program Files\Java\jdk-21\bin;C:\Program Files\MongoDB\Server\8.0\bin;C:\Program Files\Java\jdk-1.8\bin;C:\Program Files\Java\jdk-17\bin;C:\Users\DELL\Downloads\apache-maven-3.9.9-bin\apache-maven-3.9.9\bin;C:\Users\DELL\Downloads\PortableGit\bin;C:\Users\DELL\Downloads\PortableGit\cmd;C:\Program Files\nodejs\;C:\xampp\php;C:\ProgramData\ComposerSetup\bin;C:\symfony;C:\Program Files\dotnet\;C:\Users\DELL\AppData\Local\Microsoft\WindowsApps;C:\Users\DELL\AppData\Local\Programs\Microsoft VS Code\bin;C:\Users\DELL\AppData\Roaming\npm;C:\Users\DELL\AppData\Roaming\Composer\vendor\bin;C:\Program Files\JetBrains\IntelliJ IDEA 2025.2.1\bin
USERNAME=DELL
OS=Windows_NT
PROCESSOR_IDENTIFIER=Intel64 Family 6 Model 154 Stepping 4, GenuineIntel
TMP=C:\Users\DELL\AppData\Local\Temp
TEMP=C:\Users\DELL\AppData\Local\Temp




Compilation memory statistics disabled.

Periodic native trim disabled

---------------  S Y S T E M  ---------------

OS:
 Windows 11 , 64 bit Build 26100 (10.0.26100.7705)
OS uptime: 0 days 23:43 hours
Hyper-V role detected

CPU: total 12 (initial active 12) (6 cores per cpu, 2 threads per core) family 6 model 154 stepping 4 microcode 0x43b, cx8, cmov, fxsr, ht, mmx, 3dnowpref, sse, sse2, sse3, ssse3, sse4.1, sse4.2, popcnt, lzcnt, tsc, tscinvbit, avx, avx2, aes, erms, clmul, bmi1, bmi2, adx, sha, fma, vzeroupper, clflush, clflushopt, clwb, hv, serialize, rdtscp, rdpid, fsrm, gfni, f16c, cet_ibt, cet_ss
Processor Information for the first 12 processors :
  Max Mhz: 1300, Current Mhz: 1300, Mhz Limit: 1300

Memory: 4k page, system-wide physical 24260M (2019M free)
TotalPageFile size 85175M (AvailPageFile size 4M)
current process WorkingSet (physical memory assigned to process): 704M, peak: 741M
current process commit charge ("private bytes"): 3592M, peak: 3631M

vm_info: OpenJDK 64-Bit Server VM (25.0.2+10-69) for windows-amd64 JRE (25.0.2+10-69), built on 2025-12-18T11:36:35Z with MS VC++ 17.13 (VS2022)

END.
